Archive member included to satisfy reference by file (symbol)

D:/STM32Projects/EnginXBigarm/Middlewares/ST/ARM/DSP/Lib\libarm_cortexM4lf_math.a(arm_mat_trans_f32.o)
                              CMakeFiles/JUSTOS.elf.dir/justfw/lib/QuaternionEKF/QuaternionEKF.c.obj (arm_mat_trans_f32)
D:/STM32Projects/EnginXBigarm/Middlewares/ST/ARM/DSP/Lib\libarm_cortexM4lf_math.a(arm_mat_sub_f32.o)
                              CMakeFiles/JUSTOS.elf.dir/justfw/lib/QuaternionEKF/QuaternionEKF.c.obj (arm_mat_sub_f32)
D:/STM32Projects/EnginXBigarm/Middlewares/ST/ARM/DSP/Lib\libarm_cortexM4lf_math.a(arm_mat_mult_f32.o)
                              CMakeFiles/JUSTOS.elf.dir/justfw/lib/QuaternionEKF/QuaternionEKF.c.obj (arm_mat_mult_f32)
D:/STM32Projects/EnginXBigarm/Middlewares/ST/ARM/DSP/Lib\libarm_cortexM4lf_math.a(arm_mat_inverse_f32.o)
                              CMakeFiles/JUSTOS.elf.dir/justfw/lib/QuaternionEKF/QuaternionEKF.c.obj (arm_mat_inverse_f32)
D:/STM32Projects/EnginXBigarm/Middlewares/ST/ARM/DSP/Lib\libarm_cortexM4lf_math.a(arm_mat_init_f32.o)
                              CMakeFiles/JUSTOS.elf.dir/justfw/lib/QuaternionEKF/QuaternionEKF.c.obj (arm_mat_init_f32)
D:/STM32Projects/EnginXBigarm/Middlewares/ST/ARM/DSP/Lib\libarm_cortexM4lf_math.a(arm_mat_add_f32.o)
                              CMakeFiles/JUSTOS.elf.dir/justfw/lib/QuaternionEKF/QuaternionEKF.c.obj (arm_mat_add_f32)
C:/ST/STM32CubeCLT_1.18.0/GNU-tools-for-STM32/bin/../lib/gcc/arm-none-eabi/13.3.1/thumb/v7e-m+fp/hard\libgcc.a(_arm_muldf3.o)
                              CMakeFiles/JUSTOS.elf.dir/justfw/lib/easyflash/plugins/types/struct2json/src/cJSON.c.obj (__aeabi_dmul)
C:/ST/STM32CubeCLT_1.18.0/GNU-tools-for-STM32/bin/../lib/gcc/arm-none-eabi/13.3.1/thumb/v7e-m+fp/hard\libgcc.a(_arm_addsubdf3.o)
                              CMakeFiles/JUSTOS.elf.dir/justfw/lib/easyflash/plugins/types/struct2json/src/cJSON.c.obj (__aeabi_dsub)
C:/ST/STM32CubeCLT_1.18.0/GNU-tools-for-STM32/bin/../lib/gcc/arm-none-eabi/13.3.1/thumb/v7e-m+fp/hard\libgcc.a(_arm_muldivdf3.o)
                              CMakeFiles/JUSTOS.elf.dir/justfw/modules/BSP/BSP_DWT/bsp_dwt.c.obj (__aeabi_ddiv)
C:/ST/STM32CubeCLT_1.18.0/GNU-tools-for-STM32/bin/../lib/gcc/arm-none-eabi/13.3.1/thumb/v7e-m+fp/hard\libgcc.a(_arm_cmpdf2.o)
                              CMakeFiles/JUSTOS.elf.dir/justfw/lib/easyflash/plugins/types/struct2json/src/cJSON.c.obj (__aeabi_dcmpeq)
C:/ST/STM32CubeCLT_1.18.0/GNU-tools-for-STM32/bin/../lib/gcc/arm-none-eabi/13.3.1/thumb/v7e-m+fp/hard\libgcc.a(_arm_unorddf2.o)
                              CMakeFiles/JUSTOS.elf.dir/justfw/lib/easyflash/plugins/types/struct2json/src/cJSON.c.obj (__aeabi_dcmpun)
C:/ST/STM32CubeCLT_1.18.0/GNU-tools-for-STM32/bin/../lib/gcc/arm-none-eabi/13.3.1/thumb/v7e-m+fp/hard\libgcc.a(_arm_fixdfsi.o)
                              CMakeFiles/JUSTOS.elf.dir/justfw/lib/easyflash/plugins/types/struct2json/src/cJSON.c.obj (__aeabi_d2iz)
C:/ST/STM32CubeCLT_1.18.0/GNU-tools-for-STM32/bin/../lib/gcc/arm-none-eabi/13.3.1/thumb/v7e-m+fp/hard\libgcc.a(_arm_truncdfsf2.o)
                              CMakeFiles/JUSTOS.elf.dir/justfw/lib/easyflash/plugins/types/ef_types.c.obj (__aeabi_d2f)
C:/ST/STM32CubeCLT_1.18.0/GNU-tools-for-STM32/bin/../lib/gcc/arm-none-eabi/13.3.1/thumb/v7e-m+fp/hard\libgcc.a(_arm_addsubsf3.o)
                              CMakeFiles/JUSTOS.elf.dir/justfw/lib/userlib/user_lib.c.obj (__aeabi_ul2f)
C:/ST/STM32CubeCLT_1.18.0/GNU-tools-for-STM32/bin/../lib/gcc/arm-none-eabi/13.3.1/thumb/v7e-m+fp/hard\libgcc.a(_aeabi_uldivmod.o)
                              CMakeFiles/JUSTOS.elf.dir/Drivers/STM32F4xx_HAL_Driver/Src/stm32f4xx_hal_rcc.c.obj (__aeabi_uldivmod)
C:/ST/STM32CubeCLT_1.18.0/GNU-tools-for-STM32/bin/../lib/gcc/arm-none-eabi/13.3.1/thumb/v7e-m+fp/hard\libgcc.a(_udivmoddi4.o)
                              C:/ST/STM32CubeCLT_1.18.0/GNU-tools-for-STM32/bin/../lib/gcc/arm-none-eabi/13.3.1/thumb/v7e-m+fp/hard\libgcc.a(_aeabi_uldivmod.o) (__udivmoddi4)
C:/ST/STM32CubeCLT_1.18.0/GNU-tools-for-STM32/bin/../lib/gcc/arm-none-eabi/13.3.1/thumb/v7e-m+fp/hard\libgcc.a(_dvmd_tls.o)
                              C:/ST/STM32CubeCLT_1.18.0/GNU-tools-for-STM32/bin/../lib/gcc/arm-none-eabi/13.3.1/thumb/v7e-m+fp/hard\libgcc.a(_aeabi_uldivmod.o) (__aeabi_ldiv0)
C:/ST/STM32CubeCLT_1.18.0/GNU-tools-for-STM32/bin/../lib/gcc/arm-none-eabi/13.3.1/../../../../arm-none-eabi/lib/thumb/v7e-m+fp/hard\libc.a(libc_a-atof.o)
                              CMakeFiles/JUSTOS.elf.dir/justfw/lib/easyflash/plugins/types/ef_types.c.obj (atof)
C:/ST/STM32CubeCLT_1.18.0/GNU-tools-for-STM32/bin/../lib/gcc/arm-none-eabi/13.3.1/../../../../arm-none-eabi/lib/thumb/v7e-m+fp/hard\libc.a(libc_a-atoi.o)
                              CMakeFiles/JUSTOS.elf.dir/justfw/lib/easyflash/plugins/types/ef_types.c.obj (atoi)
C:/ST/STM32CubeCLT_1.18.0/GNU-tools-for-STM32/bin/../lib/gcc/arm-none-eabi/13.3.1/../../../../arm-none-eabi/lib/thumb/v7e-m+fp/hard\libc.a(libc_a-atol.o)
[...]
Memory Configuration

Name             Origin             Length             Attributes
RAM              0x20000000         0x00020000         xrw
FLASH            0x08000000         0x00040000         xr
*default*        0x00000000         0xffffffff

Linker script and memory map

LOAD C:/ST/STM32CubeCLT_1.18.0/GNU-tools-for-STM32/bin/../lib/gcc/arm-none-eabi/13.3.1/thumb/v7e-m+fp/hard/crti.o
LOAD C:/ST/STM32CubeCLT_1.18.0/GNU-tools-for-STM32/bin/../lib/gcc/arm-none-eabi/13.3.1/thumb/v7e-m+fp/hard/crtbegin.o
LOAD C:/ST/STM32CubeCLT_1.18.0/GNU-tools-for-STM32/bin/../lib/gcc/arm-none-eabi/13.3.1/../../../../arm-none-eabi/lib/thumb/v7e-m+fp/hard/crt0.o
LOAD CMakeFiles/JUSTOS.elf.dir/Core/Src/adc.c.obj
LOAD CMakeFiles/JUSTOS.elf.dir/Core/Src/can.c.obj
LOAD CMakeFiles/JUSTOS.elf.dir/Core/Src/crc.c.obj
LOAD CMakeFiles/JUSTOS.elf.dir/Core/Src/dma.c.obj
LOAD CMakeFiles/JUSTOS.elf.dir/Core/Src/freertos.c.obj
LOAD CMakeFiles/JUSTOS.elf.dir/Core/Src/gpio.c.obj
LOAD CMakeFiles/JUSTOS.elf.dir/Core/Src/i2c.c.obj
LOAD CMakeFiles/JUSTOS.elf.dir/Core/Src/main.c.obj
LOAD CMakeFiles/JUSTOS.elf.dir/Core/Src/spi.c.obj
LOAD CMakeFiles/JUSTOS.elf.dir/Core/Src/stm32f4xx_hal_msp.c.obj
LOAD CMakeFiles/JUSTOS.elf.dir/Core/Src/stm32f4xx_hal_timebase_tim.c.obj
LOAD CMakeFiles/JUSTOS.elf.dir/Core/Src/stm32f4xx_it.c.obj
LOAD CMakeFiles/JUSTOS.elf.dir/Core/Src/syscalls.c.obj
LOAD CMakeFiles/JUSTOS.elf.dir/Core/Src/sysmem.c.obj
LOAD CMakeFiles/JUSTOS.elf.dir/Core/Src/system_stm32f4xx.c.obj
LOAD CMakeFiles/JUSTOS.elf.dir/Core/Src/tim.c.obj
LOAD CMakeFiles/JUSTOS.elf.dir/Core/Src/usart.c.obj
LOAD CMakeFiles/JUSTOS.elf.dir/Core/Startup/startup_stm32f446rctx.s.obj
LOAD CMakeFiles/JUSTOS.elf.dir/Drivers/STM32F4xx_HAL_Driver/Src/stm32f4xx_hal.c.obj
LOAD CMakeFiles/JUSTOS.elf.dir/Drivers/STM32F4xx_HAL_Driver/Src/stm32f4xx_hal_adc.c.obj
LOAD CMakeFiles/JUSTOS.elf.dir/Drivers/STM32F4xx_HAL_Driver/Src/stm32f4xx_hal_adc_ex.c.obj
LOAD CMakeFiles/JUSTOS.elf.dir/Drivers/STM32F4xx_HAL_Driver/Src/stm32f4xx_hal_can.c.obj
LOAD CMakeFiles/JUSTOS.elf.dir/Drivers/STM32F4xx_HAL_Driver/Src/stm32f4xx_hal_cortex.c.obj
LOAD CMakeFiles/JUSTOS.elf.dir/Drivers/STM32F4xx_HAL_Driver/Src/stm32f4xx_hal_crc.c.obj
LOAD CMakeFiles/JUSTOS.elf.dir/Drivers/STM32F4xx_HAL_Driver/Src/stm32f4xx_hal_dma.c.obj
LOAD CMakeFiles/JUSTOS.elf.dir/Drivers/STM32F4xx_HAL_Driver/Src/stm32f4xx_hal_dma_ex.c.obj
LOAD CMakeFiles/JUSTOS.elf.dir/Drivers/STM32F4xx_HAL_Driver/Src/stm32f4xx_hal_exti.c.obj
LOAD CMakeFiles/JUSTOS.elf.dir/Drivers/STM32F4xx_HAL_Driver/Src/stm32f4xx_hal_flash.c.obj
LOAD CMakeFiles/JUSTOS.elf.dir/Drivers/STM32F4xx_HAL_Driver/Src/stm32f4xx_hal_flash_ex.c.obj
LOAD CMakeFiles/JUSTOS.elf.dir/Drivers/STM32F4xx_HAL_Driver/Src/stm32f4xx_hal_flash_ramfunc.c.obj
LOAD CMakeFiles/JUSTOS.elf.dir/Drivers/STM32F4xx_HAL_Driver/Src/stm32f4xx_hal_gpio.c.obj
LOAD CMakeFiles/JUSTOS.elf.dir/Drivers/STM32F4xx_HAL_Driver/Src/stm32f4xx_hal_i2c.c.obj
LOAD CMakeFiles/JUSTOS.elf.dir/Drivers/STM32F4xx_HAL_Driver/Src/stm32f4xx_hal_i2c_ex.c.obj
LOAD CMakeFiles/JUSTOS.elf.dir/Drivers/STM32F4xx_HAL_Driver/Src/stm32f4xx_hal_pcd.c.obj
LOAD CMakeFiles/JUSTOS.elf.dir/Drivers/STM32F4xx_HAL_Driver/Src/stm32f4xx_hal_pcd_ex.c.obj
LOAD CMakeFiles/JUSTOS.elf.dir/Drivers/STM32F4xx_HAL_Driver/Src/stm32f4xx_hal_pwr.c.obj
LOAD CMakeFiles/JUSTOS.elf.dir/Drivers/STM32F4xx_HAL_Driver/Src/stm32f4xx_hal_pwr_ex.c.obj
LOAD CMakeFiles/JUSTOS.elf.dir/Drivers/STM32F4xx_HAL_Driver/Src/stm32f4xx_hal_rcc.c.obj
LOAD CMakeFiles/JUSTOS.elf.dir/Drivers/STM32F4xx_HAL_Driver/Src/stm32f4xx_hal_rcc_ex.c.obj
LOAD CMakeFiles/JUSTOS.elf.dir/Drivers/STM32F4xx_HAL_Driver/Src/stm32f4xx_hal_spi.c.obj
LOAD CMakeFiles/JUSTOS.elf.dir/Drivers/STM32F4xx_HAL_Driver/Src/stm32f4xx_hal_tim.c.obj
LOAD CMakeFiles/JUSTOS.elf.dir/Drivers/STM32F4xx_HAL_Driver/Src/stm32f4xx_hal_tim_ex.c.obj
LOAD CMakeFiles/JUSTOS.elf.dir/Drivers/STM32F4xx_HAL_Driver/Src/stm32f4xx_hal_uart.c.obj
LOAD CMakeFiles/JUSTOS.elf.dir/Drivers/STM32F4xx_HAL_Driver/Src/stm32f4xx_ll_adc.c.obj
LOAD CMakeFiles/JUSTOS.elf.dir/Drivers/STM32F4xx_HAL_Driver/Src/stm32f4xx_ll_usb.c.obj
LOAD CMakeFiles/JUSTOS.elf.dir/Middlewares/ST/STM32_USB_Device_Library/Class/CDC/Src/usbd_cdc.c.obj
LOAD CMakeFiles/JUSTOS.elf.dir/Middlewares/ST/STM32_USB_Device_Library/Core/Src/usbd_core.c.obj
LOAD CMakeFiles/JUSTOS.elf.dir/Middlewares/ST/STM32_USB_Device_Library/Core/Src/usbd_ctlreq.c.obj
LOAD CMakeFiles/JUSTOS.elf.dir/Middlewares/ST/STM32_USB_Device_Library/Core/Src/usbd_ioreq.c.obj
LOAD CMakeFiles/JUSTOS.elf.dir/Middlewares/Third_Party/FreeRTOS/Source/CMSIS_RTOS/cmsis_os.c.obj
LOAD CMakeFiles/JUSTOS.elf.dir/Middlewares/Third_Party/FreeRTOS/Source/croutine.c.obj
LOAD CMakeFiles/JUSTOS.elf.dir/Middlewares/Third_Party/FreeRTOS/Source/event_groups.c.obj
LOAD CMakeFiles/JUSTOS.elf.dir/Middlewares/Third_Party/FreeRTOS/Source/list.c.obj
LOAD CMakeFiles/JUSTOS.elf.dir/Middlewares/Third_Party/FreeRTOS/Source/portable/GCC/ARM_CM4F/port.c.obj
LOAD CMakeFiles/JUSTOS.elf.dir/Middlewares/Third_Party/FreeRTOS/Source/portable/MemMang/heap_4.c.obj
LOAD CMakeFiles/JUSTOS.elf.dir/Middlewares/Third_Party/FreeRTOS/Source/queue.c.obj
LOAD CMakeFiles/JUSTOS.elf.dir/Middlewares/Third_Party/FreeRTOS/Source/stream_buffer.c.obj
LOAD CMakeFiles/JUSTOS.elf.dir/Middlewares/Third_Party/FreeRTOS/Source/tasks.c.obj
LOAD CMakeFiles/JUSTOS.elf.dir/Middlewares/Third_Party/FreeRTOS/Source/timers.c.obj
LOAD CMakeFiles/JUSTOS.elf.dir/USB_DEVICE/App/usb_device.c.obj
LOAD CMakeFiles/JUSTOS.elf.dir/USB_DEVICE/App/usbd_cdc_if.c.obj
LOAD CMakeFiles/JUSTOS.elf.dir/USB_DEVICE/App/usbd_desc.c.obj
LOAD CMakeFiles/JUSTOS.elf.dir/USB_DEVICE/Target/usbd_conf.c.obj
LOAD CMakeFiles/JUSTOS.elf.dir/justfw/lib/PID/PID.c.obj
LOAD CMakeFiles/JUSTOS.elf.dir/justfw/lib/PID/PID_classic.c.obj
LOAD CMakeFiles/JUSTOS.elf.dir/justfw/lib/QuaternionEKF/QuaternionEKF.c.obj
LOAD CMakeFiles/JUSTOS.elf.dir/justfw/lib/crc8_crc16/crc8_crc16.c.obj
LOAD CMakeFiles/JUSTOS.elf.dir/justfw/lib/easyflash/plugins/types/ef_types.c.obj
LOAD CMakeFiles/JUSTOS.elf.dir/justfw/lib/easyflash/plugins/types/struct2json/src/cJSON.c.obj
LOAD CMakeFiles/JUSTOS.elf.dir/justfw/lib/easyflash/plugins/types/struct2json/src/s2j.c.obj
LOAD CMakeFiles/JUSTOS.elf.dir/justfw/lib/easyflash/port/ef_port.c.obj
LOAD CMakeFiles/JUSTOS.elf.dir/justfw/lib/easyflash/src/easyflash.c.obj
LOAD CMakeFiles/JUSTOS.elf.dir/justfw/lib/easyflash/src/ef_env.c.obj
LOAD CMakeFiles/JUSTOS.elf.dir/justfw/lib/easyflash/src/ef_env_legacy.c.obj
LOAD CMakeFiles/JUSTOS.elf.dir/justfw/lib/easyflash/src/ef_env_legacy_wl.c.obj
LOAD CMakeFiles/JUSTOS.elf.dir/justfw/lib/easyflash/src/ef_iap.c.obj
LOAD CMakeFiles/JUSTOS.elf.dir/justfw/lib/easyflash/src/ef_log.c.obj
LOAD CMakeFiles/JUSTOS.elf.dir/justfw/lib/easyflash/src/ef_utils.c.obj
LOAD CMakeFiles/JUSTOS.elf.dir/justfw/lib/easylogger/plugins/file/elog_file.c.obj
LOAD CMakeFiles/JUSTOS.elf.dir/justfw/lib/easylogger/plugins/file/elog_file_port.c.obj
LOAD CMakeFiles/JUSTOS.elf.dir/justfw/lib/easylogger/plugins/flash/elog_flash.c.obj
LOAD CMakeFiles/JUSTOS.elf.dir/justfw/lib/easylogger/plugins/flash/elog_flash_port.c.obj
LOAD CMakeFiles/JUSTOS.elf.dir/justfw/lib/easylogger/port/elog_port.c.obj
LOAD CMakeFiles/JUSTOS.elf.dir/justfw/lib/easylogger/src/elog.c.obj
LOAD CMakeFiles/JUSTOS.elf.dir/justfw/lib/easylogger/src/elog_async.c.obj
LOAD CMakeFiles/JUSTOS.elf.dir/justfw/lib/easylogger/src/elog_buf.c.obj
LOAD CMakeFiles/JUSTOS.elf.dir/justfw/lib/easylogger/src/elog_utils.c.obj
LOAD CMakeFiles/JUSTOS.elf.dir/justfw/lib/fifo/fifo.c.obj
LOAD CMakeFiles/JUSTOS.elf.dir/justfw/lib/kalman/kalman.c.obj
LOAD CMakeFiles/JUSTOS.elf.dir/justfw/lib/kalman_filter/kalman_filter.c.obj
LOAD CMakeFiles/JUSTOS.elf.dir/justfw/lib/userlib/EF_com/EF_com.c.obj
LOAD CMakeFiles/JUSTOS.elf.dir/justfw/lib/userlib/user_lib.c.obj
LOAD CMakeFiles/JUSTOS.elf.dir/justfw/modules/BSP/BSP_CAN/BSP_CAN.c.obj
LOAD CMakeFiles/JUSTOS.elf.dir/justfw/modules/BSP/BSP_DWT/bsp_dwt.c.obj
LOAD CMakeFiles/JUSTOS.elf.dir/justfw/modules/BSP/BSP_IT/BSP_IT.c.obj
LOAD CMakeFiles/JUSTOS.elf.dir/justfw/modules/BSP/BSP_LED/BSP_LCD.c.obj
LOAD CMakeFiles/JUSTOS.elf.dir/justfw/modules/BSP/BSP_UART/BSP_UART.c.obj
LOAD CMakeFiles/JUSTOS.elf.dir/justfw/modules/BSP/BSP_USB/BSP_USB.c.obj
LOAD CMakeFiles/JUSTOS.elf.dir/justfw/modules/BSP/BSP_button.h/BSP_button.c.obj
LOAD CMakeFiles/JUSTOS.elf.dir/justfw/modules/BSP/BSP_buzzer/BSP_buzzer.c.obj
LOAD CMakeFiles/JUSTOS.elf.dir/justfw/modules/BSP/BSP_delay/bsp_delay.c.obj
LOAD CMakeFiles/JUSTOS.elf.dir/justfw/modules/BSP/BSP_flash/BSP_W25Qx.c.obj
LOAD CMakeFiles/JUSTOS.elf.dir/justfw/modules/DR16/DR16.c.obj
LOAD CMakeFiles/JUSTOS.elf.dir/justfw/modules/NRF24L01/NRF24L01.c.obj
LOAD CMakeFiles/JUSTOS.elf.dir/justfw/modules/chassis/leg/leg.c.obj
LOAD CMakeFiles/JUSTOS.elf.dir/justfw/modules/chassis/mecanumwheel_chassis/mecanumwheel_chassis.c.obj
LOAD CMakeFiles/JUSTOS.elf.dir/justfw/modules/chassis/omniwheel_chassis/omniwheel_chassis.c.obj
LOAD CMakeFiles/JUSTOS.elf.dir/justfw/modules/core/daemon/daemon.c.obj
LOAD CMakeFiles/JUSTOS.elf.dir/justfw/modules/core/tinybus/tinybus.c.obj
LOAD CMakeFiles/JUSTOS.elf.dir/justfw/modules/debug/LOG/LOG.c.obj
LOAD CMakeFiles/JUSTOS.elf.dir/justfw/modules/debug/freeRTOS_debug/FreertosDebug.c.obj
LOAD CMakeFiles/JUSTOS.elf.dir/justfw/modules/gimbal/gimbal.c.obj
LOAD CMakeFiles/JUSTOS.elf.dir/justfw/modules/launcher/launcher.c.obj
LOAD CMakeFiles/JUSTOS.elf.dir/justfw/modules/logic/drat/drat_logic.c.obj
LOAD CMakeFiles/JUSTOS.elf.dir/justfw/modules/logic/engineer_chassis/enginchas_logic.c.obj
LOAD CMakeFiles/JUSTOS.elf.dir/justfw/modules/logic/engineer_chassis/enginchas_wheel.c.obj
LOAD CMakeFiles/JUSTOS.elf.dir/justfw/modules/logic/hero/hero_logic.c.obj
LOAD CMakeFiles/JUSTOS.elf.dir/justfw/modules/logic/infantry/infantry_logic.c.obj
LOAD CMakeFiles/JUSTOS.elf.dir/justfw/modules/modules.c.obj
LOAD CMakeFiles/JUSTOS.elf.dir/justfw/modules/motors/DM_J8006/dm_j8006.c.obj
LOAD CMakeFiles/JUSTOS.elf.dir/justfw/modules/motors/DMmotors/dm_motor.c.obj
LOAD CMakeFiles/JUSTOS.elf.dir/justfw/modules/motors/GMmotors/C610.c.obj
LOAD CMakeFiles/JUSTOS.elf.dir/justfw/modules/motors/GMmotors/C620.c.obj
LOAD CMakeFiles/JUSTOS.elf.dir/justfw/modules/motors/GMmotors/GM6020.c.obj
LOAD CMakeFiles/JUSTOS.elf.dir/justfw/modules/motors/GMmotors/GMmotors.c.obj
LOAD CMakeFiles/JUSTOS.elf.dir/justfw/modules/motors/MF9025/MF9025.c.obj
LOAD CMakeFiles/JUSTOS.elf.dir/justfw/modules/motors/MG4005/MG4005.c.obj
LOAD CMakeFiles/JUSTOS.elf.dir/justfw/modules/motors/cybergear/cybergear.c.obj
LOAD CMakeFiles/JUSTOS.elf.dir/justfw/modules/motors/steadywin/SteadyWin_MIT.c.obj
LOAD CMakeFiles/JUSTOS.elf.dir/justfw/modules/motors/stepper_motor/stepper_motor.c.obj
LOAD CMakeFiles/JUSTOS.elf.dir/justfw/modules/referee/referee.c.obj
LOAD CMakeFiles/JUSTOS.elf.dir/justfw/modules/shooter/shooter.c.obj
LOAD CMakeFiles/JUSTOS.elf.dir/justfw/modules/super_cap/pm01/pm01.c.obj
LOAD CMakeFiles/JUSTOS.elf.dir/justfw/modules/super_cap/unknown/unknown_super_cap.c.obj
LOAD CMakeFiles/JUSTOS.elf.dir/justfw/modules/test/test.c.obj
LOAD CMakeFiles/JUSTOS.elf.dir/justfw/modules/vision/navigation_com/navigation_com.c.obj
LOAD CMakeFiles/JUSTOS.elf.dir/justfw/modules/vision/vision_com/vision_com.c.obj
LOAD CMakeFiles/JUSTOS.elf.dir/justfw/modules/yue_study/sp/engin_arm/Engin_arm.c.obj
LOAD CMakeFiles/JUSTOS.elf.dir/justfw/modules/yue_study/sp/engin_arm/sp_logic-t.c.obj
LOAD CMakeFiles/JUSTOS.elf.dir/justfw/modules/yue_study/sp/engin_arm/sp_logic01.c.obj
LOAD CMakeFiles/JUSTOS.elf.dir/justfw/modules/yue_study/sp/engin_arm/sp_logic_ju.c.obj
LOAD CMakeFiles/JUSTOS.elf.dir/justfw/modules/yue_study/sp/engin_arm/special_foot.c.obj
LOAD D:/STM32Projects/EnginXBigarm/Middlewares/ST/ARM/DSP/Lib\libarm_cortexM4lf_math.a
START GROUP
LOAD C:/ST/STM32CubeCLT_1.18.0/GNU-tools-for-STM32/bin/../lib/gcc/arm-none-eabi/13.3.1/thumb/v7e-m+fp/hard\libgcc.a
LOAD C:/ST/STM32CubeCLT_1.18.0/GNU-tools-for-STM32/bin/../lib/gcc/arm-none-eabi/13.3.1/../../../../arm-none-eabi/lib/thumb/v7e-m+fp/hard\libc.a
END GROUP
LOAD C:/ST/STM32CubeCLT_1.18.0/GNU-tools-for-STM32/bin/../lib/gcc/arm-none-eabi/13.3.1/thumb/v7e-m+fp/hard/crtend.o
LOAD C:/ST/STM32CubeCLT_1.18.0/GNU-tools-for-STM32/bin/../lib/gcc/arm-none-eabi/13.3.1/thumb/v7e-m+fp/hard/crtn.o
                0x20020000                        _estack = (ORIGIN (RAM) + LENGTH (RAM))
                0x00000200                        _Min_Heap_Size = 0x200
                0x00000400                        _Min_Stack_Size = 0x400

.isr_vector     0x08000000      0x1c4
                0x08000000                        . = ALIGN (0x4)
 *(.isr_vector)
 .isr_vector    0x08000000      0x1c4 CMakeFiles/JUSTOS.elf.dir/Core/Startup/startup_stm32f446rctx.s.obj
                0x08000000                g_pfnVectors
                0x080001c4                        . = ALIGN (0x4)

.text           0x080001d0    0x125f0
                0x080001d0                        . = ALIGN (0x4)
 *(.text)
 .text          0x080001d0       0x40 C:/ST/STM32CubeCLT_1.18.0/GNU-tools-for-STM32/bin/../lib/gcc/arm-none-eabi/13.3.1/thumb/v7e-m+fp/hard/crtbegin.o
 .text          0x08000210      0x378 C:/ST/STM32CubeCLT_1.18.0/GNU-tools-for-STM32/bin/../lib/gcc/arm-none-eabi/13.3.1/thumb/v7e-m+fp/hard\libgcc.a(_arm_addsubdf3.o)
                0x08000210                __aeabi_drsub
                0x08000218                __aeabi_dsub
                0x08000218                __subdf3
                0x0800021c                __aeabi_dadd
                0x0800021c                __adddf3
                0x08000494                __floatunsidf
                0x08000494                __aeabi_ui2d
                0x080004b4                __floatsidf
                0x080004b4                __aeabi_i2d
                0x080004d8                __aeabi_f2d
                0x080004d8                __extendsfdf2
                0x0800051c                __floatundidf
                0x0800051c                __aeabi_ul2d
                0x0800052c                __floatdidf
                0x0800052c                __aeabi_l2d
 .text          0x08000588      0x424 C:/ST/STM32CubeCLT_1.18.0/GNU-tools-for-STM32/bin/../lib/gcc/arm-none-eabi/13.3.1/thumb/v7e-m+fp/hard\libgcc.a(_arm_muldivdf3.o)
                0x08000588                __aeabi_dmul
                0x08000588                __muldf3
                0x080007dc                __divdf3
                0x080007dc                __aeabi_ddiv
 .text          0x080009ac      0x110 C:/ST/STM32CubeCLT_1.18.0/GNU-tools-for-STM32/bin/../lib/gcc/arm-none-eabi/13.3.1/thumb/v7e-m+fp/hard\libgcc.a(_arm_cmpdf2.o)
                0x080009ac                __gtdf2
                0x080009ac                __gedf2
                0x080009b4                __ltdf2
                0x080009b4                __ledf2
                0x080009bc                __nedf2
                0x080009bc                __eqdf2
                0x080009bc                __cmpdf2
                0x08000a38                __aeabi_cdrcmple
                0x08000a48                __aeabi_cdcmpeq
                0x08000a48                __aeabi_cdcmple
                0x08000a58                __aeabi_dcmpeq
                0x08000a6c                __aeabi_dcmplt
                0x08000a80                __aeabi_dcmple
                0x08000a94                __aeabi_dcmpge
                0x08000aa8                __aeabi_dcmpgt
 .text          0x08000abc       0x2c C:/ST/STM32CubeCLT_1.18.0/GNU-tools-for-STM32/bin/../lib/gcc/arm-none-eabi/13.3.1/thumb/v7e-m+fp/hard\libgcc.a(_arm_unorddf2.o)
                0x08000abc                __unorddf2
                0x08000abc                __aeabi_dcmpun
 .text          0x08000ae8       0x50 C:/ST/STM32CubeCLT_1.18.0/GNU-tools-for-STM32/bin/../lib/gcc/arm-none-eabi/13.3.1/thumb/v7e-m+fp/hard\libgcc.a(_arm_fixdfsi.o)
                0x08000ae8                __aeabi_d2iz
                0x08000ae8                __fixdfsi
 .text          0x08000b38       0xa0 C:/ST/STM32CubeCLT_1.18.0/GNU-tools-for-STM32/bin/../lib/gcc/arm-none-eabi/13.3.1/thumb/v7e-m+fp/hard\libgcc.a(_arm_truncdfsf2.o)
                0x08000b38                __truncdfsf2
                0x08000b38                __aeabi_d2f
 .text          0x08000bd8      0x21c C:/ST/STM32CubeCLT_1.18.0/GNU-tools-for-STM32/bin/../lib/gcc/arm-none-eabi/13.3.1/thumb/v7e-m+fp/hard\libgcc.a(_arm_addsubsf3.o)
                0x08000bd8                __aeabi_frsub
                0x08000be0                __subsf3
                0x08000be0                __aeabi_fsub
                0x08000be4                __aeabi_fadd
                0x08000be4                __addsf3
                0x08000d44                __aeabi_ui2f
                0x08000d44                __floatunsisf
                0x08000d4c                __aeabi_i2f
                0x08000d4c                __floatsisf
                0x08000d68                __aeabi_ul2f
                0x08000d68                __floatundisf
                0x08000d78                __aeabi_l2f
                0x08000d78                __floatdisf
 .text          0x08000df4       0x30 C:/ST/STM32CubeCLT_1.18.0/GNU-tools-for-STM32/bin/../lib/gcc/arm-none-eabi/13.3.1/thumb/v7e-m+fp/hard\libgcc.a(_aeabi_uldivmod.o)
                0x08000df4                __aeabi_uldivmod
 .text          0x08000e24      0x2f8 C:/ST/STM32CubeCLT_1.18.0/GNU-tools-for-STM32/bin/../lib/gcc/arm-none-eabi/13.3.1/thumb/v7e-m+fp/hard\libgcc.a(_udivmoddi4.o)
                0x08000e24                __udivmoddi4
 .text          0x0800111c        0x4 C:/ST/STM32CubeCLT_1.18.0/GNU-tools-for-STM32/bin/../lib/gcc/arm-none-eabi/13.3.1/thumb/v7e-m+fp/hard\libgcc.a(_dvmd_tls.o)
                0x0800111c                __aeabi_idiv0
                0x0800111c                __aeabi_ldiv0
 .text          0x08001120       0x14 C:/ST/STM32CubeCLT_1.18.0/GNU-tools-for-STM32/bin/../lib/gcc/arm-none-eabi/13.3.1/../../../../arm-none-eabi/lib/thumb/v7e-m+fp/hard\libc.a(libc_a-strcmp.o)
                0x08001120                strcmp
 *fill*         0x08001134        0xc 
 .text          0x08001140       0xa0 C:/ST/STM32CubeCLT_1.18.0/GNU-tools-for-STM32/bin/../lib/gcc/arm-none-eabi/13.3.1/../../../../arm-none-eabi/lib/thumb/v7e-m+fp/hard\libc.a(libc_a-memchr.o)
                0x08001140                memchr
 .text          0x080011e0       0x10 C:/ST/STM32CubeCLT_1.18.0/GNU-tools-for-STM32/bin/../lib/gcc/arm-none-eabi/13.3.1/../../../../arm-none-eabi/lib/thumb/v7e-m+fp/hard\libc.a(libc_a-strlen.o)
                0x080011e0                strlen
 *(.text*)
 .text.MX_ADC1_Init
                0x080011f0       0x6c CMakeFiles/JUSTOS.elf.dir/Core/Src/adc.c.obj
                0x080011f0                MX_ADC1_Init
 .text.HAL_ADC_MspInit
                0x0800125c       0x68 CMakeFiles/JUSTOS.elf.dir/Core/Src/adc.c.obj
                0x0800125c                HAL_ADC_MspInit
 .text.MX_CAN1_Init
                0x080012c4       0x44 CMakeFiles/JUSTOS.elf.dir/Core/Src/can.c.obj
                0x080012c4                MX_CAN1_Init
 .text.MX_CAN2_Init
                0x08001308       0x44 CMakeFiles/JUSTOS.elf.dir/Core/Src/can.c.obj
                0x08001308                MX_CAN2_Init
 .text.HAL_CAN_MspInit
                0x0800134c      0x124 CMakeFiles/JUSTOS.elf.dir/Core/Src/can.c.obj
                0x0800134c                HAL_CAN_MspInit
 .text.MX_CRC_Init
                0x08001470       0x20 CMakeFiles/JUSTOS.elf.dir/Core/Src/crc.c.obj
                0x08001470                MX_CRC_Init
 .text.HAL_CRC_MspInit
                0x08001490       0x30 CMakeFiles/JUSTOS.elf.dir/Core/Src/crc.c.obj
                0x08001490                HAL_CRC_MspInit
 .text.MX_DMA_Init
                0x080014c0       0x68 CMakeFiles/JUSTOS.elf.dir/Core/Src/dma.c.obj
                0x080014c0                MX_DMA_Init
 .text.StartDefaultTask
                0x08001528        0xe CMakeFiles/JUSTOS.elf.dir/Core/Src/freertos.c.obj
                0x08001528                StartDefaultTask
 *fill*         0x08001536        0x2 
 .text.vApplicationGetIdleTaskMemory
                0x08001538       0x18 CMakeFiles/JUSTOS.elf.dir/Core/Src/freertos.c.obj
                0x08001538                vApplicationGetIdleTaskMemory
 .text.MX_FREERTOS_Init
                0x08001550       0x30 CMakeFiles/JUSTOS.elf.dir/Core/Src/freertos.c.obj
                0x08001550                MX_FREERTOS_Init
 .text.MX_GPIO_Init
                0x08001580      0x134 CMakeFiles/JUSTOS.elf.dir/Core/Src/gpio.c.obj
                0x08001580                MX_GPIO_Init
 .text.MX_I2C1_Init
                0x080016b4       0x3c CMakeFiles/JUSTOS.elf.dir/Core/Src/i2c.c.obj
                0x080016b4                MX_I2C1_Init
 .text.HAL_I2C_MspInit
                0x080016f0       0x70 CMakeFiles/JUSTOS.elf.dir/Core/Src/i2c.c.obj
                0x080016f0                HAL_I2C_MspInit
 .text.HAL_TIM_PeriodElapsedCallback
                0x08001760       0x18 CMakeFiles/JUSTOS.elf.dir/Core/Src/main.c.obj
                0x08001760                HAL_TIM_PeriodElapsedCallback
 .text.Error_Handler
                0x08001778        0x4 CMakeFiles/JUSTOS.elf.dir/Core/Src/main.c.obj
                0x08001778                Error_Handler
 .text.SystemClock_Config
                0x0800177c       0xa8 CMakeFiles/JUSTOS.elf.dir/Core/Src/main.c.obj
                0x0800177c                SystemClock_Config
 .text.main     0x08001824       0x4c CMakeFiles/JUSTOS.elf.dir/Core/Src/main.c.obj
                0x08001824                main
 .text.MX_SPI1_Init
                0x08001870       0x44 CMakeFiles/JUSTOS.elf.dir/Core/Src/spi.c.obj
                0x08001870                MX_SPI1_Init
 .text.MX_SPI2_Init
                0x080018b4       0x40 CMakeFiles/JUSTOS.elf.dir/Core/Src/spi.c.obj
                0x080018b4                MX_SPI2_Init
 .text.HAL_SPI_MspInit
                0x080018f4       0xc8 CMakeFiles/JUSTOS.elf.dir/Core/Src/spi.c.obj
                0x080018f4                HAL_SPI_MspInit
 .text.HAL_MspInit
                0x080019bc       0x44 CMakeFiles/JUSTOS.elf.dir/Core/Src/stm32f4xx_hal_msp.c.obj
                0x080019bc                HAL_MspInit
 .text.HAL_InitTick
                0x08001a00       0xa4 CMakeFiles/JUSTOS.elf.dir/Core/Src/stm32f4xx_hal_timebase_tim.c.obj
                0x08001a00                HAL_InitTick
 .text.NMI_Handler
                0x08001aa4        0x2 CMakeFiles/JUSTOS.elf.dir/Core/Src/stm32f4xx_it.c.obj
                0x08001aa4                NMI_Handler
 .text.HardFault_Handler
                0x08001aa6        0x2 CMakeFiles/JUSTOS.elf.dir/Core/Src/stm32f4xx_it.c.obj
                0x08001aa6                HardFault_Handler
 .text.MemManage_Handler
                0x08001aa8        0x2 CMakeFiles/JUSTOS.elf.dir/Core/Src/stm32f4xx_it.c.obj
                0x08001aa8                MemManage_Handler
 .text.BusFault_Handler
                0x08001aaa        0x2 CMakeFiles/JUSTOS.elf.dir/Core/Src/stm32f4xx_it.c.obj
                0x08001aaa                BusFault_Handler
 .text.UsageFault_Handler
                0x08001aac        0x2 CMakeFiles/JUSTOS.elf.dir/Core/Src/stm32f4xx_it.c.obj
                0x08001aac                UsageFault_Handler
 .text.DebugMon_Handler
                0x08001aae        0x2 CMakeFiles/JUSTOS.elf.dir/Core/Src/stm32f4xx_it.c.obj
                0x08001aae                DebugMon_Handler
 .text.DMA1_Stream0_IRQHandler
                0x08001ab0       0x10 CMakeFiles/JUSTOS.elf.dir/Core/Src/stm32f4xx_it.c.obj
                0x08001ab0                DMA1_Stream0_IRQHandler
 .text.DMA1_Stream5_IRQHandler
                0x08001ac0       0x10 CMakeFiles/JUSTOS.elf.dir/Core/Src/stm32f4xx_it.c.obj
                0x08001ac0                DMA1_Stream5_IRQHandler
 .text.CAN1_RX0_IRQHandler
                0x08001ad0       0x10 CMakeFiles/JUSTOS.elf.dir/Core/Src/stm32f4xx_it.c.obj
                0x08001ad0                CAN1_RX0_IRQHandler
 .text.TIM4_IRQHandler
                0x08001ae0       0x10 CMakeFiles/JUSTOS.elf.dir/Core/Src/stm32f4xx_it.c.obj
                0x08001ae0                TIM4_IRQHandler
 .text.USART1_IRQHandler
                0x08001af0       0x10 CMakeFiles/JUSTOS.elf.dir/Core/Src/stm32f4xx_it.c.obj
                0x08001af0                USART1_IRQHandler
 .text.UART5_IRQHandler
                0x08001b00       0x10 CMakeFiles/JUSTOS.elf.dir/Core/Src/stm32f4xx_it.c.obj
                0x08001b00                UART5_IRQHandler
 .text.DMA2_Stream2_IRQHandler
                0x08001b10       0x10 CMakeFiles/JUSTOS.elf.dir/Core/Src/stm32f4xx_it.c.obj
                0x08001b10                DMA2_Stream2_IRQHandler
 .text.CAN2_RX0_IRQHandler
                0x08001b20       0x10 CMakeFiles/JUSTOS.elf.dir/Core/Src/stm32f4xx_it.c.obj
                0x08001b20                CAN2_RX0_IRQHandler
 .text.OTG_FS_IRQHandler
                0x08001b30       0x10 CMakeFiles/JUSTOS.elf.dir/Core/Src/stm32f4xx_it.c.obj
                0x08001b30                OTG_FS_IRQHandler
 .text._getpid  0x08001b40        0x4 CMakeFiles/JUSTOS.elf.dir/Core/Src/syscalls.c.obj
                0x08001b40                _getpid
 .text._kill    0x08001b44       0x10 CMakeFiles/JUSTOS.elf.dir/Core/Src/syscalls.c.obj
                0x08001b44                _kill
 .text._exit    0x08001b54        0xc CMakeFiles/JUSTOS.elf.dir/Core/Src/syscalls.c.obj
                0x08001b54                _exit
 .text._read    0x08001b60       0x20 CMakeFiles/JUSTOS.elf.dir/Core/Src/syscalls.c.obj
                0x08001b60                _read
 .text._write   0x08001b80       0x1c CMakeFiles/JUSTOS.elf.dir/Core/Src/syscalls.c.obj
                0x08001b80                _write
 .text._close   0x08001b9c        0x6 CMakeFiles/JUSTOS.elf.dir/Core/Src/syscalls.c.obj
                0x08001b9c                _close
 .text._fstat   0x08001ba2        0xa CMakeFiles/JUSTOS.elf.dir/Core/Src/syscalls.c.obj
                0x08001ba2                _fstat
 .text._isatty  0x08001bac        0x4 CMakeFiles/JUSTOS.elf.dir/Core/Src/syscalls.c.obj
                0x08001bac                _isatty
 .text._lseek   0x08001bb0        0x4 CMakeFiles/JUSTOS.elf.dir/Core/Src/syscalls.c.obj
                0x08001bb0                _lseek
 .text._sbrk    0x08001bb4       0x48 CMakeFiles/JUSTOS.elf.dir/Core/Src/sysmem.c.obj
                0x08001bb4                _sbrk
 .text.SystemInit
                0x08001bfc       0x14 CMakeFiles/JUSTOS.elf.dir/Core/Src/system_stm32f4xx.c.obj
                0x08001bfc                SystemInit
 .text.MX_TIM8_Init
                0x08001c10       0x70 CMakeFiles/JUSTOS.elf.dir/Core/Src/tim.c.obj
                0x08001c10                MX_TIM8_Init
 .text.HAL_TIM_Base_MspInit
                0x08001c80       0x30 CMakeFiles/JUSTOS.elf.dir/Core/Src/tim.c.obj
                0x08001c80                HAL_TIM_Base_MspInit
 .text.MX_UART5_Init
                0x08001cb0       0x34 CMakeFiles/JUSTOS.elf.dir/Core/Src/usart.c.obj
                0x08001cb0                MX_UART5_Init
 .text.MX_USART1_UART_Init
                0x08001ce4       0x34 CMakeFiles/JUSTOS.elf.dir/Core/Src/usart.c.obj
                0x08001ce4                MX_USART1_UART_Init
 .text.MX_USART2_UART_Init
                0x08001d18       0x34 CMakeFiles/JUSTOS.elf.dir/Core/Src/usart.c.obj
                0x08001d18                MX_USART2_UART_Init
 .text.HAL_UART_MspInit
                0x08001d4c      0x220 CMakeFiles/JUSTOS.elf.dir/Core/Src/usart.c.obj
                0x08001d4c                HAL_UART_MspInit
 .text.Reset_Handler
                0x08001f6c       0x50 CMakeFiles/JUSTOS.elf.dir/Core/Startup/startup_stm32f446rctx.s.obj
                0x08001f6c                Reset_Handler
 .text.Default_Handler
                0x08001fbc        0x2 CMakeFiles/JUSTOS.elf.dir/Core/Startup/startup_stm32f446rctx.s.obj
                0x08001fbc                RTC_Alarm_IRQHandler
                0x08001fbc                EXTI2_IRQHandler
                0x08001fbc                TIM8_CC_IRQHandler
                0x08001fbc                FMPI2C1_EV_IRQHandler
                0x08001fbc                SPI4_IRQHandler
                0x08001fbc                TIM1_CC_IRQHandler
                0x08001fbc                DMA2_Stream5_IRQHandler
                0x08001fbc                PVD_IRQHandler
                0x08001fbc                SDIO_IRQHandler
                0x08001fbc                TAMP_STAMP_IRQHandler
                0x08001fbc                CAN2_RX1_IRQHandler
                0x08001fbc                EXTI3_IRQHandler
                0x08001fbc                TIM8_TRG_COM_TIM14_IRQHandler
                0x08001fbc                TIM1_UP_TIM10_IRQHandler
                0x08001fbc                TIM8_UP_TIM13_IRQHandler
                0x08001fbc                I2C3_ER_IRQHandler
                0x08001fbc                EXTI0_IRQHandler
                0x08001fbc                I2C2_EV_IRQHandler
                0x08001fbc                DMA1_Stream2_IRQHandler
                0x08001fbc                FPU_IRQHandler
                0x08001fbc                OTG_HS_WKUP_IRQHandler
                0x08001fbc                CAN2_SCE_IRQHandler
                0x08001fbc                SPI1_IRQHandler
                0x08001fbc                TIM6_DAC_IRQHandler
                0x08001fbc                TIM1_BRK_TIM9_IRQHandler
                0x08001fbc                DCMI_IRQHandler
                0x08001fbc                DMA2_Stream3_IRQHandler
                0x08001fbc                SAI2_IRQHandler
                0x08001fbc                USART6_IRQHandler
                0x08001fbc                USART3_IRQHandler
                0x08001fbc                CAN1_RX1_IRQHandler
                0x08001fbc                DMA2_Stream0_IRQHandler
                0x08001fbc                QUADSPI_IRQHandler
                0x08001fbc                I2C1_EV_IRQHandler
                0x08001fbc                DMA1_Stream6_IRQHandler
                0x08001fbc                DMA1_Stream1_IRQHandler
                0x08001fbc                UART4_IRQHandler
                0x08001fbc                TIM3_IRQHandler
                0x08001fbc                RCC_IRQHandler
                0x08001fbc                TIM8_BRK_TIM12_IRQHandler
                0x08001fbc                Default_Handler
                0x08001fbc                CEC_IRQHandler
                0x08001fbc                EXTI15_10_IRQHandler
                0x08001fbc                ADC_IRQHandler
                0x08001fbc                DMA1_Stream7_IRQHandler
                0x08001fbc                TIM7_IRQHandler
                0x08001fbc                CAN2_TX_IRQHandler
                0x08001fbc                TIM5_IRQHandler
                0x08001fbc                DMA2_Stream7_IRQHandler
                0x08001fbc                I2C3_EV_IRQHandler
                0x08001fbc                EXTI9_5_IRQHandler
                0x08001fbc                RTC_WKUP_IRQHandler
                0x08001fbc                SPDIF_RX_IRQHandler
                0x08001fbc                SPI2_IRQHandler
                0x08001fbc                OTG_HS_EP1_IN_IRQHandler
                0x08001fbc                CAN1_TX_IRQHandler
                0x08001fbc                FMPI2C1_ER_IRQHandler
                0x08001fbc                EXTI4_IRQHandler
                0x08001fbc                OTG_HS_EP1_OUT_IRQHandler
                0x08001fbc                WWDG_IRQHandler
                0x08001fbc                TIM2_IRQHandler
                0x08001fbc                OTG_FS_WKUP_IRQHandler
                0x08001fbc                TIM1_TRG_COM_TIM11_IRQHandler
                0x08001fbc                OTG_HS_IRQHandler
                0x08001fbc                EXTI1_IRQHandler
                0x08001fbc                USART2_IRQHandler
                0x08001fbc                I2C2_ER_IRQHandler
                0x08001fbc                DMA2_Stream1_IRQHandler
                0x08001fbc                CAN1_SCE_IRQHandler
                0x08001fbc                FLASH_IRQHandler
                0x08001fbc                DMA2_Stream4_IRQHandler
                0x08001fbc                SPI3_IRQHandler
                0x08001fbc                DMA1_Stream4_IRQHandler
                0x08001fbc                I2C1_ER_IRQHandler
                0x08001fbc                FMC_IRQHandler
                0x08001fbc                DMA2_Stream6_IRQHandler
                0x08001fbc                SAI1_IRQHandler
                0x08001fbc                DMA1_Stream3_IRQHandler
 *fill*         0x08001fbe        0x2 
 .text.HAL_Init
                0x08001fc0       0x34 CMakeFiles/JUSTOS.elf.dir/Drivers/STM32F4xx_HAL_Driver/Src/stm32f4xx_hal.c.obj
                0x08001fc0                HAL_Init
 .text.HAL_IncTick
                0x08001ff4       0x18 CMakeFiles/JUSTOS.elf.dir/Drivers/STM32F4xx_HAL_Driver/Src/stm32f4xx_hal.c.obj
                0x08001ff4                HAL_IncTick
 .text.HAL_GetTick
                0x0800200c        0xc CMakeFiles/JUSTOS.elf.dir/Drivers/STM32F4xx_HAL_Driver/Src/stm32f4xx_hal.c.obj
                0x0800200c                HAL_GetTick
 .text.HAL_Delay
                0x08002018       0x28 CMakeFiles/JUSTOS.elf.dir/Drivers/STM32F4xx_HAL_Driver/Src/stm32f4xx_hal.c.obj
                0x08002018                HAL_Delay
 .text.ADC_Init
                0x08002040      0x134 CMakeFiles/JUSTOS.elf.dir/Drivers/STM32F4xx_HAL_Driver/Src/stm32f4xx_hal_adc.c.obj
 .text.HAL_ADC_Init
                0x08002174       0x56 CMakeFiles/JUSTOS.elf.dir/Drivers/STM32F4xx_HAL_Driver/Src/stm32f4xx_hal_adc.c.obj
                0x08002174                HAL_ADC_Init
 *fill*         0x080021ca        0x2 
 .text.HAL_ADC_ConfigChannel
                0x080021cc      0x1ac CMakeFiles/JUSTOS.elf.dir/Drivers/STM32F4xx_HAL_Driver/Src/stm32f4xx_hal_adc.c.obj
                0x080021cc                HAL_ADC_ConfigChannel
 .text.HAL_CAN_Init
                0x08002378      0x14c CMakeFiles/JUSTOS.elf.dir/Drivers/STM32F4xx_HAL_Driver/Src/stm32f4xx_hal_can.c.obj
                0x08002378                HAL_CAN_Init
 .text.HAL_CAN_ConfigFilter
                0x080024c4      0x138 CMakeFiles/JUSTOS.elf.dir/Drivers/STM32F4xx_HAL_Driver/Src/stm32f4xx_hal_can.c.obj
                0x080024c4                HAL_CAN_ConfigFilter
 .text.HAL_CAN_Start
                0x080025fc       0x5c CMakeFiles/JUSTOS.elf.dir/Drivers/STM32F4xx_HAL_Driver/Src/stm32f4xx_hal_can.c.obj
                0x080025fc                HAL_CAN_Start
 .text.HAL_CAN_AddTxMessage
                0x08002658       0xea CMakeFiles/JUSTOS.elf.dir/Drivers/STM32F4xx_HAL_Driver/Src/stm32f4xx_hal_can.c.obj
                0x08002658                HAL_CAN_AddTxMessage
 .text.HAL_CAN_GetTxMailboxesFreeLevel
                0x08002742       0x32 CMakeFiles/JUSTOS.elf.dir/Drivers/STM32F4xx_HAL_Driver/Src/stm32f4xx_hal_can.c.obj
                0x08002742                HAL_CAN_GetTxMailboxesFreeLevel
 .text.HAL_CAN_GetRxMessage
                0x08002774      0x16a CMakeFiles/JUSTOS.elf.dir/Drivers/STM32F4xx_HAL_Driver/Src/stm32f4xx_hal_can.c.obj
                0x08002774                HAL_CAN_GetRxMessage
 .text.HAL_CAN_ActivateNotification
                0x080028de       0x24 CMakeFiles/JUSTOS.elf.dir/Drivers/STM32F4xx_HAL_Driver/Src/stm32f4xx_hal_can.c.obj
                0x080028de                HAL_CAN_ActivateNotification
 .text.HAL_CAN_TxMailbox0CompleteCallback
                0x08002902        0x2 CMakeFiles/JUSTOS.elf.dir/Drivers/STM32F4xx_HAL_Driver/Src/stm32f4xx_hal_can.c.obj
                0x08002902                HAL_CAN_TxMailbox0CompleteCallback
 .text.HAL_CAN_TxMailbox1CompleteCallback
                0x08002904        0x2 CMakeFiles/JUSTOS.elf.dir/Drivers/STM32F4xx_HAL_Driver/Src/stm32f4xx_hal_can.c.obj
                0x08002904                HAL_CAN_TxMailbox1CompleteCallback
 .text.HAL_CAN_TxMailbox2CompleteCallback
                0x08002906        0x2 CMakeFiles/JUSTOS.elf.dir/Drivers/STM32F4xx_HAL_Driver/Src/stm32f4xx_hal_can.c.obj
                0x08002906                HAL_CAN_TxMailbox2CompleteCallback
 .text.HAL_CAN_TxMailbox0AbortCallback
                0x08002908        0x2 CMakeFiles/JUSTOS.elf.dir/Drivers/STM32F4xx_HAL_Driver/Src/stm32f4xx_hal_can.c.obj
                0x08002908                HAL_CAN_TxMailbox0AbortCallback
 .text.HAL_CAN_TxMailbox1AbortCallback
                0x0800290a        0x2 CMakeFiles/JUSTOS.elf.dir/Drivers/STM32F4xx_HAL_Driver/Src/stm32f4xx_hal_can.c.obj
                0x0800290a                HAL_CAN_TxMailbox1AbortCallback
 .text.HAL_CAN_TxMailbox2AbortCallback
                0x0800290c        0x2 CMakeFiles/JUSTOS.elf.dir/Drivers/STM32F4xx_HAL_Driver/Src/stm32f4xx_hal_can.c.obj
                0x0800290c                HAL_CAN_TxMailbox2AbortCallback
 .text.HAL_CAN_RxFifo0FullCallback
                0x0800290e        0x2 CMakeFiles/JUSTOS.elf.dir/Drivers/STM32F4xx_HAL_Driver/Src/stm32f4xx_hal_can.c.obj
                0x0800290e                HAL_CAN_RxFifo0FullCallback
 .text.HAL_CAN_RxFifo1MsgPendingCallback
                0x08002910        0x2 CMakeFiles/JUSTOS.elf.dir/Drivers/STM32F4xx_HAL_Driver/Src/stm32f4xx_hal_can.c.obj
                0x08002910                HAL_CAN_RxFifo1MsgPendingCallback
 .text.HAL_CAN_RxFifo1FullCallback
                0x08002912        0x2 CMakeFiles/JUSTOS.elf.dir/Drivers/STM32F4xx_HAL_Driver/Src/stm32f4xx_hal_can.c.obj
                0x08002912                HAL_CAN_RxFifo1FullCallback
 .text.HAL_CAN_SleepCallback
                0x08002914        0x2 CMakeFiles/JUSTOS.elf.dir/Drivers/STM32F4xx_HAL_Driver/Src/stm32f4xx_hal_can.c.obj
                0x08002914                HAL_CAN_SleepCallback
 .text.HAL_CAN_WakeUpFromRxMsgCallback
                0x08002916        0x2 CMakeFiles/JUSTOS.elf.dir/Drivers/STM32F4xx_HAL_Driver/Src/stm32f4xx_hal_can.c.obj
                0x08002916                HAL_CAN_WakeUpFromRxMsgCallback
 .text.HAL_CAN_ErrorCallback
                0x08002918        0x2 CMakeFiles/JUSTOS.elf.dir/Drivers/STM32F4xx_HAL_Driver/Src/stm32f4xx_hal_can.c.obj
                0x08002918                HAL_CAN_ErrorCallback
 .text.HAL_CAN_IRQHandler
                0x0800291a      0x250 CMakeFiles/JUSTOS.elf.dir/Drivers/STM32F4xx_HAL_Driver/Src/stm32f4xx_hal_can.c.obj
                0x0800291a                HAL_CAN_IRQHandler
 *fill*         0x08002b6a        0x2 
 .text.__NVIC_EnableIRQ
                0x08002b6c       0x1c CMakeFiles/JUSTOS.elf.dir/Drivers/STM32F4xx_HAL_Driver/Src/stm32f4xx_hal_cortex.c.obj
 .text.__NVIC_SetPriority
                0x08002b88       0x28 CMakeFiles/JUSTOS.elf.dir/Drivers/STM32F4xx_HAL_Driver/Src/stm32f4xx_hal_cortex.c.obj
 .text.NVIC_EncodePriority
                0x08002bb0       0x3e CMakeFiles/JUSTOS.elf.dir/Drivers/STM32F4xx_HAL_Driver/Src/stm32f4xx_hal_cortex.c.obj
 *fill*         0x08002bee        0x2 
 .text.HAL_NVIC_SetPriorityGrouping
                0x08002bf0       0x24 CMakeFiles/JUSTOS.elf.dir/Drivers/STM32F4xx_HAL_Driver/Src/stm32f4xx_hal_cortex.c.obj
                0x08002bf0                HAL_NVIC_SetPriorityGrouping
 .text.HAL_NVIC_SetPriority
                0x08002c14       0x20 CMakeFiles/JUSTOS.elf.dir/Drivers/STM32F4xx_HAL_Driver/Src/stm32f4xx_hal_cortex.c.obj
                0x08002c14                HAL_NVIC_SetPriority
 .text.HAL_NVIC_EnableIRQ
                0x08002c34        0x8 CMakeFiles/JUSTOS.elf.dir/Drivers/STM32F4xx_HAL_Driver/Src/stm32f4xx_hal_cortex.c.obj
                0x08002c34                HAL_NVIC_EnableIRQ
 .text.HAL_CRC_Init
                0x08002c3c       0x1e CMakeFiles/JUSTOS.elf.dir/Drivers/STM32F4xx_HAL_Driver/Src/stm32f4xx_hal_crc.c.obj
                0x08002c3c                HAL_CRC_Init
 .text.DMA_SetConfig
                0x08002c5a       0x2c CMakeFiles/JUSTOS.elf.dir/Drivers/STM32F4xx_HAL_Driver/Src/stm32f4xx_hal_dma.c.obj
 *fill*         0x08002c86        0x2 
 .text.DMA_CalcBaseAndBitshift
                0x08002c88       0x3c CMakeFiles/JUSTOS.elf.dir/Drivers/STM32F4xx_HAL_Driver/Src/stm32f4xx_hal_dma.c.obj
 .text.DMA_CheckFifoParam
                0x08002cc4       0x8e CMakeFiles/JUSTOS.elf.dir/Drivers/STM32F4xx_HAL_Driver/Src/stm32f4xx_hal_dma.c.obj
 *fill*         0x08002d52        0x2 
 .text.HAL_DMA_Init
                0x08002d54       0xcc CMakeFiles/JUSTOS.elf.dir/Drivers/STM32F4xx_HAL_Driver/Src/stm32f4xx_hal_dma.c.obj
                0x08002d54                HAL_DMA_Init
 .text.HAL_DMA_Start_IT
                0x08002e20       0x6a CMakeFiles/JUSTOS.elf.dir/Drivers/STM32F4xx_HAL_Driver/Src/stm32f4xx_hal_dma.c.obj
                0x08002e20                HAL_DMA_Start_IT
 .text.HAL_DMA_Abort
                0x08002e8a       0x94 CMakeFiles/JUSTOS.elf.dir/Drivers/STM32F4xx_HAL_Driver/Src/stm32f4xx_hal_dma.c.obj
                0x08002e8a                HAL_DMA_Abort
 .text.HAL_DMA_Abort_IT
                0x08002f1e       0x26 CMakeFiles/JUSTOS.elf.dir/Drivers/STM32F4xx_HAL_Driver/Src/stm32f4xx_hal_dma.c.obj
                0x08002f1e                HAL_DMA_Abort_IT
 .text.HAL_DMA_IRQHandler
                0x08002f44      0x1dc CMakeFiles/JUSTOS.elf.dir/Drivers/STM32F4xx_HAL_Driver/Src/stm32f4xx_hal_dma.c.obj
                0x08002f44                HAL_DMA_IRQHandler
 .text.HAL_GPIO_Init
                0x08003120      0x1e0 CMakeFiles/JUSTOS.elf.dir/Drivers/STM32F4xx_HAL_Driver/Src/stm32f4xx_hal_gpio.c.obj
                0x08003120                HAL_GPIO_Init
 .text.HAL_GPIO_ReadPin
                0x08003300        0xe CMakeFiles/JUSTOS.elf.dir/Drivers/STM32F4xx_HAL_Driver/Src/stm32f4xx_hal_gpio.c.obj
                0x08003300                HAL_GPIO_ReadPin
 .text.HAL_GPIO_WritePin
                0x0800330e        0xc CMakeFiles/JUSTOS.elf.dir/Drivers/STM32F4xx_HAL_Driver/Src/stm32f4xx_hal_gpio.c.obj
                0x0800330e                HAL_GPIO_WritePin
 .text.HAL_GPIO_TogglePin
                0x0800331a       0x12 CMakeFiles/JUSTOS.elf.dir/Drivers/STM32F4xx_HAL_Driver/Src/stm32f4xx_hal_gpio.c.obj
                0x0800331a                HAL_GPIO_TogglePin
 .text.HAL_I2C_Init
                0x0800332c      0x1bc CMakeFiles/JUSTOS.elf.dir/Drivers/STM32F4xx_HAL_Driver/Src/stm32f4xx_hal_i2c.c.obj
                0x0800332c                HAL_I2C_Init
 .text.PCD_WriteEmptyTxFifo
                0x080034e8       0xd0 CMakeFiles/JUSTOS.elf.dir/Drivers/STM32F4xx_HAL_Driver/Src/stm32f4xx_hal_pcd.c.obj
 .text.HAL_PCD_Init
                0x080035b8      0x112 CMakeFiles/JUSTOS.elf.dir/Drivers/STM32F4xx_HAL_Driver/Src/stm32f4xx_hal_pcd.c.obj
                0x080035b8                HAL_PCD_Init
 .text.HAL_PCD_Start
                0x080036ca       0x44 CMakeFiles/JUSTOS.elf.dir/Drivers/STM32F4xx_HAL_Driver/Src/stm32f4xx_hal_pcd.c.obj
                0x080036ca                HAL_PCD_Start
 *fill*         0x0800370e        0x2 
 .text.PCD_EP_OutXfrComplete_int
                0x08003710      0x104 CMakeFiles/JUSTOS.elf.dir/Drivers/STM32F4xx_HAL_Driver/Src/stm32f4xx_hal_pcd.c.obj
 .text.PCD_EP_OutSetupPacket_int
                0x08003814       0x50 CMakeFiles/JUSTOS.elf.dir/Drivers/STM32F4xx_HAL_Driver/Src/stm32f4xx_hal_pcd.c.obj
 .text.HAL_PCD_SetAddress
                0x08003864       0x26 CMakeFiles/JUSTOS.elf.dir/Drivers/STM32F4xx_HAL_Driver/Src/stm32f4xx_hal_pcd.c.obj
                0x08003864                HAL_PCD_SetAddress
 .text.HAL_PCD_EP_Open
                0x0800388a       0x8c CMakeFiles/JUSTOS.elf.dir/Drivers/STM32F4xx_HAL_Driver/Src/stm32f4xx_hal_pcd.c.obj
                0x0800388a                HAL_PCD_EP_Open
 .text.HAL_PCD_EP_Close
                0x08003916       0x70 CMakeFiles/JUSTOS.elf.dir/Drivers/STM32F4xx_HAL_Driver/Src/stm32f4xx_hal_pcd.c.obj
                0x08003916                HAL_PCD_EP_Close
 .text.HAL_PCD_EP_Receive
                0x08003986       0x4a CMakeFiles/JUSTOS.elf.dir/Drivers/STM32F4xx_HAL_Driver/Src/stm32f4xx_hal_pcd.c.obj
                0x08003986                HAL_PCD_EP_Receive
 .text.HAL_PCD_EP_GetRxCount
                0x080039d0       0x12 CMakeFiles/JUSTOS.elf.dir/Drivers/STM32F4xx_HAL_Driver/Src/stm32f4xx_hal_pcd.c.obj
                0x080039d0                HAL_PCD_EP_GetRxCount
 .text.HAL_PCD_EP_Transmit
                0x080039e2       0x4a CMakeFiles/JUSTOS.elf.dir/Drivers/STM32F4xx_HAL_Driver/Src/stm32f4xx_hal_pcd.c.obj
                0x080039e2                HAL_PCD_EP_Transmit
 .text.HAL_PCD_EP_SetStall
                0x08003a2c       0x86 CMakeFiles/JUSTOS.elf.dir/Drivers/STM32F4xx_HAL_Driver/Src/stm32f4xx_hal_pcd.c.obj
                0x08003a2c                HAL_PCD_EP_SetStall
 .text.HAL_PCD_EP_ClrStall
                0x08003ab2       0x74 CMakeFiles/JUSTOS.elf.dir/Drivers/STM32F4xx_HAL_Driver/Src/stm32f4xx_hal_pcd.c.obj
                0x08003ab2                HAL_PCD_EP_ClrStall
 .text.HAL_PCD_EP_Abort
                0x08003b26       0x34 CMakeFiles/JUSTOS.elf.dir/Drivers/STM32F4xx_HAL_Driver/Src/stm32f4xx_hal_pcd.c.obj
                0x08003b26                HAL_PCD_EP_Abort
 .text.HAL_PCD_IRQHandler
                0x08003b5a      0x602 CMakeFiles/JUSTOS.elf.dir/Drivers/STM32F4xx_HAL_Driver/Src/stm32f4xx_hal_pcd.c.obj
                0x08003b5a                HAL_PCD_IRQHandler
 .text.HAL_PCDEx_SetTxFiFo
                0x0800415c       0x4c CMakeFiles/JUSTOS.elf.dir/Drivers/STM32F4xx_HAL_Driver/Src/stm32f4xx_hal_pcd_ex.c.obj
                0x0800415c                HAL_PCDEx_SetTxFiFo
 .text.HAL_PCDEx_SetRxFiFo
                0x080041a8        0x8 CMakeFiles/JUSTOS.elf.dir/Drivers/STM32F4xx_HAL_Driver/Src/stm32f4xx_hal_pcd_ex.c.obj
                0x080041a8                HAL_PCDEx_SetRxFiFo
 .text.HAL_PCDEx_ActivateLPM
                0x080041b0       0x26 CMakeFiles/JUSTOS.elf.dir/Drivers/STM32F4xx_HAL_Driver/Src/stm32f4xx_hal_pcd_ex.c.obj
                0x080041b0                HAL_PCDEx_ActivateLPM
 *fill*         0x080041d6        0x2 
 .text.HAL_RCC_ClockConfig
                0x080041d8      0x160 CMakeFiles/JUSTOS.elf.dir/Drivers/STM32F4xx_HAL_Driver/Src/stm32f4xx_hal_rcc.c.obj
                0x080041d8                HAL_RCC_ClockConfig
 .text.HAL_RCC_GetHCLKFreq
                0x08004338        0xc CMakeFiles/JUSTOS.elf.dir/Drivers/STM32F4xx_HAL_Driver/Src/stm32f4xx_hal_rcc.c.obj
                0x08004338                HAL_RCC_GetHCLKFreq
 .text.HAL_RCC_GetPCLK1Freq
                0x08004344       0x20 CMakeFiles/JUSTOS.elf.dir/Drivers/STM32F4xx_HAL_Driver/Src/stm32f4xx_hal_rcc.c.obj
                0x08004344                HAL_RCC_GetPCLK1Freq
 .text.HAL_RCC_GetPCLK2Freq
                0x08004364       0x20 CMakeFiles/JUSTOS.elf.dir/Drivers/STM32F4xx_HAL_Driver/Src/stm32f4xx_hal_rcc.c.obj
                0x08004364                HAL_RCC_GetPCLK2Freq
 .text.HAL_RCC_GetClockConfig
                0x08004384       0x3c CMakeFiles/JUSTOS.elf.dir/Drivers/STM32F4xx_HAL_Driver/Src/stm32f4xx_hal_rcc.c.obj
                0x08004384                HAL_RCC_GetClockConfig
 .text.HAL_RCCEx_PeriphCLKConfig
                0x080043c0      0x474 CMakeFiles/JUSTOS.elf.dir/Drivers/STM32F4xx_HAL_Driver/Src/stm32f4xx_hal_rcc_ex.c.obj
                0x080043c0                HAL_RCCEx_PeriphCLKConfig
 .text.HAL_RCC_GetSysClockFreq
                0x08004834      0x128 CMakeFiles/JUSTOS.elf.dir/Drivers/STM32F4xx_HAL_Driver/Src/stm32f4xx_hal_rcc_ex.c.obj
                0x08004834                HAL_RCC_GetSysClockFreq
 .text.HAL_RCC_OscConfig
                0x0800495c      0x444 CMakeFiles/JUSTOS.elf.dir/Drivers/STM32F4xx_HAL_Driver/Src/stm32f4xx_hal_rcc_ex.c.obj
                0x0800495c                HAL_RCC_OscConfig
 .text.HAL_SPI_Init
                0x08004da0       0xbe CMakeFiles/JUSTOS.elf.dir/Drivers/STM32F4xx_HAL_Driver/Src/stm32f4xx_hal_spi.c.obj
                0x08004da0                HAL_SPI_Init
 .text.TIM_TI1_ConfigInputStage
                0x08004e5e       0x26 CMakeFiles/JUSTOS.elf.dir/Drivers/STM32F4xx_HAL_Driver/Src/stm32f4xx_hal_tim.c.obj
 .text.TIM_TI2_ConfigInputStage
                0x08004e84       0x28 CMakeFiles/JUSTOS.elf.dir/Drivers/STM32F4xx_HAL_Driver/Src/stm32f4xx_hal_tim.c.obj
 .text.TIM_ITRx_SetConfig
                0x08004eac       0x10 CMakeFiles/JUSTOS.elf.dir/Drivers/STM32F4xx_HAL_Driver/Src/stm32f4xx_hal_tim.c.obj
 .text.HAL_TIM_Base_Start_IT
                0x08004ebc       0x88 CMakeFiles/JUSTOS.elf.dir/Drivers/STM32F4xx_HAL_Driver/Src/stm32f4xx_hal_tim.c.obj
                0x08004ebc                HAL_TIM_Base_Start_IT
 .text.HAL_TIM_OC_DelayElapsedCallback
                0x08004f44        0x2 CMakeFiles/JUSTOS.elf.dir/Drivers/STM32F4xx_HAL_Driver/Src/stm32f4xx_hal_tim.c.obj
                0x08004f44                HAL_TIM_OC_DelayElapsedCallback
 .text.HAL_TIM_IC_CaptureCallback
                0x08004f46        0x2 CMakeFiles/JUSTOS.elf.dir/Drivers/STM32F4xx_HAL_Driver/Src/stm32f4xx_hal_tim.c.obj
                0x08004f46                HAL_TIM_IC_CaptureCallback
 .text.HAL_TIM_PWM_PulseFinishedCallback
                0x08004f48        0x2 CMakeFiles/JUSTOS.elf.dir/Drivers/STM32F4xx_HAL_Driver/Src/stm32f4xx_hal_tim.c.obj
                0x08004f48                HAL_TIM_PWM_PulseFinishedCallback
 .text.HAL_TIM_TriggerCallback
                0x08004f4a        0x2 CMakeFiles/JUSTOS.elf.dir/Drivers/STM32F4xx_HAL_Driver/Src/stm32f4xx_hal_tim.c.obj
                0x08004f4a                HAL_TIM_TriggerCallback
 .text.HAL_TIM_IRQHandler
                0x08004f4c      0x15e CMakeFiles/JUSTOS.elf.dir/Drivers/STM32F4xx_HAL_Driver/Src/stm32f4xx_hal_tim.c.obj
                0x08004f4c                HAL_TIM_IRQHandler
 *fill*         0x080050aa        0x2 
 .text.TIM_Base_SetConfig
                0x080050ac       0xd0 CMakeFiles/JUSTOS.elf.dir/Drivers/STM32F4xx_HAL_Driver/Src/stm32f4xx_hal_tim.c.obj
                0x080050ac                TIM_Base_SetConfig
 .text.HAL_TIM_Base_Init
                0x0800517c       0x58 CMakeFiles/JUSTOS.elf.dir/Drivers/STM32F4xx_HAL_Driver/Src/stm32f4xx_hal_tim.c.obj
                0x0800517c                HAL_TIM_Base_Init
 .text.TIM_ETR_SetConfig
                0x080051d4       0x1a CMakeFiles/JUSTOS.elf.dir/Drivers/STM32F4xx_HAL_Driver/Src/stm32f4xx_hal_tim.c.obj
                0x080051d4                TIM_ETR_SetConfig
 .text.HAL_TIM_ConfigClockSource
                0x080051ee       0xfe CMakeFiles/JUSTOS.elf.dir/Drivers/STM32F4xx_HAL_Driver/Src/stm32f4xx_hal_tim.c.obj
                0x080051ee                HAL_TIM_ConfigClockSource
 .text.HAL_TIMEx_MasterConfigSynchronization
                0x080052ec       0x8c CMakeFiles/JUSTOS.elf.dir/Drivers/STM32F4xx_HAL_Driver/Src/stm32f4xx_hal_tim_ex.c.obj
                0x080052ec                HAL_TIMEx_MasterConfigSynchronization
 .text.HAL_TIMEx_CommutCallback
                0x08005378        0x2 CMakeFiles/JUSTOS.elf.dir/Drivers/STM32F4xx_HAL_Driver/Src/stm32f4xx_hal_tim_ex.c.obj
                0x08005378                HAL_TIMEx_CommutCallback
 .text.HAL_TIMEx_BreakCallback
                0x0800537a        0x2 CMakeFiles/JUSTOS.elf.dir/Drivers/STM32F4xx_HAL_Driver/Src/stm32f4xx_hal_tim_ex.c.obj
                0x0800537a                HAL_TIMEx_BreakCallback
 .text.UART_EndTxTransfer
                0x0800537c       0x20 CMakeFiles/JUSTOS.elf.dir/Drivers/STM32F4xx_HAL_Driver/Src/stm32f4xx_hal_uart.c.obj
 .text.UART_EndRxTransfer
                0x0800539c       0x5c CMakeFiles/JUSTOS.elf.dir/Drivers/STM32F4xx_HAL_Driver/Src/stm32f4xx_hal_uart.c.obj
 .text.UART_Transmit_IT
                0x080053f8       0x60 CMakeFiles/JUSTOS.elf.dir/Drivers/STM32F4xx_HAL_Driver/Src/stm32f4xx_hal_uart.c.obj
 .text.UART_SetConfig
                0x08005458      0x110 CMakeFiles/JUSTOS.elf.dir/Drivers/STM32F4xx_HAL_Driver/Src/stm32f4xx_hal_uart.c.obj
 .text.HAL_UART_Init
                0x08005568       0x60 CMakeFiles/JUSTOS.elf.dir/Drivers/STM32F4xx_HAL_Driver/Src/stm32f4xx_hal_uart.c.obj
                0x08005568                HAL_UART_Init
 .text.HAL_UART_TxCpltCallback
                0x080055c8        0x2 CMakeFiles/JUSTOS.elf.dir/Drivers/STM32F4xx_HAL_Driver/Src/stm32f4xx_hal_uart.c.obj
                0x080055c8                HAL_UART_TxCpltCallback
 .text.UART_EndTransmit_IT
                0x080055ca       0x1a CMakeFiles/JUSTOS.elf.dir/Drivers/STM32F4xx_HAL_Driver/Src/stm32f4xx_hal_uart.c.obj
 .text.HAL_UART_RxCpltCallback
                0x080055e4        0x2 CMakeFiles/JUSTOS.elf.dir/Drivers/STM32F4xx_HAL_Driver/Src/stm32f4xx_hal_uart.c.obj
                0x080055e4                HAL_UART_RxCpltCallback
 .text.HAL_UART_RxHalfCpltCallback
                0x080055e6        0x2 CMakeFiles/JUSTOS.elf.dir/Drivers/STM32F4xx_HAL_Driver/Src/stm32f4xx_hal_uart.c.obj
                0x080055e6                HAL_UART_RxHalfCpltCallback
 .text.UART_DMAError
                0x080055e8       0x58 CMakeFiles/JUSTOS.elf.dir/Drivers/STM32F4xx_HAL_Driver/Src/stm32f4xx_hal_uart.c.obj
 .text.UART_DMAAbortOnError
                0x08005640        0xe CMakeFiles/JUSTOS.elf.dir/Drivers/STM32F4xx_HAL_Driver/Src/stm32f4xx_hal_uart.c.obj
 .text.UART_Receive_IT
                0x0800564e       0xe6 CMakeFiles/JUSTOS.elf.dir/Drivers/STM32F4xx_HAL_Driver/Src/stm32f4xx_hal_uart.c.obj
 .text.HAL_UART_IRQHandler
                0x08005734      0x2a0 CMakeFiles/JUSTOS.elf.dir/Drivers/STM32F4xx_HAL_Driver/Src/stm32f4xx_hal_uart.c.obj
                0x08005734                HAL_UART_IRQHandler
 .text.UART_DMARxHalfCplt
                0x080059d4       0x1e CMakeFiles/JUSTOS.elf.dir/Drivers/STM32F4xx_HAL_Driver/Src/stm32f4xx_hal_uart.c.obj
 .text.UART_DMAReceiveCplt
                0x080059f2       0x9a CMakeFiles/JUSTOS.elf.dir/Drivers/STM32F4xx_HAL_Driver/Src/stm32f4xx_hal_uart.c.obj
 .text.UART_Start_Receive_DMA
                0x08005a8c       0xb8 CMakeFiles/JUSTOS.elf.dir/Drivers/STM32F4xx_HAL_Driver/Src/stm32f4xx_hal_uart.c.obj
                0x08005a8c                UART_Start_Receive_DMA
 .text.HAL_UARTEx_ReceiveToIdle_DMA
                0x08005b44       0x62 CMakeFiles/JUSTOS.elf.dir/Drivers/STM32F4xx_HAL_Driver/Src/stm32f4xx_hal_uart.c.obj
                0x08005b44                HAL_UARTEx_ReceiveToIdle_DMA
 .text.USB_CoreReset
                0x08005ba6       0x58 CMakeFiles/JUSTOS.elf.dir/Drivers/STM32F4xx_HAL_Driver/Src/stm32f4xx_ll_usb.c.obj
 .text.USB_CoreInit
                0x08005bfe       0x92 CMakeFiles/JUSTOS.elf.dir/Drivers/STM32F4xx_HAL_Driver/Src/stm32f4xx_ll_usb.c.obj
                0x08005bfe                USB_CoreInit
 .text.USB_SetTurnaroundTime
                0x08005c90       0xe4 CMakeFiles/JUSTOS.elf.dir/Drivers/STM32F4xx_HAL_Driver/Src/stm32f4xx_ll_usb.c.obj
                0x08005c90                USB_SetTurnaroundTime
 .text.USB_EnableGlobalInt
                0x08005d74        0xc CMakeFiles/JUSTOS.elf.dir/Drivers/STM32F4xx_HAL_Driver/Src/stm32f4xx_ll_usb.c.obj
                0x08005d74                USB_EnableGlobalInt
 .text.USB_DisableGlobalInt
                0x08005d80        0xc CMakeFiles/JUSTOS.elf.dir/Drivers/STM32F4xx_HAL_Driver/Src/stm32f4xx_ll_usb.c.obj
                0x08005d80                USB_DisableGlobalInt
 .text.USB_FlushTxFifo
                0x08005d8c       0x4a CMakeFiles/JUSTOS.elf.dir/Drivers/STM32F4xx_HAL_Driver/Src/stm32f4xx_ll_usb.c.obj
                0x08005d8c                USB_FlushTxFifo
 .text.USB_FlushRxFifo
                0x08005dd6       0x46 CMakeFiles/JUSTOS.elf.dir/Drivers/STM32F4xx_HAL_Driver/Src/stm32f4xx_ll_usb.c.obj
                0x08005dd6                USB_FlushRxFifo
 .text.USB_SetDevSpeed
                0x08005e1c        0xe CMakeFiles/JUSTOS.elf.dir/Drivers/STM32F4xx_HAL_Driver/Src/stm32f4xx_ll_usb.c.obj
                0x08005e1c                USB_SetDevSpeed
 *fill*         0x08005e2a        0x2 
 .text.USB_DevInit
                0x08005e2c      0x18c CMakeFiles/JUSTOS.elf.dir/Drivers/STM32F4xx_HAL_Driver/Src/stm32f4xx_ll_usb.c.obj
                0x08005e2c                USB_DevInit
 .text.USB_GetDevSpeed
                0x08005fb8       0x22 CMakeFiles/JUSTOS.elf.dir/Drivers/STM32F4xx_HAL_Driver/Src/stm32f4xx_ll_usb.c.obj
                0x08005fb8                USB_GetDevSpeed
 .text.USB_ActivateEndpoint
                0x08005fda       0x9a CMakeFiles/JUSTOS.elf.dir/Drivers/STM32F4xx_HAL_Driver/Src/stm32f4xx_ll_usb.c.obj
                0x08005fda                USB_ActivateEndpoint
 .text.USB_DeactivateEndpoint
                0x08006074       0xe0 CMakeFiles/JUSTOS.elf.dir/Drivers/STM32F4xx_HAL_Driver/Src/stm32f4xx_ll_usb.c.obj
                0x08006074                USB_DeactivateEndpoint
 .text.USB_EPStopXfer
                0x08006154       0xbe CMakeFiles/JUSTOS.elf.dir/Drivers/STM32F4xx_HAL_Driver/Src/stm32f4xx_ll_usb.c.obj
                0x08006154                USB_EPStopXfer
 .text.USB_WritePacket
                0x08006212       0x2e CMakeFiles/JUSTOS.elf.dir/Drivers/STM32F4xx_HAL_Driver/Src/stm32f4xx_ll_usb.c.obj
                0x08006212                USB_WritePacket
 .text.USB_EPStartXfer
                0x08006240      0x244 CMakeFiles/JUSTOS.elf.dir/Drivers/STM32F4xx_HAL_Driver/Src/stm32f4xx_ll_usb.c.obj
                0x08006240                USB_EPStartXfer
 .text.USB_ReadPacket
                0x08006484       0x46 CMakeFiles/JUSTOS.elf.dir/Drivers/STM32F4xx_HAL_Driver/Src/stm32f4xx_ll_usb.c.obj
                0x08006484                USB_ReadPacket
 .text.USB_EPSetStall
                0x080064ca       0x5a CMakeFiles/JUSTOS.elf.dir/Drivers/STM32F4xx_HAL_Driver/Src/stm32f4xx_ll_usb.c.obj
                0x080064ca                USB_EPSetStall
 .text.USB_EPClearStall
                0x08006524       0x5c CMakeFiles/JUSTOS.elf.dir/Drivers/STM32F4xx_HAL_Driver/Src/stm32f4xx_ll_usb.c.obj
                0x08006524                USB_EPClearStall
 .text.USB_SetDevAddress
                0x08006580       0x20 CMakeFiles/JUSTOS.elf.dir/Drivers/STM32F4xx_HAL_Driver/Src/stm32f4xx_ll_usb.c.obj
                0x08006580                USB_SetDevAddress
 .text.USB_DevConnect
                0x080065a0       0x1c CMakeFiles/JUSTOS.elf.dir/Drivers/STM32F4xx_HAL_Driver/Src/stm32f4xx_ll_usb.c.obj
                0x080065a0                USB_DevConnect
 .text.USB_DevDisconnect
                0x080065bc       0x1c CMakeFiles/JUSTOS.elf.dir/Drivers/STM32F4xx_HAL_Driver/Src/stm32f4xx_ll_usb.c.obj
                0x080065bc                USB_DevDisconnect
 .text.USB_ReadInterrupts
                0x080065d8        0x8 CMakeFiles/JUSTOS.elf.dir/Drivers/STM32F4xx_HAL_Driver/Src/stm32f4xx_ll_usb.c.obj
                0x080065d8                USB_ReadInterrupts
 .text.USB_ReadDevAllOutEpInterrupt
                0x080065e0       0x10 CMakeFiles/JUSTOS.elf.dir/Drivers/STM32F4xx_HAL_Driver/Src/stm32f4xx_ll_usb.c.obj
                0x080065e0                USB_ReadDevAllOutEpInterrupt
 .text.USB_ReadDevAllInEpInterrupt
                0x080065f0       0x10 CMakeFiles/JUSTOS.elf.dir/Drivers/STM32F4xx_HAL_Driver/Src/stm32f4xx_ll_usb.c.obj
                0x080065f0                USB_ReadDevAllInEpInterrupt
 .text.USB_ReadDevOutEPInterrupt
                0x08006600       0x12 CMakeFiles/JUSTOS.elf.dir/Drivers/STM32F4xx_HAL_Driver/Src/stm32f4xx_ll_usb.c.obj
                0x08006600                USB_ReadDevOutEPInterrupt
 .text.USB_ReadDevInEPInterrupt
                0x08006612       0x24 CMakeFiles/JUSTOS.elf.dir/Drivers/STM32F4xx_HAL_Driver/Src/stm32f4xx_ll_usb.c.obj
                0x08006612                USB_ReadDevInEPInterrupt
 .text.USB_GetMode
                0x08006636        0x8 CMakeFiles/JUSTOS.elf.dir/Drivers/STM32F4xx_HAL_Driver/Src/stm32f4xx_ll_usb.c.obj
                0x08006636                USB_GetMode
 .text.USB_SetCurrentMode
                0x0800663e       0x62 CMakeFiles/JUSTOS.elf.dir/Drivers/STM32F4xx_HAL_Driver/Src/stm32f4xx_ll_usb.c.obj
                0x0800663e                USB_SetCurrentMode
 .text.USB_ActivateSetup
                0x080066a0       0x1c CMakeFiles/JUSTOS.elf.dir/Drivers/STM32F4xx_HAL_Driver/Src/stm32f4xx_ll_usb.c.obj
                0x080066a0                USB_ActivateSetup
 .text.USB_EP0_OutStart
                0x080066bc       0x60 CMakeFiles/JUSTOS.elf.dir/Drivers/STM32F4xx_HAL_Driver/Src/stm32f4xx_ll_usb.c.obj
                0x080066bc                USB_EP0_OutStart
 .text.USBD_CDC_EP0_RxReady
                0x0800671c       0x40 CMakeFiles/JUSTOS.elf.dir/Middlewares/ST/STM32_USB_Device_Library/Class/CDC/Src/usbd_cdc.c.obj
 .text.USBD_CDC_GetDeviceQualifierDescriptor
                0x0800675c        0xc CMakeFiles/JUSTOS.elf.dir/Middlewares/ST/STM32_USB_Device_Library/Class/CDC/Src/usbd_cdc.c.obj
                0x0800675c                USBD_CDC_GetDeviceQualifierDescriptor
 .text.USBD_CDC_GetOtherSpeedCfgDesc
                0x08006768       0x48 CMakeFiles/JUSTOS.elf.dir/Middlewares/ST/STM32_USB_Device_Library/Class/CDC/Src/usbd_cdc.c.obj
 .text.USBD_CDC_GetFSCfgDesc
                0x080067b0       0x48 CMakeFiles/JUSTOS.elf.dir/Middlewares/ST/STM32_USB_Device_Library/Class/CDC/Src/usbd_cdc.c.obj
 .text.USBD_CDC_GetHSCfgDesc
                0x080067f8       0x48 CMakeFiles/JUSTOS.elf.dir/Middlewares/ST/STM32_USB_Device_Library/Class/CDC/Src/usbd_cdc.c.obj
 .text.USBD_CDC_DataOut
                0x08006840       0x38 CMakeFiles/JUSTOS.elf.dir/Middlewares/ST/STM32_USB_Device_Library/Class/CDC/Src/usbd_cdc.c.obj
 .text.USBD_CDC_DataIn
                0x08006878       0x7c CMakeFiles/JUSTOS.elf.dir/Middlewares/ST/STM32_USB_Device_Library/Class/CDC/Src/usbd_cdc.c.obj
 .text.USBD_CDC_Setup
                0x080068f4      0x11a CMakeFiles/JUSTOS.elf.dir/Middlewares/ST/STM32_USB_Device_Library/Class/CDC/Src/usbd_cdc.c.obj
 .text.USBD_CDC_DeInit
                0x08006a0e       0x64 CMakeFiles/JUSTOS.elf.dir/Middlewares/ST/STM32_USB_Device_Library/Class/CDC/Src/usbd_cdc.c.obj
 .text.USBD_CDC_Init
                0x08006a72       0xee CMakeFiles/JUSTOS.elf.dir/Middlewares/ST/STM32_USB_Device_Library/Class/CDC/Src/usbd_cdc.c.obj
 .text.USBD_CDC_RegisterInterface
                0x08006b60       0x16 CMakeFiles/JUSTOS.elf.dir/Middlewares/ST/STM32_USB_Device_Library/Class/CDC/Src/usbd_cdc.c.obj
                0x08006b60                USBD_CDC_RegisterInterface
 .text.USBD_CDC_SetTxBuffer
                0x08006b76       0x1c CMakeFiles/JUSTOS.elf.dir/Middlewares/ST/STM32_USB_Device_Library/Class/CDC/Src/usbd_cdc.c.obj
                0x08006b76                USBD_CDC_SetTxBuffer
 .text.USBD_CDC_SetRxBuffer
                0x08006b92       0x18 CMakeFiles/JUSTOS.elf.dir/Middlewares/ST/STM32_USB_Device_Library/Class/CDC/Src/usbd_cdc.c.obj
                0x08006b92                USBD_CDC_SetRxBuffer
 .text.USBD_CDC_TransmitPacket
                0x08006baa       0x36 CMakeFiles/JUSTOS.elf.dir/Middlewares/ST/STM32_USB_Device_Library/Class/CDC/Src/usbd_cdc.c.obj
                0x08006baa                USBD_CDC_TransmitPacket
 .text.USBD_CDC_ReceivePacket
                0x08006be0       0x38 CMakeFiles/JUSTOS.elf.dir/Middlewares/ST/STM32_USB_Device_Library/Class/CDC/Src/usbd_cdc.c.obj
                0x08006be0                USBD_CDC_ReceivePacket
 .text.USBD_Init
                0x08006c18       0x2e CMakeFiles/JUSTOS.elf.dir/Middlewares/ST/STM32_USB_Device_Library/Core/Src/usbd_core.c.obj
                0x08006c18                USBD_Init
 .text.USBD_RegisterClass
                0x08006c46       0x40 CMakeFiles/JUSTOS.elf.dir/Middlewares/ST/STM32_USB_Device_Library/Core/Src/usbd_core.c.obj
                0x08006c46                USBD_RegisterClass
 .text.USBD_Start
                0x08006c86        0x8 CMakeFiles/JUSTOS.elf.dir/Middlewares/ST/STM32_USB_Device_Library/Core/Src/usbd_core.c.obj
                0x08006c86                USBD_Start
 .text.USBD_SetClassConfig
                0x08006c8e       0x12 CMakeFiles/JUSTOS.elf.dir/Middlewares/ST/STM32_USB_Device_Library/Core/Src/usbd_core.c.obj
                0x08006c8e                USBD_SetClassConfig
 .text.USBD_ClrClassConfig
                0x08006ca0       0x12 CMakeFiles/JUSTOS.elf.dir/Middlewares/ST/STM32_USB_Device_Library/Core/Src/usbd_core.c.obj
                0x08006ca0                USBD_ClrClassConfig
 .text.USBD_LL_SetupStage
                0x08006cb2       0x58 CMakeFiles/JUSTOS.elf.dir/Middlewares/ST/STM32_USB_Device_Library/Core/Src/usbd_core.c.obj
                0x08006cb2                USBD_LL_SetupStage
 .text.USBD_LL_Reset
                0x08006d0a       0x66 CMakeFiles/JUSTOS.elf.dir/Middlewares/ST/STM32_USB_Device_Library/Core/Src/usbd_core.c.obj
                0x08006d0a                USBD_LL_Reset
 .text.USBD_LL_SetSpeed
                0x08006d70        0x6 CMakeFiles/JUSTOS.elf.dir/Middlewares/ST/STM32_USB_Device_Library/Core/Src/usbd_core.c.obj
                0x08006d70                USBD_LL_SetSpeed
 .text.USBD_LL_Suspend
                0x08006d76       0x1e CMakeFiles/JUSTOS.elf.dir/Middlewares/ST/STM32_USB_Device_Library/Core/Src/usbd_core.c.obj
                0x08006d76                USBD_LL_Suspend
 .text.USBD_LL_Resume
                0x08006d94       0x1a CMakeFiles/JUSTOS.elf.dir/Middlewares/ST/STM32_USB_Device_Library/Core/Src/usbd_core.c.obj
                0x08006d94                USBD_LL_Resume
 .text.USBD_LL_SOF
                0x08006dae       0x22 CMakeFiles/JUSTOS.elf.dir/Middlewares/ST/STM32_USB_Device_Library/Core/Src/usbd_core.c.obj
                0x08006dae                USBD_LL_SOF
 .text.USBD_LL_IsoINIncomplete
                0x08006dd0       0x2e CMakeFiles/JUSTOS.elf.dir/Middlewares/ST/STM32_USB_Device_Library/Core/Src/usbd_core.c.obj
                0x08006dd0                USBD_LL_IsoINIncomplete
 .text.USBD_LL_IsoOUTIncomplete
                0x08006dfe       0x2e CMakeFiles/JUSTOS.elf.dir/Middlewares/ST/STM32_USB_Device_Library/Core/Src/usbd_core.c.obj
                0x08006dfe                USBD_LL_IsoOUTIncomplete
 .text.USBD_LL_DevConnected
                0x08006e2c        0x4 CMakeFiles/JUSTOS.elf.dir/Middlewares/ST/STM32_USB_Device_Library/Core/Src/usbd_core.c.obj
                0x08006e2c                USBD_LL_DevConnected
 .text.USBD_LL_DevDisconnected
                0x08006e30       0x20 CMakeFiles/JUSTOS.elf.dir/Middlewares/ST/STM32_USB_Device_Library/Core/Src/usbd_core.c.obj
                0x08006e30                USBD_LL_DevDisconnected
 .text.USBD_CoreFindIF
                0x08006e50        0x4 CMakeFiles/JUSTOS.elf.dir/Middlewares/ST/STM32_USB_Device_Library/Core/Src/usbd_core.c.obj
                0x08006e50                USBD_CoreFindIF
 .text.USBD_CoreFindEP
                0x08006e54        0x4 CMakeFiles/JUSTOS.elf.dir/Middlewares/ST/STM32_USB_Device_Library/Core/Src/usbd_core.c.obj
                0x08006e54                USBD_CoreFindEP
 .text.USBD_LL_DataOutStage
                0x08006e58       0xca CMakeFiles/JUSTOS.elf.dir/Middlewares/ST/STM32_USB_Device_Library/Core/Src/usbd_core.c.obj
                0x08006e58                USBD_LL_DataOutStage
 .text.USBD_LL_DataInStage
                0x08006f22       0xd8 CMakeFiles/JUSTOS.elf.dir/Middlewares/ST/STM32_USB_Device_Library/Core/Src/usbd_core.c.obj
                0x08006f22                USBD_LL_DataInStage
 .text.USBD_GetNextDesc
                0x08006ffa        0xe CMakeFiles/JUSTOS.elf.dir/Middlewares/ST/STM32_USB_Device_Library/Core/Src/usbd_core.c.obj
                0x08006ffa                USBD_GetNextDesc
 .text.USBD_GetEpDesc
                0x08007008       0x3e CMakeFiles/JUSTOS.elf.dir/Middlewares/ST/STM32_USB_Device_Library/Core/Src/usbd_core.c.obj
                0x08007008                USBD_GetEpDesc
 .text.USBD_GetLen
                0x08007046       0x14 CMakeFiles/JUSTOS.elf.dir/Middlewares/ST/STM32_USB_Device_Library/Core/Src/usbd_ctlreq.c.obj
 .text.USBD_ParseSetupRequest
                0x0800705a       0x28 CMakeFiles/JUSTOS.elf.dir/Middlewares/ST/STM32_USB_Device_Library/Core/Src/usbd_ctlreq.c.obj
                0x0800705a                USBD_ParseSetupRequest
 .text.USBD_CtlError
                0x08007082       0x14 CMakeFiles/JUSTOS.elf.dir/Middlewares/ST/STM32_USB_Device_Library/Core/Src/usbd_ctlreq.c.obj
                0x08007082                USBD_CtlError
 .text.USBD_GetDescriptor
                0x08007096      0x1ac CMakeFiles/JUSTOS.elf.dir/Middlewares/ST/STM32_USB_Device_Library/Core/Src/usbd_ctlreq.c.obj
 .text.USBD_SetAddress
                0x08007242       0x50 CMakeFiles/JUSTOS.elf.dir/Middlewares/ST/STM32_USB_Device_Library/Core/Src/usbd_ctlreq.c.obj
 *fill*         0x08007292        0x2 
 .text.USBD_SetConfig
                0x08007294       0xcc CMakeFiles/JUSTOS.elf.dir/Middlewares/ST/STM32_USB_Device_Library/Core/Src/usbd_ctlreq.c.obj
 .text.USBD_GetConfig
                0x08007360       0x40 CMakeFiles/JUSTOS.elf.dir/Middlewares/ST/STM32_USB_Device_Library/Core/Src/usbd_ctlreq.c.obj
 .text.USBD_GetStatus
                0x080073a0       0x38 CMakeFiles/JUSTOS.elf.dir/Middlewares/ST/STM32_USB_Device_Library/Core/Src/usbd_ctlreq.c.obj
 .text.USBD_SetFeature
                0x080073d8       0x2a CMakeFiles/JUSTOS.elf.dir/Middlewares/ST/STM32_USB_Device_Library/Core/Src/usbd_ctlreq.c.obj
 .text.USBD_ClrFeature
                0x08007402       0x26 CMakeFiles/JUSTOS.elf.dir/Middlewares/ST/STM32_USB_Device_Library/Core/Src/usbd_ctlreq.c.obj
 .text.USBD_StdDevReq
                0x08007428       0x76 CMakeFiles/JUSTOS.elf.dir/Middlewares/ST/STM32_USB_Device_Library/Core/Src/usbd_ctlreq.c.obj
                0x08007428                USBD_StdDevReq
 .text.USBD_StdItfReq
                0x0800749e       0x84 CMakeFiles/JUSTOS.elf.dir/Middlewares/ST/STM32_USB_Device_Library/Core/Src/usbd_ctlreq.c.obj
                0x0800749e                USBD_StdItfReq
 .text.USBD_StdEPReq
                0x08007522      0x232 CMakeFiles/JUSTOS.elf.dir/Middlewares/ST/STM32_USB_Device_Library/Core/Src/usbd_ctlreq.c.obj
                0x08007522                USBD_StdEPReq
 .text.USBD_GetString
                0x08007754       0x46 CMakeFiles/JUSTOS.elf.dir/Middlewares/ST/STM32_USB_Device_Library/Core/Src/usbd_ctlreq.c.obj
                0x08007754                USBD_GetString
 .text.USBD_CtlSendData
                0x0800779a       0x1c CMakeFiles/JUSTOS.elf.dir/Middlewares/ST/STM32_USB_Device_Library/Core/Src/usbd_ioreq.c.obj
                0x0800779a                USBD_CtlSendData
 .text.USBD_CtlContinueSendData
                0x080077b6       0x10 CMakeFiles/JUSTOS.elf.dir/Middlewares/ST/STM32_USB_Device_Library/Core/Src/usbd_ioreq.c.obj
                0x080077b6                USBD_CtlContinueSendData
 .text.USBD_CtlPrepareRx
                0x080077c6       0x22 CMakeFiles/JUSTOS.elf.dir/Middlewares/ST/STM32_USB_Device_Library/Core/Src/usbd_ioreq.c.obj
                0x080077c6                USBD_CtlPrepareRx
 .text.USBD_CtlContinueRx
                0x080077e8       0x10 CMakeFiles/JUSTOS.elf.dir/Middlewares/ST/STM32_USB_Device_Library/Core/Src/usbd_ioreq.c.obj
                0x080077e8                USBD_CtlContinueRx
 .text.USBD_CtlSendStatus
                0x080077f8       0x16 CMakeFiles/JUSTOS.elf.dir/Middlewares/ST/STM32_USB_Device_Library/Core/Src/usbd_ioreq.c.obj
                0x080077f8                USBD_CtlSendStatus
 .text.USBD_CtlReceiveStatus
                0x0800780e       0x16 CMakeFiles/JUSTOS.elf.dir/Middlewares/ST/STM32_USB_Device_Library/Core/Src/usbd_ioreq.c.obj
                0x0800780e                USBD_CtlReceiveStatus
 .text.makeFreeRtosPriority
                0x08007824        0xc CMakeFiles/JUSTOS.elf.dir/Middlewares/Third_Party/FreeRTOS/Source/CMSIS_RTOS/cmsis_os.c.obj
 .text.inHandlerMode
                0x08007830        0xc CMakeFiles/JUSTOS.elf.dir/Middlewares/Third_Party/FreeRTOS/Source/CMSIS_RTOS/cmsis_os.c.obj
 .text.osKernelStart
                0x0800783c        0xa CMakeFiles/JUSTOS.elf.dir/Middlewares/Third_Party/FreeRTOS/Source/CMSIS_RTOS/cmsis_os.c.obj
                0x0800783c                osKernelStart
 .text.osKernelSysTick
                0x08007846       0x14 CMakeFiles/JUSTOS.elf.dir/Middlewares/Third_Party/FreeRTOS/Source/CMSIS_RTOS/cmsis_os.c.obj
                0x08007846                osKernelSysTick
 .text.osThreadCreate
                0x0800785a       0x66 CMakeFiles/JUSTOS.elf.dir/Middlewares/Third_Party/FreeRTOS/Source/CMSIS_RTOS/cmsis_os.c.obj
                0x0800785a                osThreadCreate
 .text.osDelay  0x080078c0        0xe CMakeFiles/JUSTOS.elf.dir/Middlewares/Third_Party/FreeRTOS/Source/CMSIS_RTOS/cmsis_os.c.obj
                0x080078c0                osDelay
 .text.osMutexCreate
                0x080078ce       0x16 CMakeFiles/JUSTOS.elf.dir/Middlewares/Third_Party/FreeRTOS/Source/CMSIS_RTOS/cmsis_os.c.obj
                0x080078ce                osMutexCreate
 .text.osMutexWait
                0x080078e4       0x60 CMakeFiles/JUSTOS.elf.dir/Middlewares/Third_Party/FreeRTOS/Source/CMSIS_RTOS/cmsis_os.c.obj
                0x080078e4                osMutexWait
 .text.osMutexRelease
                0x08007944       0x5a CMakeFiles/JUSTOS.elf.dir/Middlewares/Third_Party/FreeRTOS/Source/CMSIS_RTOS/cmsis_os.c.obj
                0x08007944                osMutexRelease
 .text.osSemaphoreWait
                0x0800799e       0x5e CMakeFiles/JUSTOS.elf.dir/Middlewares/Third_Party/FreeRTOS/Source/CMSIS_RTOS/cmsis_os.c.obj
                0x0800799e                osSemaphoreWait
 .text.osSemaphoreRelease
                0x080079fc       0x5a CMakeFiles/JUSTOS.elf.dir/Middlewares/Third_Party/FreeRTOS/Source/CMSIS_RTOS/cmsis_os.c.obj
                0x080079fc                osSemaphoreRelease
 .text.osThreadSuspend
                0x08007a56        0xa CMakeFiles/JUSTOS.elf.dir/Middlewares/Third_Party/FreeRTOS/Source/CMSIS_RTOS/cmsis_os.c.obj
                0x08007a56                osThreadSuspend
 .text.vListInitialise
                0x08007a60       0x16 CMakeFiles/JUSTOS.elf.dir/Middlewares/Third_Party/FreeRTOS/Source/list.c.obj
                0x08007a60                vListInitialise
 .text.vListInitialiseItem
                0x08007a76        0x6 CMakeFiles/JUSTOS.elf.dir/Middlewares/Third_Party/FreeRTOS/Source/list.c.obj
                0x08007a76                vListInitialiseItem
 .text.vListInsertEnd
                0x08007a7c       0x16 CMakeFiles/JUSTOS.elf.dir/Middlewares/Third_Party/FreeRTOS/Source/list.c.obj
                0x08007a7c                vListInsertEnd
 .text.vListInsert
                0x08007a92       0x32 CMakeFiles/JUSTOS.elf.dir/Middlewares/Third_Party/FreeRTOS/Source/list.c.obj
                0x08007a92                vListInsert
 .text.uxListRemove
                0x08007ac4       0x26 CMakeFiles/JUSTOS.elf.dir/Middlewares/Third_Party/FreeRTOS/Source/list.c.obj
                0x08007ac4                uxListRemove
 *fill*         0x08007aea        0x2 
 .text.prvTaskExitError
                0x08007aec       0x40 CMakeFiles/JUSTOS.elf.dir/Middlewares/Third_Party/FreeRTOS/Source/portable/GCC/ARM_CM4F/port.c.obj
 .text.prvPortStartFirstTask
                0x08007b2c       0x28 CMakeFiles/JUSTOS.elf.dir/Middlewares/Third_Party/FreeRTOS/Source/portable/GCC/ARM_CM4F/port.c.obj
 .text.vPortEnableVFP
                0x08007b54       0x14 CMakeFiles/JUSTOS.elf.dir/Middlewares/Third_Party/FreeRTOS/Source/portable/GCC/ARM_CM4F/port.c.obj
 .text.pxPortInitialiseStack
                0x08007b68       0x2c CMakeFiles/JUSTOS.elf.dir/Middlewares/Third_Party/FreeRTOS/Source/portable/GCC/ARM_CM4F/port.c.obj
                0x08007b68                pxPortInitialiseStack
 *fill*         0x08007b94        0xc 
 .text.SVC_Handler
                0x08007ba0       0x24 CMakeFiles/JUSTOS.elf.dir/Middlewares/Third_Party/FreeRTOS/Source/portable/GCC/ARM_CM4F/port.c.obj
                0x08007ba0                SVC_Handler
 .text.vPortEnterCritical
                0x08007bc4       0x44 CMakeFiles/JUSTOS.elf.dir/Middlewares/Third_Party/FreeRTOS/Source/portable/GCC/ARM_CM4F/port.c.obj
                0x08007bc4                vPortEnterCritical
 .text.vPortExitCritical
                0x08007c08       0x2c CMakeFiles/JUSTOS.elf.dir/Middlewares/Third_Party/FreeRTOS/Source/portable/GCC/ARM_CM4F/port.c.obj
                0x08007c08                vPortExitCritical
 *fill*         0x08007c34        0xc 
 .text.PendSV_Handler
                0x08007c40       0x64 CMakeFiles/JUSTOS.elf.dir/Middlewares/Third_Party/FreeRTOS/Source/portable/GCC/ARM_CM4F/port.c.obj
                0x08007c40                PendSV_Handler
 .text.SysTick_Handler
                0x08007ca4       0x2c CMakeFiles/JUSTOS.elf.dir/Middlewares/Third_Party/FreeRTOS/Source/portable/GCC/ARM_CM4F/port.c.obj
                0x08007ca4                SysTick_Handler
 .text.vPortSetupTimerInterrupt
                0x08007cd0       0x28 CMakeFiles/JUSTOS.elf.dir/Middlewares/Third_Party/FreeRTOS/Source/portable/GCC/ARM_CM4F/port.c.obj
                0x08007cd0                vPortSetupTimerInterrupt
 .text.xPortStartScheduler
                0x08007cf8      0x118 CMakeFiles/JUSTOS.elf.dir/Middlewares/Third_Party/FreeRTOS/Source/portable/GCC/ARM_CM4F/port.c.obj
                0x08007cf8                xPortStartScheduler
 .text.vPortValidateInterruptPriority
                0x08007e10       0x5c CMakeFiles/JUSTOS.elf.dir/Middlewares/Third_Party/FreeRTOS/Source/portable/GCC/ARM_CM4F/port.c.obj
                0x08007e10                vPortValidateInterruptPriority
 .text.prvHeapInit
                0x08007e6c       0x64 CMakeFiles/JUSTOS.elf.dir/Middlewares/Third_Party/FreeRTOS/Source/portable/MemMang/heap_4.c.obj
 .text.prvInsertBlockIntoFreeList
                0x08007ed0       0x64 CMakeFiles/JUSTOS.elf.dir/Middlewares/Third_Party/FreeRTOS/Source/portable/MemMang/heap_4.c.obj
 .text.pvPortMalloc
                0x08007f34      0x104 CMakeFiles/JUSTOS.elf.dir/Middlewares/Third_Party/FreeRTOS/Source/portable/MemMang/heap_4.c.obj
                0x08007f34                pvPortMalloc
 .text.vPortFree
                0x08008038       0x7c CMakeFiles/JUSTOS.elf.dir/Middlewares/Third_Party/FreeRTOS/Source/portable/MemMang/heap_4.c.obj
                0x08008038                vPortFree
 .text.xPortGetFreeHeapSize
                0x080080b4        0xc CMakeFiles/JUSTOS.elf.dir/Middlewares/Third_Party/FreeRTOS/Source/portable/MemMang/heap_4.c.obj
                0x080080b4                xPortGetFreeHeapSize
 .text.prvGetDisinheritPriorityAfterTimeout
                0x080080c0       0x10 CMakeFiles/JUSTOS.elf.dir/Middlewares/Third_Party/FreeRTOS/Source/queue.c.obj
 .text.prvIsQueueFull
                0x080080d0       0x1e CMakeFiles/JUSTOS.elf.dir/Middlewares/Third_Party/FreeRTOS/Source/queue.c.obj
 .text.prvIsQueueEmpty
                0x080080ee       0x1a CMakeFiles/JUSTOS.elf.dir/Middlewares/Third_Party/FreeRTOS/Source/queue.c.obj
 .text.prvCopyDataToQueue
                0x08008108       0x76 CMakeFiles/JUSTOS.elf.dir/Middlewares/Third_Party/FreeRTOS/Source/queue.c.obj
 .text.prvCopyDataFromQueue
                0x0800817e       0x24 CMakeFiles/JUSTOS.elf.dir/Middlewares/Third_Party/FreeRTOS/Source/queue.c.obj
 .text.prvUnlockQueue
                0x080081a2       0x6e CMakeFiles/JUSTOS.elf.dir/Middlewares/Third_Party/FreeRTOS/Source/queue.c.obj
 .text.xQueueGenericReset
                0x08008210       0x84 CMakeFiles/JUSTOS.elf.dir/Middlewares/Third_Party/FreeRTOS/Source/queue.c.obj
                0x08008210                xQueueGenericReset
 .text.prvInitialiseNewQueue
                0x08008294       0x1c CMakeFiles/JUSTOS.elf.dir/Middlewares/Third_Party/FreeRTOS/Source/queue.c.obj
 .text.xQueueGenericCreateStatic
                0x080082b0       0x94 CMakeFiles/JUSTOS.elf.dir/Middlewares/Third_Party/FreeRTOS/Source/queue.c.obj
                0x080082b0                xQueueGenericCreateStatic
 .text.xQueueGenericCreate
                0x08008344       0x48 CMakeFiles/JUSTOS.elf.dir/Middlewares/Third_Party/FreeRTOS/Source/queue.c.obj
                0x08008344                xQueueGenericCreate
 .text.xQueueGenericSend
                0x0800838c      0x188 CMakeFiles/JUSTOS.elf.dir/Middlewares/Third_Party/FreeRTOS/Source/queue.c.obj
                0x0800838c                xQueueGenericSend
 .text.prvInitialiseMutex
                0x08008514       0x18 CMakeFiles/JUSTOS.elf.dir/Middlewares/Third_Party/FreeRTOS/Source/queue.c.obj
 .text.xQueueCreateMutex
                0x0800852c       0x16 CMakeFiles/JUSTOS.elf.dir/Middlewares/Third_Party/FreeRTOS/Source/queue.c.obj
                0x0800852c                xQueueCreateMutex
 .text.xQueueCreateMutexStatic
                0x08008542       0x1e CMakeFiles/JUSTOS.elf.dir/Middlewares/Third_Party/FreeRTOS/Source/queue.c.obj
                0x08008542                xQueueCreateMutexStatic
 .text.xQueueGiveFromISR
                0x08008560       0xb2 CMakeFiles/JUSTOS.elf.dir/Middlewares/Third_Party/FreeRTOS/Source/queue.c.obj
                0x08008560                xQueueGiveFromISR
 .text.xQueueSemaphoreTake
                0x08008612      0x1a6 CMakeFiles/JUSTOS.elf.dir/Middlewares/Third_Party/FreeRTOS/Source/queue.c.obj
                0x08008612                xQueueSemaphoreTake
 .text.xQueueReceiveFromISR
                0x080087b8       0xae CMakeFiles/JUSTOS.elf.dir/Middlewares/Third_Party/FreeRTOS/Source/queue.c.obj
                0x080087b8                xQueueReceiveFromISR
 *fill*         0x08008866        0x2 
 .text.prvResetNextTaskUnblockTime
                0x08008868       0x2c CMakeFiles/JUSTOS.elf.dir/Middlewares/Third_Party/FreeRTOS/Source/tasks.c.obj
 .text.prvInitialiseNewTask
                0x08008894       0xfc CMakeFiles/JUSTOS.elf.dir/Middlewares/Third_Party/FreeRTOS/Source/tasks.c.obj
 .text.prvInitialiseTaskLists
                0x08008990       0x68 CMakeFiles/JUSTOS.elf.dir/Middlewares/Third_Party/FreeRTOS/Source/tasks.c.obj
 .text.prvAddNewTaskToReadyList
                0x080089f8       0xa8 CMakeFiles/JUSTOS.elf.dir/Middlewares/Third_Party/FreeRTOS/Source/tasks.c.obj
 .text.prvDeleteTCB
                0x08008aa0       0x40 CMakeFiles/JUSTOS.elf.dir/Middlewares/Third_Party/FreeRTOS/Source/tasks.c.obj
 .text.prvCheckTasksWaitingTermination
                0x08008ae0       0x4c CMakeFiles/JUSTOS.elf.dir/Middlewares/Third_Party/FreeRTOS/Source/tasks.c.obj
 .text.prvIdleTask
                0x08008b2c       0x28 CMakeFiles/JUSTOS.elf.dir/Middlewares/Third_Party/FreeRTOS/Source/tasks.c.obj
 .text.prvAddCurrentTaskToDelayedList
                0x08008b54       0x98 CMakeFiles/JUSTOS.elf.dir/Middlewares/Third_Party/FreeRTOS/Source/tasks.c.obj
 .text.xTaskCreateStatic
                0x08008bec       0x7a CMakeFiles/JUSTOS.elf.dir/Middlewares/Third_Party/FreeRTOS/Source/tasks.c.obj
                0x08008bec                xTaskCreateStatic
 .text.xTaskCreate
                0x08008c66       0x66 CMakeFiles/JUSTOS.elf.dir/Middlewares/Third_Party/FreeRTOS/Source/tasks.c.obj
                0x08008c66                xTaskCreate
 .text.vTaskStartScheduler
                0x08008ccc       0x84 CMakeFiles/JUSTOS.elf.dir/Middlewares/Third_Party/FreeRTOS/Source/tasks.c.obj
                0x08008ccc                vTaskStartScheduler
 .text.vTaskSuspendAll
                0x08008d50       0x10 CMakeFiles/JUSTOS.elf.dir/Middlewares/Third_Party/FreeRTOS/Source/tasks.c.obj
                0x08008d50                vTaskSuspendAll
 .text.xTaskGetTickCount
                0x08008d60        0xc CMakeFiles/JUSTOS.elf.dir/Middlewares/Third_Party/FreeRTOS/Source/tasks.c.obj
                0x08008d60                xTaskGetTickCount
 .text.xTaskGetTickCountFromISR
                0x08008d6c       0x10 CMakeFiles/JUSTOS.elf.dir/Middlewares/Third_Party/FreeRTOS/Source/tasks.c.obj
                0x08008d6c                xTaskGetTickCountFromISR
 .text.pcTaskGetName
                0x08008d7c       0x28 CMakeFiles/JUSTOS.elf.dir/Middlewares/Third_Party/FreeRTOS/Source/tasks.c.obj
                0x08008d7c                pcTaskGetName
 .text.xTaskIncrementTick
                0x08008da4      0x118 CMakeFiles/JUSTOS.elf.dir/Middlewares/Third_Party/FreeRTOS/Source/tasks.c.obj
                0x08008da4                xTaskIncrementTick
 .text.xTaskResumeAll
                0x08008ebc       0xf8 CMakeFiles/JUSTOS.elf.dir/Middlewares/Third_Party/FreeRTOS/Source/tasks.c.obj
                0x08008ebc                xTaskResumeAll
 .text.vTaskDelay
                0x08008fb4       0x4c CMakeFiles/JUSTOS.elf.dir/Middlewares/Third_Party/FreeRTOS/Source/tasks.c.obj
                0x08008fb4                vTaskDelay
 .text.vTaskSwitchContext
                0x08009000       0xa4 CMakeFiles/JUSTOS.elf.dir/Middlewares/Third_Party/FreeRTOS/Source/tasks.c.obj
                0x08009000                vTaskSwitchContext
 .text.vTaskSuspend
                0x080090a4       0xec CMakeFiles/JUSTOS.elf.dir/Middlewares/Third_Party/FreeRTOS/Source/tasks.c.obj
                0x080090a4                vTaskSuspend
 .text.vTaskPlaceOnEventList
                0x08009190       0x30 CMakeFiles/JUSTOS.elf.dir/Middlewares/Third_Party/FreeRTOS/Source/tasks.c.obj
                0x08009190                vTaskPlaceOnEventList
 .text.xTaskRemoveFromEventList
                0x080091c0       0x8c CMakeFiles/JUSTOS.elf.dir/Middlewares/Third_Party/FreeRTOS/Source/tasks.c.obj
                0x080091c0                xTaskRemoveFromEventList
 .text.vTaskInternalSetTimeOutState
                0x0800924c       0x18 CMakeFiles/JUSTOS.elf.dir/Middlewares/Third_Party/FreeRTOS/Source/tasks.c.obj
                0x0800924c                vTaskInternalSetTimeOutState
 .text.xTaskCheckForTimeOut
                0x08009264       0x84 CMakeFiles/JUSTOS.elf.dir/Middlewares/Third_Party/FreeRTOS/Source/tasks.c.obj
                0x08009264                xTaskCheckForTimeOut
 .text.vTaskMissedYield
                0x080092e8        0xc CMakeFiles/JUSTOS.elf.dir/Middlewares/Third_Party/FreeRTOS/Source/tasks.c.obj
                0x080092e8                vTaskMissedYield
 .text.xTaskGetCurrentTaskHandle
                0x080092f4        0xc CMakeFiles/JUSTOS.elf.dir/Middlewares/Third_Party/FreeRTOS/Source/tasks.c.obj
                0x080092f4                xTaskGetCurrentTaskHandle
 .text.xTaskGetSchedulerState
                0x08009300       0x20 CMakeFiles/JUSTOS.elf.dir/Middlewares/Third_Party/FreeRTOS/Source/tasks.c.obj
                0x08009300                xTaskGetSchedulerState
 .text.xTaskPriorityInherit
                0x08009320       0xac CMakeFiles/JUSTOS.elf.dir/Middlewares/Third_Party/FreeRTOS/Source/tasks.c.obj
                0x08009320                xTaskPriorityInherit
 .text.xTaskPriorityDisinherit
                0x080093cc       0xb0 CMakeFiles/JUSTOS.elf.dir/Middlewares/Third_Party/FreeRTOS/Source/tasks.c.obj
                0x080093cc                xTaskPriorityDisinherit
 .text.vTaskPriorityDisinheritAfterTimeout
                0x0800947c       0xb4 CMakeFiles/JUSTOS.elf.dir/Middlewares/Third_Party/FreeRTOS/Source/tasks.c.obj
                0x0800947c                vTaskPriorityDisinheritAfterTimeout
 .text.pvTaskIncrementMutexHeldCount
                0x08009530       0x1c CMakeFiles/JUSTOS.elf.dir/Middlewares/Third_Party/FreeRTOS/Source/tasks.c.obj
                0x08009530                pvTaskIncrementMutexHeldCount
 .text.MX_USB_DEVICE_Init
                0x0800954c       0x54 CMakeFiles/JUSTOS.elf.dir/USB_DEVICE/App/usb_device.c.obj
                0x0800954c                MX_USB_DEVICE_Init
 .text.CDC_DeInit_FS
                0x080095a0        0x4 CMakeFiles/JUSTOS.elf.dir/USB_DEVICE/App/usbd_cdc_if.c.obj
 .text.CDC_Control_FS
                0x080095a4        0x4 CMakeFiles/JUSTOS.elf.dir/USB_DEVICE/App/usbd_cdc_if.c.obj
 .text.CDC_TransmitCplt_FS
                0x080095a8        0x4 CMakeFiles/JUSTOS.elf.dir/USB_DEVICE/App/usbd_cdc_if.c.obj
 .text.CDC_Receive_FS
                0x080095ac       0x28 CMakeFiles/JUSTOS.elf.dir/USB_DEVICE/App/usbd_cdc_if.c.obj
 .text.CDC_Init_FS
                0x080095d4       0x28 CMakeFiles/JUSTOS.elf.dir/USB_DEVICE/App/usbd_cdc_if.c.obj
 .text.CDC_Transmit_FS
                0x080095fc       0x2c CMakeFiles/JUSTOS.elf.dir/USB_DEVICE/App/usbd_cdc_if.c.obj
                0x080095fc                CDC_Transmit_FS
 .text.USBD_FS_DeviceDescriptor
                0x08009628        0xc CMakeFiles/JUSTOS.elf.dir/USB_DEVICE/App/usbd_desc.c.obj
                0x08009628                USBD_FS_DeviceDescriptor
 .text.USBD_FS_LangIDStrDescriptor
                0x08009634        0xc CMakeFiles/JUSTOS.elf.dir/USB_DEVICE/App/usbd_desc.c.obj
                0x08009634                USBD_FS_LangIDStrDescriptor
 .text.USBD_FS_USR_BOSDescriptor
                0x08009640        0xc CMakeFiles/JUSTOS.elf.dir/USB_DEVICE/App/usbd_desc.c.obj
                0x08009640                USBD_FS_USR_BOSDescriptor
 .text.IntToUnicode
                0x0800964c       0x46 CMakeFiles/JUSTOS.elf.dir/USB_DEVICE/App/usbd_desc.c.obj
 *fill*         0x08009692        0x2 
 .text.Get_SerialNum
                0x08009694       0x38 CMakeFiles/JUSTOS.elf.dir/USB_DEVICE/App/usbd_desc.c.obj
 .text.USBD_FS_SerialStrDescriptor
                0x080096cc       0x14 CMakeFiles/JUSTOS.elf.dir/USB_DEVICE/App/usbd_desc.c.obj
                0x080096cc                USBD_FS_SerialStrDescriptor
 .text.USBD_FS_ProductStrDescriptor
                0x080096e0       0x24 CMakeFiles/JUSTOS.elf.dir/USB_DEVICE/App/usbd_desc.c.obj
                0x080096e0                USBD_FS_ProductStrDescriptor
 .text.USBD_FS_ManufacturerStrDescriptor
                0x08009704       0x1c CMakeFiles/JUSTOS.elf.dir/USB_DEVICE/App/usbd_desc.c.obj
                0x08009704                USBD_FS_ManufacturerStrDescriptor
 .text.USBD_FS_ConfigStrDescriptor
                0x08009720       0x24 CMakeFiles/JUSTOS.elf.dir/USB_DEVICE/App/usbd_desc.c.obj
                0x08009720                USBD_FS_ConfigStrDescriptor
 .text.USBD_FS_InterfaceStrDescriptor
                0x08009744       0x24 CMakeFiles/JUSTOS.elf.dir/USB_DEVICE/App/usbd_desc.c.obj
                0x08009744                USBD_FS_InterfaceStrDescriptor
 .text.HAL_PCD_MspInit
                0x08009768       0xa8 CMakeFiles/JUSTOS.elf.dir/USB_DEVICE/Target/usbd_conf.c.obj
                0x08009768                HAL_PCD_MspInit
 .text.HAL_PCD_SetupStageCallback
                0x08009810       0x10 CMakeFiles/JUSTOS.elf.dir/USB_DEVICE/Target/usbd_conf.c.obj
                0x08009810                HAL_PCD_SetupStageCallback
 .text.HAL_PCD_DataOutStageCallback
                0x08009820       0x18 CMakeFiles/JUSTOS.elf.dir/USB_DEVICE/Target/usbd_conf.c.obj
                0x08009820                HAL_PCD_DataOutStageCallback
 .text.HAL_PCD_DataInStageCallback
                0x08009838       0x16 CMakeFiles/JUSTOS.elf.dir/USB_DEVICE/Target/usbd_conf.c.obj
                0x08009838                HAL_PCD_DataInStageCallback
 .text.HAL_PCD_SOFCallback
                0x0800984e        0xc CMakeFiles/JUSTOS.elf.dir/USB_DEVICE/Target/usbd_conf.c.obj
                0x0800984e                HAL_PCD_SOFCallback
 .text.HAL_PCD_ResetCallback
                0x0800985a       0x28 CMakeFiles/JUSTOS.elf.dir/USB_DEVICE/Target/usbd_conf.c.obj
                0x0800985a                HAL_PCD_ResetCallback
 *fill*         0x08009882        0x2 
 .text.HAL_PCD_SuspendCallback
                0x08009884       0x30 CMakeFiles/JUSTOS.elf.dir/USB_DEVICE/Target/usbd_conf.c.obj
                0x08009884                HAL_PCD_SuspendCallback
 .text.HAL_PCD_ResumeCallback
                0x080098b4        0xc CMakeFiles/JUSTOS.elf.dir/USB_DEVICE/Target/usbd_conf.c.obj
                0x080098b4                HAL_PCD_ResumeCallback
 .text.HAL_PCD_ISOOUTIncompleteCallback
                0x080098c0        0xc CMakeFiles/JUSTOS.elf.dir/USB_DEVICE/Target/usbd_conf.c.obj
                0x080098c0                HAL_PCD_ISOOUTIncompleteCallback
 .text.HAL_PCD_ISOINIncompleteCallback
                0x080098cc        0xc CMakeFiles/JUSTOS.elf.dir/USB_DEVICE/Target/usbd_conf.c.obj
                0x080098cc                HAL_PCD_ISOINIncompleteCallback
 .text.HAL_PCD_ConnectCallback
                0x080098d8        0xc CMakeFiles/JUSTOS.elf.dir/USB_DEVICE/Target/usbd_conf.c.obj
                0x080098d8                HAL_PCD_ConnectCallback
 .text.HAL_PCD_DisconnectCallback
                0x080098e4        0xc CMakeFiles/JUSTOS.elf.dir/USB_DEVICE/Target/usbd_conf.c.obj
                0x080098e4                HAL_PCD_DisconnectCallback
 .text.USBD_LL_Init
                0x080098f0       0x68 CMakeFiles/JUSTOS.elf.dir/USB_DEVICE/Target/usbd_conf.c.obj
                0x080098f0                USBD_LL_Init
 .text.USBD_LL_IsStallEP
                0x08009958       0x2c CMakeFiles/JUSTOS.elf.dir/USB_DEVICE/Target/usbd_conf.c.obj
                0x08009958                USBD_LL_IsStallEP
 .text.USBD_LL_GetRxDataSize
                0x08009984        0xc CMakeFiles/JUSTOS.elf.dir/USB_DEVICE/Target/usbd_conf.c.obj
                0x08009984                USBD_LL_GetRxDataSize
 .text.HAL_PCDEx_LPM_Callback
                0x08009990       0x60 CMakeFiles/JUSTOS.elf.dir/USB_DEVICE/Target/usbd_conf.c.obj
                0x08009990                HAL_PCDEx_LPM_Callback
 .text.USBD_static_malloc
                0x080099f0        0x8 CMakeFiles/JUSTOS.elf.dir/USB_DEVICE/Target/usbd_conf.c.obj
                0x080099f0                USBD_static_malloc
 .text.USBD_static_free
                0x080099f8        0x2 CMakeFiles/JUSTOS.elf.dir/USB_DEVICE/Target/usbd_conf.c.obj
                0x080099f8                USBD_static_free
 .text.USBD_Get_USB_Status
                0x080099fa       0x14 CMakeFiles/JUSTOS.elf.dir/USB_DEVICE/Target/usbd_conf.c.obj
                0x080099fa                USBD_Get_USB_Status
 .text.USBD_LL_Start
                0x08009a0e       0x10 CMakeFiles/JUSTOS.elf.dir/USB_DEVICE/Target/usbd_conf.c.obj
                0x08009a0e                USBD_LL_Start
 .text.USBD_LL_OpenEP
                0x08009a1e       0x16 CMakeFiles/JUSTOS.elf.dir/USB_DEVICE/Target/usbd_conf.c.obj
                0x08009a1e                USBD_LL_OpenEP
 .text.USBD_LL_CloseEP
                0x08009a34       0x10 CMakeFiles/JUSTOS.elf.dir/USB_DEVICE/Target/usbd_conf.c.obj
                0x08009a34                USBD_LL_CloseEP
 .text.USBD_LL_StallEP
                0x08009a44       0x10 CMakeFiles/JUSTOS.elf.dir/USB_DEVICE/Target/usbd_conf.c.obj
                0x08009a44                USBD_LL_StallEP
 .text.USBD_LL_ClearStallEP