Archive member included to satisfy reference by file (symbol)

C:/Users/33576/Desktop/nf44/Middlewares/ST/ARM/DSP/Lib\libarm_cortexM4lf_math.a(arm_mat_trans_f32.o)
                              CMakeFiles/JUSTOS.elf.dir/justfw/lib/QuaternionEKF/QuaternionEKF.c.obj (arm_mat_trans_f32)
C:/Users/33576/Desktop/nf44/Middlewares/ST/ARM/DSP/Lib\libarm_cortexM4lf_math.a(arm_mat_sub_f32.o)
                              CMakeFiles/JUSTOS.elf.dir/justfw/lib/QuaternionEKF/QuaternionEKF.c.obj (arm_mat_sub_f32)
C:/Users/33576/Desktop/nf44/Middlewares/ST/ARM/DSP/Lib\libarm_cortexM4lf_math.a(arm_mat_mult_f32.o)
                              CMakeFiles/JUSTOS.elf.dir/justfw/lib/QuaternionEKF/QuaternionEKF.c.obj (arm_mat_mult_f32)
C:/Users/33576/Desktop/nf44/Middlewares/ST/ARM/DSP/Lib\libarm_cortexM4lf_math.a(arm_mat_inverse_f32.o)
                              CMakeFiles/JUSTOS.elf.dir/justfw/lib/QuaternionEKF/QuaternionEKF.c.obj (arm_mat_inverse_f32)
C:/Users/33576/Desktop/nf44/Middlewares/ST/ARM/DSP/Lib\libarm_cortexM4lf_math.a(arm_mat_init_f32.o)
                              CMakeFiles/JUSTOS.elf.dir/justfw/lib/QuaternionEKF/QuaternionEKF.c.obj (arm_mat_init_f32)
C:/Users/33576/Desktop/nf44/Middlewares/ST/ARM/DSP/Lib\libarm_cortexM4lf_math.a(arm_mat_add_f32.o)
                              CMakeFiles/JUSTOS.elf.dir/justfw/lib/QuaternionEKF/QuaternionEKF.c.obj (arm_mat_add_f32)
D:/ST/STM32CubeCLT_1.17.0/GNU-tools-for-STM32/bin/../lib/gcc/arm-none-eabi/12.3.1/thumb/v7e-m+fp/hard\libgcc.a(_arm_muldf3.o)
                              CMakeFiles/JUSTOS.elf.dir/justfw/lib/easyflash/plugins/types/struct2json/src/cJSON.c.obj (__aeabi_dmul)
D:/ST/STM32CubeCLT_1.17.0/GNU-tools-for-STM32/bin/../lib/gcc/arm-none-eabi/12.3.1/thumb/v7e-m+fp/hard\libgcc.a(_arm_addsubdf3.o)
                              CMakeFiles/JUSTOS.elf.dir/justfw/lib/easyflash/plugins/types/struct2json/src/cJSON.c.obj (__aeabi_dsub)
D:/ST/STM32CubeCLT_1.17.0/GNU-tools-for-STM32/bin/../lib/gcc/arm-none-eabi/12.3.1/thumb/v7e-m+fp/hard\libgcc.a(_arm_muldivdf3.o)
                              CMakeFiles/JUSTOS.elf.dir/justfw/modules/BSP/BSP_DWT/bsp_dwt.c.obj (__aeabi_ddiv)
D:/ST/STM32CubeCLT_1.17.0/GNU-tools-for-STM32/bin/../lib/gcc/arm-none-eabi/12.3.1/thumb/v7e-m+fp/hard\libgcc.a(_arm_cmpdf2.o)
                              CMakeFiles/JUSTOS.elf.dir/justfw/lib/easyflash/plugins/types/struct2json/src/cJSON.c.obj (__aeabi_dcmpeq)
D:/ST/STM32CubeCLT_1.17.0/GNU-tools-for-STM32/bin/../lib/gcc/arm-none-eabi/12.3.1/thumb/v7e-m+fp/hard\libgcc.a(_arm_unorddf2.o)
                              CMakeFiles/JUSTOS.elf.dir/justfw/lib/easyflash/plugins/types/struct2json/src/cJSON.c.obj (__aeabi_dcmpun)
D:/ST/STM32CubeCLT_1.17.0/GNU-tools-for-STM32/bin/../lib/gcc/arm-none-eabi/12.3.1/thumb/v7e-m+fp/hard\libgcc.a(_arm_fixdfsi.o)
                              CMakeFiles/JUSTOS.elf.dir/justfw/lib/easyflash/plugins/types/struct2json/src/cJSON.c.obj (__aeabi_d2iz)
D:/ST/STM32CubeCLT_1.17.0/GNU-tools-for-STM32/bin/../lib/gcc/arm-none-eabi/12.3.1/thumb/v7e-m+fp/hard\libgcc.a(_arm_truncdfsf2.o)
                              CMakeFiles/JUSTOS.elf.dir/justfw/lib/easyflash/plugins/types/ef_types.c.obj (__aeabi_d2f)
D:/ST/STM32CubeCLT_1.17.0/GNU-tools-for-STM32/bin/../lib/gcc/arm-none-eabi/12.3.1/thumb/v7e-m+fp/hard\libgcc.a(_arm_addsubsf3.o)
                              CMakeFiles/JUSTOS.elf.dir/justfw/lib/userlib/user_lib.c.obj (__aeabi_ul2f)
D:/ST/STM32CubeCLT_1.17.0/GNU-tools-for-STM32/bin/../lib/gcc/arm-none-eabi/12.3.1/thumb/v7e-m+fp/hard\libgcc.a(_aeabi_uldivmod.o)
                              CMakeFiles/JUSTOS.elf.dir/Drivers/STM32F4xx_HAL_Driver/Src/stm32f4xx_hal_rcc.c.obj (__aeabi_uldivmod)
D:/ST/STM32CubeCLT_1.17.0/GNU-tools-for-STM32/bin/../lib/gcc/arm-none-eabi/12.3.1/thumb/v7e-m+fp/hard\libgcc.a(_udivmoddi4.o)
                              D:/ST/STM32CubeCLT_1.17.0/GNU-tools-for-STM32/bin/../lib/gcc/arm-none-eabi/12.3.1/thumb/v7e-m+fp/hard\libgcc.a(_aeabi_uldivmod.o) (__udivmoddi4)
D:/ST/STM32CubeCLT_1.17.0/GNU-tools-for-STM32/bin/../lib/gcc/arm-none-eabi/12.3.1/thumb/v7e-m+fp/hard\libgcc.a(_dvmd_tls.o)
                              D:/ST/STM32CubeCLT_1.17.0/GNU-tools-for-STM32/bin/../lib/gcc/arm-none-eabi/12.3.1/thumb/v7e-m+fp/hard\libgcc.a(_aeabi_uldivmod.o) (__aeabi_ldiv0)
D:/ST/STM32CubeCLT_1.17.0/GNU-tools-for-STM32/bin/../lib/gcc/arm-none-eabi/12.3.1/../../../../arm-none-eabi/lib/thumb/v7e-m+fp/hard\libg.a(libc_a-atof.o)
                              CMakeFiles/JUSTOS.elf.dir/justfw/lib/easyflash/plugins/types/ef_types.c.obj (atof)
D:/ST/STM32CubeCLT_1.17.0/GNU-tools-for-STM32/bin/../lib/gcc/arm-none-eabi/12.3.1/../../../../arm-none-eabi/lib/thumb/v7e-m+fp/hard\libg.a(libc_a-atoi.o)
                              CMakeFiles/JUSTOS.elf.dir/justfw/lib/easyflash/plugins/types/ef_types.c.obj (atoi)
D:/ST/STM32CubeCLT_1.17.0/GNU-tools-for-STM32/bin/../lib/gcc/arm-none-eabi/12.3.1/../../../../arm-none-eabi/lib/thumb/v7e-m+fp/hard\libg.a(libc_a-atol.o)
[...]
Memory Configuration

Name             Origin             Length             Attributes
RAM              0x20000000         0x00020000         xrw
FLASH            0x08000000         0x00040000         xr
*default*        0x00000000         0xffffffff

Linker script and memory map

LOAD D:/ST/STM32CubeCLT_1.17.0/GNU-tools-for-STM32/bin/../lib/gcc/arm-none-eabi/12.3.1/thumb/v7e-m+fp/hard/crti.o
LOAD D:/ST/STM32CubeCLT_1.17.0/GNU-tools-for-STM32/bin/../lib/gcc/arm-none-eabi/12.3.1/thumb/v7e-m+fp/hard/crtbegin.o
LOAD D:/ST/STM32CubeCLT_1.17.0/GNU-tools-for-STM32/bin/../lib/gcc/arm-none-eabi/12.3.1/../../../../arm-none-eabi/lib/thumb/v7e-m+fp/hard/crt0.o
LOAD CMakeFiles/JUSTOS.elf.dir/Core/Src/adc.c.obj
LOAD CMakeFiles/JUSTOS.elf.dir/Core/Src/can.c.obj
LOAD CMakeFiles/JUSTOS.elf.dir/Core/Src/crc.c.obj
LOAD CMakeFiles/JUSTOS.elf.dir/Core/Src/dma.c.obj
LOAD CMakeFiles/JUSTOS.elf.dir/Core/Src/freertos.c.obj
LOAD CMakeFiles/JUSTOS.elf.dir/Core/Src/gpio.c.obj
LOAD CMakeFiles/JUSTOS.elf.dir/Core/Src/i2c.c.obj
LOAD CMakeFiles/JUSTOS.elf.dir/Core/Src/main.c.obj
LOAD CMakeFiles/JUSTOS.elf.dir/Core/Src/spi.c.obj
LOAD CMakeFiles/JUSTOS.elf.dir/Core/Src/stm32f4xx_hal_msp.c.obj
LOAD CMakeFiles/JUSTOS.elf.dir/Core/Src/stm32f4xx_hal_timebase_tim.c.obj
LOAD CMakeFiles/JUSTOS.elf.dir/Core/Src/stm32f4xx_it.c.obj
LOAD CMakeFiles/JUSTOS.elf.dir/Core/Src/syscalls.c.obj
LOAD CMakeFiles/JUSTOS.elf.dir/Core/Src/sysmem.c.obj
LOAD CMakeFiles/JUSTOS.elf.dir/Core/Src/system_stm32f4xx.c.obj
LOAD CMakeFiles/JUSTOS.elf.dir/Core/Src/tim.c.obj
LOAD CMakeFiles/JUSTOS.elf.dir/Core/Src/usart.c.obj
LOAD CMakeFiles/JUSTOS.elf.dir/Core/Startup/startup_stm32f446rctx.s.obj
LOAD CMakeFiles/JUSTOS.elf.dir/Drivers/STM32F4xx_HAL_Driver/Src/stm32f4xx_hal.c.obj
LOAD CMakeFiles/JUSTOS.elf.dir/Drivers/STM32F4xx_HAL_Driver/Src/stm32f4xx_hal_adc.c.obj
LOAD CMakeFiles/JUSTOS.elf.dir/Drivers/STM32F4xx_HAL_Driver/Src/stm32f4xx_hal_adc_ex.c.obj
LOAD CMakeFiles/JUSTOS.elf.dir/Drivers/STM32F4xx_HAL_Driver/Src/stm32f4xx_hal_can.c.obj
LOAD CMakeFiles/JUSTOS.elf.dir/Drivers/STM32F4xx_HAL_Driver/Src/stm32f4xx_hal_cortex.c.obj
LOAD CMakeFiles/JUSTOS.elf.dir/Drivers/STM32F4xx_HAL_Driver/Src/stm32f4xx_hal_crc.c.obj
LOAD CMakeFiles/JUSTOS.elf.dir/Drivers/STM32F4xx_HAL_Driver/Src/stm32f4xx_hal_dma.c.obj
LOAD CMakeFiles/JUSTOS.elf.dir/Drivers/STM32F4xx_HAL_Driver/Src/stm32f4xx_hal_dma_ex.c.obj
LOAD CMakeFiles/JUSTOS.elf.dir/Drivers/STM32F4xx_HAL_Driver/Src/stm32f4xx_hal_exti.c.obj
LOAD CMakeFiles/JUSTOS.elf.dir/Drivers/STM32F4xx_HAL_Driver/Src/stm32f4xx_hal_flash.c.obj
LOAD CMakeFiles/JUSTOS.elf.dir/Drivers/STM32F4xx_HAL_Driver/Src/stm32f4xx_hal_flash_ex.c.obj
LOAD CMakeFiles/JUSTOS.elf.dir/Drivers/STM32F4xx_HAL_Driver/Src/stm32f4xx_hal_flash_ramfunc.c.obj
LOAD CMakeFiles/JUSTOS.elf.dir/Drivers/STM32F4xx_HAL_Driver/Src/stm32f4xx_hal_gpio.c.obj
LOAD CMakeFiles/JUSTOS.elf.dir/Drivers/STM32F4xx_HAL_Driver/Src/stm32f4xx_hal_i2c.c.obj
LOAD CMakeFiles/JUSTOS.elf.dir/Drivers/STM32F4xx_HAL_Driver/Src/stm32f4xx_hal_i2c_ex.c.obj
LOAD CMakeFiles/JUSTOS.elf.dir/Drivers/STM32F4xx_HAL_Driver/Src/stm32f4xx_hal_pcd.c.obj
LOAD CMakeFiles/JUSTOS.elf.dir/Drivers/STM32F4xx_HAL_Driver/Src/stm32f4xx_hal_pcd_ex.c.obj
LOAD CMakeFiles/JUSTOS.elf.dir/Drivers/STM32F4xx_HAL_Driver/Src/stm32f4xx_hal_pwr.c.obj
LOAD CMakeFiles/JUSTOS.elf.dir/Drivers/STM32F4xx_HAL_Driver/Src/stm32f4xx_hal_pwr_ex.c.obj
LOAD CMakeFiles/JUSTOS.elf.dir/Drivers/STM32F4xx_HAL_Driver/Src/stm32f4xx_hal_rcc.c.obj
LOAD CMakeFiles/JUSTOS.elf.dir/Drivers/STM32F4xx_HAL_Driver/Src/stm32f4xx_hal_rcc_ex.c.obj
LOAD CMakeFiles/JUSTOS.elf.dir/Drivers/STM32F4xx_HAL_Driver/Src/stm32f4xx_hal_spi.c.obj
LOAD CMakeFiles/JUSTOS.elf.dir/Drivers/STM32F4xx_HAL_Driver/Src/stm32f4xx_hal_tim.c.obj
LOAD CMakeFiles/JUSTOS.elf.dir/Drivers/STM32F4xx_HAL_Driver/Src/stm32f4xx_hal_tim_ex.c.obj
LOAD CMakeFiles/JUSTOS.elf.dir/Drivers/STM32F4xx_HAL_Driver/Src/stm32f4xx_hal_uart.c.obj
LOAD CMakeFiles/JUSTOS.elf.dir/Drivers/STM32F4xx_HAL_Driver/Src/stm32f4xx_ll_adc.c.obj
LOAD CMakeFiles/JUSTOS.elf.dir/Drivers/STM32F4xx_HAL_Driver/Src/stm32f4xx_ll_usb.c.obj
LOAD CMakeFiles/JUSTOS.elf.dir/Middlewares/ST/STM32_USB_Device_Library/Class/CDC/Src/usbd_cdc.c.obj
LOAD CMakeFiles/JUSTOS.elf.dir/Middlewares/ST/STM32_USB_Device_Library/Core/Src/usbd_core.c.obj
LOAD CMakeFiles/JUSTOS.elf.dir/Middlewares/ST/STM32_USB_Device_Library/Core/Src/usbd_ctlreq.c.obj
LOAD CMakeFiles/JUSTOS.elf.dir/Middlewares/ST/STM32_USB_Device_Library/Core/Src/usbd_ioreq.c.obj
LOAD CMakeFiles/JUSTOS.elf.dir/Middlewares/Third_Party/FreeRTOS/Source/CMSIS_RTOS/cmsis_os.c.obj
LOAD CMakeFiles/JUSTOS.elf.dir/Middlewares/Third_Party/FreeRTOS/Source/croutine.c.obj
LOAD CMakeFiles/JUSTOS.elf.dir/Middlewares/Third_Party/FreeRTOS/Source/event_groups.c.obj
LOAD CMakeFiles/JUSTOS.elf.dir/Middlewares/Third_Party/FreeRTOS/Source/list.c.obj
LOAD CMakeFiles/JUSTOS.elf.dir/Middlewares/Third_Party/FreeRTOS/Source/portable/GCC/ARM_CM4F/port.c.obj
LOAD CMakeFiles/JUSTOS.elf.dir/Middlewares/Third_Party/FreeRTOS/Source/portable/MemMang/heap_4.c.obj
LOAD CMakeFiles/JUSTOS.elf.dir/Middlewares/Third_Party/FreeRTOS/Source/queue.c.obj
LOAD CMakeFiles/JUSTOS.elf.dir/Middlewares/Third_Party/FreeRTOS/Source/stream_buffer.c.obj
LOAD CMakeFiles/JUSTOS.elf.dir/Middlewares/Third_Party/FreeRTOS/Source/tasks.c.obj
LOAD CMakeFiles/JUSTOS.elf.dir/Middlewares/Third_Party/FreeRTOS/Source/timers.c.obj
LOAD CMakeFiles/JUSTOS.elf.dir/USB_DEVICE/App/usb_device.c.obj
LOAD CMakeFiles/JUSTOS.elf.dir/USB_DEVICE/App/usbd_cdc_if.c.obj
LOAD CMakeFiles/JUSTOS.elf.dir/USB_DEVICE/App/usbd_desc.c.obj
LOAD CMakeFiles/JUSTOS.elf.dir/USB_DEVICE/Target/usbd_conf.c.obj
LOAD CMakeFiles/JUSTOS.elf.dir/justfw/lib/PID/PID.c.obj
LOAD CMakeFiles/JUSTOS.elf.dir/justfw/lib/PID/PID_classic.c.obj
LOAD CMakeFiles/JUSTOS.elf.dir/justfw/lib/QuaternionEKF/QuaternionEKF.c.obj
LOAD CMakeFiles/JUSTOS.elf.dir/justfw/lib/crc8_crc16/crc8_crc16.c.obj
LOAD CMakeFiles/JUSTOS.elf.dir/justfw/lib/easyflash/plugins/types/ef_types.c.obj
LOAD CMakeFiles/JUSTOS.elf.dir/justfw/lib/easyflash/plugins/types/struct2json/src/cJSON.c.obj
LOAD CMakeFiles/JUSTOS.elf.dir/justfw/lib/easyflash/plugins/types/struct2json/src/s2j.c.obj
LOAD CMakeFiles/JUSTOS.elf.dir/justfw/lib/easyflash/port/ef_port.c.obj
LOAD CMakeFiles/JUSTOS.elf.dir/justfw/lib/easyflash/src/easyflash.c.obj
LOAD CMakeFiles/JUSTOS.elf.dir/justfw/lib/easyflash/src/ef_env.c.obj
LOAD CMakeFiles/JUSTOS.elf.dir/justfw/lib/easyflash/src/ef_env_legacy.c.obj
LOAD CMakeFiles/JUSTOS.elf.dir/justfw/lib/easyflash/src/ef_env_legacy_wl.c.obj
LOAD CMakeFiles/JUSTOS.elf.dir/justfw/lib/easyflash/src/ef_iap.c.obj
LOAD CMakeFiles/JUSTOS.elf.dir/justfw/lib/easyflash/src/ef_log.c.obj
LOAD CMakeFiles/JUSTOS.elf.dir/justfw/lib/easyflash/src/ef_utils.c.obj
LOAD CMakeFiles/JUSTOS.elf.dir/justfw/lib/easylogger/plugins/file/elog_file.c.obj
LOAD CMakeFiles/JUSTOS.elf.dir/justfw/lib/easylogger/plugins/file/elog_file_port.c.obj
LOAD CMakeFiles/JUSTOS.elf.dir/justfw/lib/easylogger/plugins/flash/elog_flash.c.obj
LOAD CMakeFiles/JUSTOS.elf.dir/justfw/lib/easylogger/plugins/flash/elog_flash_port.c.obj
LOAD CMakeFiles/JUSTOS.elf.dir/justfw/lib/easylogger/port/elog_port.c.obj
LOAD CMakeFiles/JUSTOS.elf.dir/justfw/lib/easylogger/src/elog.c.obj
LOAD CMakeFiles/JUSTOS.elf.dir/justfw/lib/easylogger/src/elog_async.c.obj
LOAD CMakeFiles/JUSTOS.elf.dir/justfw/lib/easylogger/src/elog_buf.c.obj
LOAD CMakeFiles/JUSTOS.elf.dir/justfw/lib/easylogger/src/elog_utils.c.obj
LOAD CMakeFiles/JUSTOS.elf.dir/justfw/lib/fifo/fifo.c.obj
LOAD CMakeFiles/JUSTOS.elf.dir/justfw/lib/kalman/kalman.c.obj
LOAD CMakeFiles/JUSTOS.elf.dir/justfw/lib/kalman_filter/kalman_filter.c.obj
LOAD CMakeFiles/JUSTOS.elf.dir/justfw/lib/userlib/EF_com/EF_com.c.obj
LOAD CMakeFiles/JUSTOS.elf.dir/justfw/lib/userlib/user_lib.c.obj
LOAD CMakeFiles/JUSTOS.elf.dir/justfw/modules/BSP/BSP_CAN/BSP_CAN.c.obj
LOAD CMakeFiles/JUSTOS.elf.dir/justfw/modules/BSP/BSP_DWT/bsp_dwt.c.obj
LOAD CMakeFiles/JUSTOS.elf.dir/justfw/modules/BSP/BSP_IT/BSP_IT.c.obj
LOAD CMakeFiles/JUSTOS.elf.dir/justfw/modules/BSP/BSP_LED/BSP_LCD.c.obj
LOAD CMakeFiles/JUSTOS.elf.dir/justfw/modules/BSP/BSP_UART/BSP_UART.c.obj
LOAD CMakeFiles/JUSTOS.elf.dir/justfw/modules/BSP/BSP_USB/BSP_USB.c.obj
LOAD CMakeFiles/JUSTOS.elf.dir/justfw/modules/BSP/BSP_button.h/BSP_button.c.obj
LOAD CMakeFiles/JUSTOS.elf.dir/justfw/modules/BSP/BSP_buzzer/BSP_buzzer.c.obj
LOAD CMakeFiles/JUSTOS.elf.dir/justfw/modules/BSP/BSP_delay/bsp_delay.c.obj
LOAD CMakeFiles/JUSTOS.elf.dir/justfw/modules/BSP/BSP_flash/BSP_W25Qx.c.obj
LOAD CMakeFiles/JUSTOS.elf.dir/justfw/modules/DR16/DR16.c.obj
LOAD CMakeFiles/JUSTOS.elf.dir/justfw/modules/NRF24L01/NRF24L01.c.obj
LOAD CMakeFiles/JUSTOS.elf.dir/justfw/modules/chassis/leg/leg.c.obj
LOAD CMakeFiles/JUSTOS.elf.dir/justfw/modules/chassis/mecanumwheel_chassis/mecanumwheel_chassis.c.obj
LOAD CMakeFiles/JUSTOS.elf.dir/justfw/modules/chassis/omniwheel_chassis/omniwheel_chassis.c.obj
LOAD CMakeFiles/JUSTOS.elf.dir/justfw/modules/core/daemon/daemon.c.obj
LOAD CMakeFiles/JUSTOS.elf.dir/justfw/modules/core/tinybus/tinybus.c.obj
LOAD CMakeFiles/JUSTOS.elf.dir/justfw/modules/debug/LOG/LOG.c.obj
LOAD CMakeFiles/JUSTOS.elf.dir/justfw/modules/debug/freeRTOS_debug/FreertosDebug.c.obj
LOAD CMakeFiles/JUSTOS.elf.dir/justfw/modules/gimbal/gimbal.c.obj
LOAD CMakeFiles/JUSTOS.elf.dir/justfw/modules/launcher/launcher.c.obj
LOAD CMakeFiles/JUSTOS.elf.dir/justfw/modules/logic/drat/drat_logic.c.obj
LOAD CMakeFiles/JUSTOS.elf.dir/justfw/modules/logic/engineer_chassis/enginchas_logic.c.obj
LOAD CMakeFiles/JUSTOS.elf.dir/justfw/modules/logic/engineer_chassis/enginchas_wheel.c.obj
LOAD CMakeFiles/JUSTOS.elf.dir/justfw/modules/logic/hero/hero_logic.c.obj
LOAD CMakeFiles/JUSTOS.elf.dir/justfw/modules/logic/infantry/infantry_logic.c.obj
LOAD CMakeFiles/JUSTOS.elf.dir/justfw/modules/modules.c.obj
LOAD CMakeFiles/JUSTOS.elf.dir/justfw/modules/motors/DM_J8006/dm_j8006.c.obj
LOAD CMakeFiles/JUSTOS.elf.dir/justfw/modules/motors/DMmotors/dm_motor.c.obj
LOAD CMakeFiles/JUSTOS.elf.dir/justfw/modules/motors/GMmotors/C610.c.obj
LOAD CMakeFiles/JUSTOS.elf.dir/justfw/modules/motors/GMmotors/C620.c.obj
LOAD CMakeFiles/JUSTOS.elf.dir/justfw/modules/motors/GMmotors/GM6020.c.obj
LOAD CMakeFiles/JUSTOS.elf.dir/justfw/modules/motors/GMmotors/GMmotors.c.obj
LOAD CMakeFiles/JUSTOS.elf.dir/justfw/modules/motors/MF9025/MF9025.c.obj
LOAD CMakeFiles/JUSTOS.elf.dir/justfw/modules/motors/MG4005/MG4005.c.obj
LOAD CMakeFiles/JUSTOS.elf.dir/justfw/modules/motors/cybergear/cybergear.c.obj
LOAD CMakeFiles/JUSTOS.elf.dir/justfw/modules/motors/steadywin/SteadyWin_MIT.c.obj
LOAD CMakeFiles/JUSTOS.elf.dir/justfw/modules/motors/stepper_motor/stepper_motor.c.obj
LOAD CMakeFiles/JUSTOS.elf.dir/justfw/modules/referee/referee.c.obj
LOAD CMakeFiles/JUSTOS.elf.dir/justfw/modules/shooter/shooter.c.obj
LOAD CMakeFiles/JUSTOS.elf.dir/justfw/modules/super_cap/pm01/pm01.c.obj
LOAD CMakeFiles/JUSTOS.elf.dir/justfw/modules/super_cap/unknown/unknown_super_cap.c.obj
LOAD CMakeFiles/JUSTOS.elf.dir/justfw/modules/test/test.c.obj
LOAD CMakeFiles/JUSTOS.elf.dir/justfw/modules/vision/navigation_com/navigation_com.c.obj
LOAD CMakeFiles/JUSTOS.elf.dir/justfw/modules/vision/vision_com/vision_com.c.obj
LOAD CMakeFiles/JUSTOS.elf.dir/justfw/modules/yue_study/sp/engin_arm/Engin_arm.c.obj
LOAD CMakeFiles/JUSTOS.elf.dir/justfw/modules/yue_study/sp/engin_arm/sp_logic-t.c.obj
LOAD CMakeFiles/JUSTOS.elf.dir/justfw/modules/yue_study/sp/engin_arm/sp_logic01.c.obj
LOAD CMakeFiles/JUSTOS.elf.dir/justfw/modules/yue_study/sp/engin_arm/sp_logic_ju.c.obj
LOAD CMakeFiles/JUSTOS.elf.dir/justfw/modules/yue_study/sp/engin_arm/special_foot.c.obj
LOAD C:/Users/33576/Desktop/nf44/Middlewares/ST/ARM/DSP/Lib\libarm_cortexM4lf_math.a
START GROUP
LOAD D:/ST/STM32CubeCLT_1.17.0/GNU-tools-for-STM32/bin/../lib/gcc/arm-none-eabi/12.3.1/thumb/v7e-m+fp/hard\libgcc.a
LOAD D:/ST/STM32CubeCLT_1.17.0/GNU-tools-for-STM32/bin/../lib/gcc/arm-none-eabi/12.3.1/../../../../arm-none-eabi/lib/thumb/v7e-m+fp/hard\libg.a
LOAD D:/ST/STM32CubeCLT_1.17.0/GNU-tools-for-STM32/bin/../lib/gcc/arm-none-eabi/12.3.1/../../../../arm-none-eabi/lib/thumb/v7e-m+fp/hard\libc.a
END GROUP
LOAD D:/ST/STM32CubeCLT_1.17.0/GNU-tools-for-STM32/bin/../lib/gcc/arm-none-eabi/12.3.1/thumb/v7e-m+fp/hard/crtend.o
LOAD D:/ST/STM32CubeCLT_1.17.0/GNU-tools-for-STM32/bin/../lib/gcc/arm-none-eabi/12.3.1/thumb/v7e-m+fp/hard/crtn.o
                0x20020000                        _estack = (ORIGIN (RAM) + LENGTH (RAM))
                0x00000200                        _Min_Heap_Size = 0x200
                0x00000400                        _Min_Stack_Size = 0x400

.isr_vector     0x08000000      0x1c4
                0x08000000                        . = ALIGN (0x4)
 *(.isr_vector)
 .isr_vector    0x08000000      0x1c4 CMakeFiles/JUSTOS.elf.dir/Core/Startup/startup_stm32f446rctx.s.obj
                0x08000000                g_pfnVectors
                0x080001c4                        . = ALIGN (0x4)

.text           0x080001d0    0x1278c
                0x080001d0                        . = ALIGN (0x4)
 *(.text)
 .text          0x080001d0       0x40 D:/ST/STM32CubeCLT_1.17.0/GNU-tools-for-STM32/bin/../lib/gcc/arm-none-eabi/12.3.1/thumb/v7e-m+fp/hard/crtbegin.o
 .text          0x08000210      0x378 D:/ST/STM32CubeCLT_1.17.0/GNU-tools-for-STM32/bin/../lib/gcc/arm-none-eabi/12.3.1/thumb/v7e-m+fp/hard\libgcc.a(_arm_addsubdf3.o)
                0x08000210                __aeabi_drsub
                0x08000218                __aeabi_dsub
                0x08000218                __subdf3
                0x0800021c                __aeabi_dadd
                0x0800021c                __adddf3
                0x08000494                __floatunsidf
                0x08000494                __aeabi_ui2d
                0x080004b4                __floatsidf
                0x080004b4                __aeabi_i2d
                0x080004d8                __aeabi_f2d
                0x080004d8                __extendsfdf2
                0x0800051c                __floatundidf
                0x0800051c                __aeabi_ul2d
                0x0800052c                __floatdidf
                0x0800052c                __aeabi_l2d
 .text          0x08000588      0x424 D:/ST/STM32CubeCLT_1.17.0/GNU-tools-for-STM32/bin/../lib/gcc/arm-none-eabi/12.3.1/thumb/v7e-m+fp/hard\libgcc.a(_arm_muldivdf3.o)
                0x08000588                __aeabi_dmul
                0x08000588                __muldf3
                0x080007dc                __divdf3
                0x080007dc                __aeabi_ddiv
 .text          0x080009ac      0x110 D:/ST/STM32CubeCLT_1.17.0/GNU-tools-for-STM32/bin/../lib/gcc/arm-none-eabi/12.3.1/thumb/v7e-m+fp/hard\libgcc.a(_arm_cmpdf2.o)
                0x080009ac                __gtdf2
                0x080009ac                __gedf2
                0x080009b4                __ltdf2
                0x080009b4                __ledf2
                0x080009bc                __nedf2
                0x080009bc                __eqdf2
                0x080009bc                __cmpdf2
                0x08000a38                __aeabi_cdrcmple
                0x08000a48                __aeabi_cdcmpeq
                0x08000a48                __aeabi_cdcmple
                0x08000a58                __aeabi_dcmpeq
                0x08000a6c                __aeabi_dcmplt
                0x08000a80                __aeabi_dcmple
                0x08000a94                __aeabi_dcmpge
                0x08000aa8                __aeabi_dcmpgt
 .text          0x08000abc       0x2c D:/ST/STM32CubeCLT_1.17.0/GNU-tools-for-STM32/bin/../lib/gcc/arm-none-eabi/12.3.1/thumb/v7e-m+fp/hard\libgcc.a(_arm_unorddf2.o)
                0x08000abc                __unorddf2
                0x08000abc                __aeabi_dcmpun
 .text          0x08000ae8       0x50 D:/ST/STM32CubeCLT_1.17.0/GNU-tools-for-STM32/bin/../lib/gcc/arm-none-eabi/12.3.1/thumb/v7e-m+fp/hard\libgcc.a(_arm_fixdfsi.o)
                0x08000ae8                __aeabi_d2iz
                0x08000ae8                __fixdfsi
 .text          0x08000b38       0xa0 D:/ST/STM32CubeCLT_1.17.0/GNU-tools-for-STM32/bin/../lib/gcc/arm-none-eabi/12.3.1/thumb/v7e-m+fp/hard\libgcc.a(_arm_truncdfsf2.o)
                0x08000b38                __truncdfsf2
                0x08000b38                __aeabi_d2f
 .text          0x08000bd8      0x21c D:/ST/STM32CubeCLT_1.17.0/GNU-tools-for-STM32/bin/../lib/gcc/arm-none-eabi/12.3.1/thumb/v7e-m+fp/hard\libgcc.a(_arm_addsubsf3.o)
                0x08000bd8                __aeabi_frsub
                0x08000be0                __subsf3
                0x08000be0                __aeabi_fsub
                0x08000be4                __aeabi_fadd
                0x08000be4                __addsf3
                0x08000d44                __aeabi_ui2f
                0x08000d44                __floatunsisf
                0x08000d4c                __aeabi_i2f
                0x08000d4c                __floatsisf
                0x08000d68                __aeabi_ul2f
                0x08000d68                __floatundisf
                0x08000d78                __aeabi_l2f
                0x08000d78                __floatdisf
 .text          0x08000df4       0x30 D:/ST/STM32CubeCLT_1.17.0/GNU-tools-for-STM32/bin/../lib/gcc/arm-none-eabi/12.3.1/thumb/v7e-m+fp/hard\libgcc.a(_aeabi_uldivmod.o)
                0x08000df4                __aeabi_uldivmod
 .text          0x08000e24      0x2bc D:/ST/STM32CubeCLT_1.17.0/GNU-tools-for-STM32/bin/../lib/gcc/arm-none-eabi/12.3.1/thumb/v7e-m+fp/hard\libgcc.a(_udivmoddi4.o)
                0x08000e24                __udivmoddi4
 .text          0x080010e0        0x4 D:/ST/STM32CubeCLT_1.17.0/GNU-tools-for-STM32/bin/../lib/gcc/arm-none-eabi/12.3.1/thumb/v7e-m+fp/hard\libgcc.a(_dvmd_tls.o)
                0x080010e0                __aeabi_idiv0
                0x080010e0                __aeabi_ldiv0
 .text          0x080010e4       0x14 D:/ST/STM32CubeCLT_1.17.0/GNU-tools-for-STM32/bin/../lib/gcc/arm-none-eabi/12.3.1/../../../../arm-none-eabi/lib/thumb/v7e-m+fp/hard\libg.a(libc_a-strcmp.o)
                0x080010e4                strcmp
 *fill*         0x080010f8        0x8 
 .text          0x08001100       0xa0 D:/ST/STM32CubeCLT_1.17.0/GNU-tools-for-STM32/bin/../lib/gcc/arm-none-eabi/12.3.1/../../../../arm-none-eabi/lib/thumb/v7e-m+fp/hard\libg.a(libc_a-memchr.o)
                0x08001100                memchr
 .text          0x080011a0       0x10 D:/ST/STM32CubeCLT_1.17.0/GNU-tools-for-STM32/bin/../lib/gcc/arm-none-eabi/12.3.1/../../../../arm-none-eabi/lib/thumb/v7e-m+fp/hard\libg.a(libc_a-strlen.o)
                0x080011a0                strlen
 *(.text*)
 .text.MX_ADC1_Init
                0x080011b0       0x6c CMakeFiles/JUSTOS.elf.dir/Core/Src/adc.c.obj
                0x080011b0                MX_ADC1_Init
 .text.HAL_ADC_MspInit
                0x0800121c       0x68 CMakeFiles/JUSTOS.elf.dir/Core/Src/adc.c.obj
                0x0800121c                HAL_ADC_MspInit
 .text.MX_CAN1_Init
                0x08001284       0x44 CMakeFiles/JUSTOS.elf.dir/Core/Src/can.c.obj
                0x08001284                MX_CAN1_Init
 .text.MX_CAN2_Init
                0x080012c8       0x44 CMakeFiles/JUSTOS.elf.dir/Core/Src/can.c.obj
                0x080012c8                MX_CAN2_Init
 .text.HAL_CAN_MspInit
                0x0800130c      0x124 CMakeFiles/JUSTOS.elf.dir/Core/Src/can.c.obj
                0x0800130c                HAL_CAN_MspInit
 .text.MX_CRC_Init
                0x08001430       0x20 CMakeFiles/JUSTOS.elf.dir/Core/Src/crc.c.obj
                0x08001430                MX_CRC_Init
 .text.HAL_CRC_MspInit
                0x08001450       0x30 CMakeFiles/JUSTOS.elf.dir/Core/Src/crc.c.obj
                0x08001450                HAL_CRC_MspInit
 .text.MX_DMA_Init
                0x08001480       0x68 CMakeFiles/JUSTOS.elf.dir/Core/Src/dma.c.obj
                0x08001480                MX_DMA_Init
 .text.StartDefaultTask
                0x080014e8        0xe CMakeFiles/JUSTOS.elf.dir/Core/Src/freertos.c.obj
                0x080014e8                StartDefaultTask
 *fill*         0x080014f6        0x2 
 .text.vApplicationGetIdleTaskMemory
                0x080014f8       0x18 CMakeFiles/JUSTOS.elf.dir/Core/Src/freertos.c.obj
                0x080014f8                vApplicationGetIdleTaskMemory
 .text.MX_FREERTOS_Init
                0x08001510       0x30 CMakeFiles/JUSTOS.elf.dir/Core/Src/freertos.c.obj
                0x08001510                MX_FREERTOS_Init
 .text.MX_GPIO_Init
                0x08001540      0x134 CMakeFiles/JUSTOS.elf.dir/Core/Src/gpio.c.obj
                0x08001540                MX_GPIO_Init
 .text.MX_I2C1_Init
                0x08001674       0x3c CMakeFiles/JUSTOS.elf.dir/Core/Src/i2c.c.obj
                0x08001674                MX_I2C1_Init
 .text.HAL_I2C_MspInit
                0x080016b0       0x70 CMakeFiles/JUSTOS.elf.dir/Core/Src/i2c.c.obj
                0x080016b0                HAL_I2C_MspInit
 .text.HAL_TIM_PeriodElapsedCallback
                0x08001720       0x18 CMakeFiles/JUSTOS.elf.dir/Core/Src/main.c.obj
                0x08001720                HAL_TIM_PeriodElapsedCallback
 .text.Error_Handler
                0x08001738        0x4 CMakeFiles/JUSTOS.elf.dir/Core/Src/main.c.obj
                0x08001738                Error_Handler
 .text.SystemClock_Config
                0x0800173c       0xa8 CMakeFiles/JUSTOS.elf.dir/Core/Src/main.c.obj
                0x0800173c                SystemClock_Config
 .text.main     0x080017e4       0x4c CMakeFiles/JUSTOS.elf.dir/Core/Src/main.c.obj
                0x080017e4                main
 .text.MX_SPI1_Init
                0x08001830       0x44 CMakeFiles/JUSTOS.elf.dir/Core/Src/spi.c.obj
                0x08001830                MX_SPI1_Init
 .text.MX_SPI2_Init
                0x08001874       0x40 CMakeFiles/JUSTOS.elf.dir/Core/Src/spi.c.obj
                0x08001874                MX_SPI2_Init
 .text.HAL_SPI_MspInit
                0x080018b4       0xc8 CMakeFiles/JUSTOS.elf.dir/Core/Src/spi.c.obj
                0x080018b4                HAL_SPI_MspInit
 .text.HAL_MspInit
                0x0800197c       0x44 CMakeFiles/JUSTOS.elf.dir/Core/Src/stm32f4xx_hal_msp.c.obj
                0x0800197c                HAL_MspInit
 .text.HAL_InitTick
                0x080019c0       0xa4 CMakeFiles/JUSTOS.elf.dir/Core/Src/stm32f4xx_hal_timebase_tim.c.obj
                0x080019c0                HAL_InitTick
 .text.NMI_Handler
                0x08001a64        0x2 CMakeFiles/JUSTOS.elf.dir/Core/Src/stm32f4xx_it.c.obj
                0x08001a64                NMI_Handler
 .text.HardFault_Handler
                0x08001a66        0x2 CMakeFiles/JUSTOS.elf.dir/Core/Src/stm32f4xx_it.c.obj
                0x08001a66                HardFault_Handler
 .text.MemManage_Handler
                0x08001a68        0x2 CMakeFiles/JUSTOS.elf.dir/Core/Src/stm32f4xx_it.c.obj
                0x08001a68                MemManage_Handler
 .text.BusFault_Handler
                0x08001a6a        0x2 CMakeFiles/JUSTOS.elf.dir/Core/Src/stm32f4xx_it.c.obj
                0x08001a6a                BusFault_Handler
 .text.UsageFault_Handler
                0x08001a6c        0x2 CMakeFiles/JUSTOS.elf.dir/Core/Src/stm32f4xx_it.c.obj
                0x08001a6c                UsageFault_Handler
 .text.DebugMon_Handler
                0x08001a6e        0x2 CMakeFiles/JUSTOS.elf.dir/Core/Src/stm32f4xx_it.c.obj
                0x08001a6e                DebugMon_Handler
 .text.DMA1_Stream0_IRQHandler
                0x08001a70       0x10 CMakeFiles/JUSTOS.elf.dir/Core/Src/stm32f4xx_it.c.obj
                0x08001a70                DMA1_Stream0_IRQHandler
 .text.DMA1_Stream5_IRQHandler
                0x08001a80       0x10 CMakeFiles/JUSTOS.elf.dir/Core/Src/stm32f4xx_it.c.obj
                0x08001a80                DMA1_Stream5_IRQHandler
 .text.CAN1_RX0_IRQHandler
                0x08001a90       0x10 CMakeFiles/JUSTOS.elf.dir/Core/Src/stm32f4xx_it.c.obj
                0x08001a90                CAN1_RX0_IRQHandler
 .text.TIM4_IRQHandler
                0x08001aa0       0x10 CMakeFiles/JUSTOS.elf.dir/Core/Src/stm32f4xx_it.c.obj
                0x08001aa0                TIM4_IRQHandler
 .text.USART1_IRQHandler
                0x08001ab0       0x10 CMakeFiles/JUSTOS.elf.dir/Core/Src/stm32f4xx_it.c.obj
                0x08001ab0                USART1_IRQHandler
 .text.UART5_IRQHandler
                0x08001ac0       0x10 CMakeFiles/JUSTOS.elf.dir/Core/Src/stm32f4xx_it.c.obj
                0x08001ac0                UART5_IRQHandler
 .text.DMA2_Stream2_IRQHandler
                0x08001ad0       0x10 CMakeFiles/JUSTOS.elf.dir/Core/Src/stm32f4xx_it.c.obj
                0x08001ad0                DMA2_Stream2_IRQHandler
 .text.CAN2_RX0_IRQHandler
                0x08001ae0       0x10 CMakeFiles/JUSTOS.elf.dir/Core/Src/stm32f4xx_it.c.obj
                0x08001ae0                CAN2_RX0_IRQHandler
 .text.OTG_FS_IRQHandler
                0x08001af0       0x10 CMakeFiles/JUSTOS.elf.dir/Core/Src/stm32f4xx_it.c.obj
                0x08001af0                OTG_FS_IRQHandler
 .text._getpid  0x08001b00        0x4 CMakeFiles/JUSTOS.elf.dir/Core/Src/syscalls.c.obj
                0x08001b00                _getpid
 .text._kill    0x08001b04       0x10 CMakeFiles/JUSTOS.elf.dir/Core/Src/syscalls.c.obj
                0x08001b04                _kill
 .text._exit    0x08001b14        0xc CMakeFiles/JUSTOS.elf.dir/Core/Src/syscalls.c.obj
                0x08001b14                _exit
 .text._read    0x08001b20       0x20 CMakeFiles/JUSTOS.elf.dir/Core/Src/syscalls.c.obj
                0x08001b20                _read
 .text._write   0x08001b40       0x1c CMakeFiles/JUSTOS.elf.dir/Core/Src/syscalls.c.obj
                0x08001b40                _write
 .text._close   0x08001b5c        0x6 CMakeFiles/JUSTOS.elf.dir/Core/Src/syscalls.c.obj
                0x08001b5c                _close
 .text._fstat   0x08001b62        0xa CMakeFiles/JUSTOS.elf.dir/Core/Src/syscalls.c.obj
                0x08001b62                _fstat
 .text._isatty  0x08001b6c        0x4 CMakeFiles/JUSTOS.elf.dir/Core/Src/syscalls.c.obj
                0x08001b6c                _isatty
 .text._lseek   0x08001b70        0x4 CMakeFiles/JUSTOS.elf.dir/Core/Src/syscalls.c.obj
                0x08001b70                _lseek
 .text._sbrk    0x08001b74       0x48 CMakeFiles/JUSTOS.elf.dir/Core/Src/sysmem.c.obj
                0x08001b74                _sbrk
 .text.SystemInit
                0x08001bbc       0x14 CMakeFiles/JUSTOS.elf.dir/Core/Src/system_stm32f4xx.c.obj
                0x08001bbc                SystemInit
 .text.MX_TIM8_Init
                0x08001bd0       0x70 CMakeFiles/JUSTOS.elf.dir/Core/Src/tim.c.obj
                0x08001bd0                MX_TIM8_Init
 .text.HAL_TIM_Base_MspInit
                0x08001c40       0x30 CMakeFiles/JUSTOS.elf.dir/Core/Src/tim.c.obj
                0x08001c40                HAL_TIM_Base_MspInit
 .text.MX_UART5_Init
                0x08001c70       0x34 CMakeFiles/JUSTOS.elf.dir/Core/Src/usart.c.obj
                0x08001c70                MX_UART5_Init
 .text.MX_USART1_UART_Init
                0x08001ca4       0x34 CMakeFiles/JUSTOS.elf.dir/Core/Src/usart.c.obj
                0x08001ca4                MX_USART1_UART_Init
 .text.MX_USART2_UART_Init
                0x08001cd8       0x34 CMakeFiles/JUSTOS.elf.dir/Core/Src/usart.c.obj
                0x08001cd8                MX_USART2_UART_Init
 .text.HAL_UART_MspInit
                0x08001d0c      0x220 CMakeFiles/JUSTOS.elf.dir/Core/Src/usart.c.obj
                0x08001d0c                HAL_UART_MspInit
 .text.Reset_Handler
                0x08001f2c       0x50 CMakeFiles/JUSTOS.elf.dir/Core/Startup/startup_stm32f446rctx.s.obj
                0x08001f2c                Reset_Handler
 .text.Default_Handler
                0x08001f7c        0x2 CMakeFiles/JUSTOS.elf.dir/Core/Startup/startup_stm32f446rctx.s.obj
                0x08001f7c                RTC_Alarm_IRQHandler
                0x08001f7c                EXTI2_IRQHandler
                0x08001f7c                TIM8_CC_IRQHandler
                0x08001f7c                FMPI2C1_EV_IRQHandler
                0x08001f7c                SPI4_IRQHandler
                0x08001f7c                TIM1_CC_IRQHandler
                0x08001f7c                DMA2_Stream5_IRQHandler
                0x08001f7c                PVD_IRQHandler
                0x08001f7c                SDIO_IRQHandler
                0x08001f7c                TAMP_STAMP_IRQHandler
                0x08001f7c                CAN2_RX1_IRQHandler
                0x08001f7c                EXTI3_IRQHandler
                0x08001f7c                TIM8_TRG_COM_TIM14_IRQHandler
                0x08001f7c                TIM1_UP_TIM10_IRQHandler
                0x08001f7c                TIM8_UP_TIM13_IRQHandler
                0x08001f7c                I2C3_ER_IRQHandler
                0x08001f7c                EXTI0_IRQHandler
                0x08001f7c                I2C2_EV_IRQHandler
                0x08001f7c                DMA1_Stream2_IRQHandler
                0x08001f7c                FPU_IRQHandler
                0x08001f7c                OTG_HS_WKUP_IRQHandler
                0x08001f7c                CAN2_SCE_IRQHandler
                0x08001f7c                SPI1_IRQHandler
                0x08001f7c                TIM6_DAC_IRQHandler
                0x08001f7c                TIM1_BRK_TIM9_IRQHandler
                0x08001f7c                DCMI_IRQHandler
                0x08001f7c                DMA2_Stream3_IRQHandler
                0x08001f7c                SAI2_IRQHandler
                0x08001f7c                USART6_IRQHandler
                0x08001f7c                USART3_IRQHandler
                0x08001f7c                CAN1_RX1_IRQHandler
                0x08001f7c                DMA2_Stream0_IRQHandler
                0x08001f7c                QUADSPI_IRQHandler
                0x08001f7c                I2C1_EV_IRQHandler
                0x08001f7c                DMA1_Stream6_IRQHandler
                0x08001f7c                DMA1_Stream1_IRQHandler
                0x08001f7c                UART4_IRQHandler
                0x08001f7c                TIM3_IRQHandler
                0x08001f7c                RCC_IRQHandler
                0x08001f7c                TIM8_BRK_TIM12_IRQHandler
                0x08001f7c                Default_Handler
                0x08001f7c                CEC_IRQHandler
                0x08001f7c                EXTI15_10_IRQHandler
                0x08001f7c                ADC_IRQHandler
                0x08001f7c                DMA1_Stream7_IRQHandler
                0x08001f7c                TIM7_IRQHandler
                0x08001f7c                CAN2_TX_IRQHandler
                0x08001f7c                TIM5_IRQHandler
                0x08001f7c                DMA2_Stream7_IRQHandler
                0x08001f7c                I2C3_EV_IRQHandler
                0x08001f7c                EXTI9_5_IRQHandler
                0x08001f7c                RTC_WKUP_IRQHandler
                0x08001f7c                SPDIF_RX_IRQHandler
                0x08001f7c                SPI2_IRQHandler
                0x08001f7c                OTG_HS_EP1_IN_IRQHandler
                0x08001f7c                CAN1_TX_IRQHandler
                0x08001f7c                FMPI2C1_ER_IRQHandler
                0x08001f7c                EXTI4_IRQHandler
                0x08001f7c                OTG_HS_EP1_OUT_IRQHandler
                0x08001f7c                WWDG_IRQHandler
                0x08001f7c                TIM2_IRQHandler
                0x08001f7c                OTG_FS_WKUP_IRQHandler
                0x08001f7c                TIM1_TRG_COM_TIM11_IRQHandler
                0x08001f7c                OTG_HS_IRQHandler
                0x08001f7c                EXTI1_IRQHandler
                0x08001f7c                USART2_IRQHandler
                0x08001f7c                I2C2_ER_IRQHandler
                0x08001f7c                DMA2_Stream1_IRQHandler
                0x08001f7c                CAN1_SCE_IRQHandler
                0x08001f7c                FLASH_IRQHandler
                0x08001f7c                DMA2_Stream4_IRQHandler
                0x08001f7c                SPI3_IRQHandler
                0x08001f7c                DMA1_Stream4_IRQHandler
                0x08001f7c                I2C1_ER_IRQHandler
                0x08001f7c                FMC_IRQHandler
                0x08001f7c                DMA2_Stream6_IRQHandler
                0x08001f7c                SAI1_IRQHandler
                0x08001f7c                DMA1_Stream3_IRQHandler
 *fill*         0x08001f7e        0x2 
 .text.HAL_Init
                0x08001f80       0x34 CMakeFiles/JUSTOS.elf.dir/Drivers/STM32F4xx_HAL_Driver/Src/stm32f4xx_hal.c.obj
                0x08001f80                HAL_Init
 .text.HAL_IncTick
                0x08001fb4       0x18 CMakeFiles/JUSTOS.elf.dir/Drivers/STM32F4xx_HAL_Driver/Src/stm32f4xx_hal.c.obj
                0x08001fb4                HAL_IncTick
 .text.HAL_GetTick
                0x08001fcc        0xc CMakeFiles/JUSTOS.elf.dir/Drivers/STM32F4xx_HAL_Driver/Src/stm32f4xx_hal.c.obj
                0x08001fcc                HAL_GetTick
 .text.HAL_Delay
                0x08001fd8       0x28 CMakeFiles/JUSTOS.elf.dir/Drivers/STM32F4xx_HAL_Driver/Src/stm32f4xx_hal.c.obj
                0x08001fd8                HAL_Delay
 .text.ADC_Init
                0x08002000      0x134 CMakeFiles/JUSTOS.elf.dir/Drivers/STM32F4xx_HAL_Driver/Src/stm32f4xx_hal_adc.c.obj
 .text.HAL_ADC_Init
                0x08002134       0x56 CMakeFiles/JUSTOS.elf.dir/Drivers/STM32F4xx_HAL_Driver/Src/stm32f4xx_hal_adc.c.obj
                0x08002134                HAL_ADC_Init
 *fill*         0x0800218a        0x2 
 .text.HAL_ADC_ConfigChannel
                0x0800218c      0x1ac CMakeFiles/JUSTOS.elf.dir/Drivers/STM32F4xx_HAL_Driver/Src/stm32f4xx_hal_adc.c.obj
                0x0800218c                HAL_ADC_ConfigChannel
 .text.HAL_CAN_Init
                0x08002338      0x14c CMakeFiles/JUSTOS.elf.dir/Drivers/STM32F4xx_HAL_Driver/Src/stm32f4xx_hal_can.c.obj
                0x08002338                HAL_CAN_Init
 .text.HAL_CAN_ConfigFilter
                0x08002484      0x138 CMakeFiles/JUSTOS.elf.dir/Drivers/STM32F4xx_HAL_Driver/Src/stm32f4xx_hal_can.c.obj
                0x08002484                HAL_CAN_ConfigFilter
 .text.HAL_CAN_Start
                0x080025bc       0x5c CMakeFiles/JUSTOS.elf.dir/Drivers/STM32F4xx_HAL_Driver/Src/stm32f4xx_hal_can.c.obj
                0x080025bc                HAL_CAN_Start
 .text.HAL_CAN_AddTxMessage
                0x08002618       0xea CMakeFiles/JUSTOS.elf.dir/Drivers/STM32F4xx_HAL_Driver/Src/stm32f4xx_hal_can.c.obj
                0x08002618                HAL_CAN_AddTxMessage
 .text.HAL_CAN_GetTxMailboxesFreeLevel
                0x08002702       0x32 CMakeFiles/JUSTOS.elf.dir/Drivers/STM32F4xx_HAL_Driver/Src/stm32f4xx_hal_can.c.obj
                0x08002702                HAL_CAN_GetTxMailboxesFreeLevel
 .text.HAL_CAN_GetRxMessage
                0x08002734      0x16a CMakeFiles/JUSTOS.elf.dir/Drivers/STM32F4xx_HAL_Driver/Src/stm32f4xx_hal_can.c.obj
                0x08002734                HAL_CAN_GetRxMessage
 .text.HAL_CAN_ActivateNotification
                0x0800289e       0x24 CMakeFiles/JUSTOS.elf.dir/Drivers/STM32F4xx_HAL_Driver/Src/stm32f4xx_hal_can.c.obj
                0x0800289e                HAL_CAN_ActivateNotification
 .text.HAL_CAN_TxMailbox0CompleteCallback
                0x080028c2        0x2 CMakeFiles/JUSTOS.elf.dir/Drivers/STM32F4xx_HAL_Driver/Src/stm32f4xx_hal_can.c.obj
                0x080028c2                HAL_CAN_TxMailbox0CompleteCallback
 .text.HAL_CAN_TxMailbox1CompleteCallback
                0x080028c4        0x2 CMakeFiles/JUSTOS.elf.dir/Drivers/STM32F4xx_HAL_Driver/Src/stm32f4xx_hal_can.c.obj
                0x080028c4                HAL_CAN_TxMailbox1CompleteCallback
 .text.HAL_CAN_TxMailbox2CompleteCallback
                0x080028c6        0x2 CMakeFiles/JUSTOS.elf.dir/Drivers/STM32F4xx_HAL_Driver/Src/stm32f4xx_hal_can.c.obj
                0x080028c6                HAL_CAN_TxMailbox2CompleteCallback
 .text.HAL_CAN_TxMailbox0AbortCallback
                0x080028c8        0x2 CMakeFiles/JUSTOS.elf.dir/Drivers/STM32F4xx_HAL_Driver/Src/stm32f4xx_hal_can.c.obj
                0x080028c8                HAL_CAN_TxMailbox0AbortCallback
 .text.HAL_CAN_TxMailbox1AbortCallback
                0x080028ca        0x2 CMakeFiles/JUSTOS.elf.dir/Drivers/STM32F4xx_HAL_Driver/Src/stm32f4xx_hal_can.c.obj
                0x080028ca                HAL_CAN_TxMailbox1AbortCallback
 .text.HAL_CAN_TxMailbox2AbortCallback
                0x080028cc        0x2 CMakeFiles/JUSTOS.elf.dir/Drivers/STM32F4xx_HAL_Driver/Src/stm32f4xx_hal_can.c.obj
                0x080028cc                HAL_CAN_TxMailbox2AbortCallback
 .text.HAL_CAN_RxFifo0FullCallback
                0x080028ce        0x2 CMakeFiles/JUSTOS.elf.dir/Drivers/STM32F4xx_HAL_Driver/Src/stm32f4xx_hal_can.c.obj
                0x080028ce                HAL_CAN_RxFifo0FullCallback
 .text.HAL_CAN_RxFifo1MsgPendingCallback
                0x080028d0        0x2 CMakeFiles/JUSTOS.elf.dir/Drivers/STM32F4xx_HAL_Driver/Src/stm32f4xx_hal_can.c.obj
                0x080028d0                HAL_CAN_RxFifo1MsgPendingCallback
 .text.HAL_CAN_RxFifo1FullCallback
                0x080028d2        0x2 CMakeFiles/JUSTOS.elf.dir/Drivers/STM32F4xx_HAL_Driver/Src/stm32f4xx_hal_can.c.obj
                0x080028d2                HAL_CAN_RxFifo1FullCallback
 .text.HAL_CAN_SleepCallback
                0x080028d4        0x2 CMakeFiles/JUSTOS.elf.dir/Drivers/STM32F4xx_HAL_Driver/Src/stm32f4xx_hal_can.c.obj
                0x080028d4                HAL_CAN_SleepCallback
 .text.HAL_CAN_WakeUpFromRxMsgCallback
                0x080028d6        0x2 CMakeFiles/JUSTOS.elf.dir/Drivers/STM32F4xx_HAL_Driver/Src/stm32f4xx_hal_can.c.obj
                0x080028d6                HAL_CAN_WakeUpFromRxMsgCallback
 .text.HAL_CAN_ErrorCallback
                0x080028d8        0x2 CMakeFiles/JUSTOS.elf.dir/Drivers/STM32F4xx_HAL_Driver/Src/stm32f4xx_hal_can.c.obj
                0x080028d8                HAL_CAN_ErrorCallback
 .text.HAL_CAN_IRQHandler
                0x080028da      0x24a CMakeFiles/JUSTOS.elf.dir/Drivers/STM32F4xx_HAL_Driver/Src/stm32f4xx_hal_can.c.obj
                0x080028da                HAL_CAN_IRQHandler
 .text.__NVIC_EnableIRQ
                0x08002b24       0x1c CMakeFiles/JUSTOS.elf.dir/Drivers/STM32F4xx_HAL_Driver/Src/stm32f4xx_hal_cortex.c.obj
 .text.__NVIC_SetPriority
                0x08002b40       0x28 CMakeFiles/JUSTOS.elf.dir/Drivers/STM32F4xx_HAL_Driver/Src/stm32f4xx_hal_cortex.c.obj
 .text.NVIC_EncodePriority
                0x08002b68       0x3e CMakeFiles/JUSTOS.elf.dir/Drivers/STM32F4xx_HAL_Driver/Src/stm32f4xx_hal_cortex.c.obj
 *fill*         0x08002ba6        0x2 
 .text.HAL_NVIC_SetPriorityGrouping
                0x08002ba8       0x24 CMakeFiles/JUSTOS.elf.dir/Drivers/STM32F4xx_HAL_Driver/Src/stm32f4xx_hal_cortex.c.obj
                0x08002ba8                HAL_NVIC_SetPriorityGrouping
 .text.HAL_NVIC_SetPriority
                0x08002bcc       0x20 CMakeFiles/JUSTOS.elf.dir/Drivers/STM32F4xx_HAL_Driver/Src/stm32f4xx_hal_cortex.c.obj
                0x08002bcc                HAL_NVIC_SetPriority
 .text.HAL_NVIC_EnableIRQ
                0x08002bec        0x8 CMakeFiles/JUSTOS.elf.dir/Drivers/STM32F4xx_HAL_Driver/Src/stm32f4xx_hal_cortex.c.obj
                0x08002bec                HAL_NVIC_EnableIRQ
 .text.HAL_CRC_Init
                0x08002bf4       0x1e CMakeFiles/JUSTOS.elf.dir/Drivers/STM32F4xx_HAL_Driver/Src/stm32f4xx_hal_crc.c.obj
                0x08002bf4                HAL_CRC_Init
 .text.DMA_SetConfig
                0x08002c12       0x2c CMakeFiles/JUSTOS.elf.dir/Drivers/STM32F4xx_HAL_Driver/Src/stm32f4xx_hal_dma.c.obj
 *fill*         0x08002c3e        0x2 
 .text.DMA_CalcBaseAndBitshift
                0x08002c40       0x44 CMakeFiles/JUSTOS.elf.dir/Drivers/STM32F4xx_HAL_Driver/Src/stm32f4xx_hal_dma.c.obj
 .text.DMA_CheckFifoParam
                0x08002c84       0x8e CMakeFiles/JUSTOS.elf.dir/Drivers/STM32F4xx_HAL_Driver/Src/stm32f4xx_hal_dma.c.obj
 *fill*         0x08002d12        0x2 
 .text.HAL_DMA_Init
                0x08002d14       0xcc CMakeFiles/JUSTOS.elf.dir/Drivers/STM32F4xx_HAL_Driver/Src/stm32f4xx_hal_dma.c.obj
                0x08002d14                HAL_DMA_Init
 .text.HAL_DMA_Start_IT
                0x08002de0       0x6a CMakeFiles/JUSTOS.elf.dir/Drivers/STM32F4xx_HAL_Driver/Src/stm32f4xx_hal_dma.c.obj
                0x08002de0                HAL_DMA_Start_IT
 .text.HAL_DMA_Abort
                0x08002e4a       0x94 CMakeFiles/JUSTOS.elf.dir/Drivers/STM32F4xx_HAL_Driver/Src/stm32f4xx_hal_dma.c.obj
                0x08002e4a                HAL_DMA_Abort
 .text.HAL_DMA_Abort_IT
                0x08002ede       0x26 CMakeFiles/JUSTOS.elf.dir/Drivers/STM32F4xx_HAL_Driver/Src/stm32f4xx_hal_dma.c.obj
                0x08002ede                HAL_DMA_Abort_IT
 .text.HAL_DMA_IRQHandler
                0x08002f04      0x1dc CMakeFiles/JUSTOS.elf.dir/Drivers/STM32F4xx_HAL_Driver/Src/stm32f4xx_hal_dma.c.obj
                0x08002f04                HAL_DMA_IRQHandler
 .text.HAL_GPIO_Init
                0x080030e0      0x1e0 CMakeFiles/JUSTOS.elf.dir/Drivers/STM32F4xx_HAL_Driver/Src/stm32f4xx_hal_gpio.c.obj
                0x080030e0                HAL_GPIO_Init
 .text.HAL_GPIO_ReadPin
                0x080032c0        0xe CMakeFiles/JUSTOS.elf.dir/Drivers/STM32F4xx_HAL_Driver/Src/stm32f4xx_hal_gpio.c.obj
                0x080032c0                HAL_GPIO_ReadPin
 .text.HAL_GPIO_WritePin
                0x080032ce        0xc CMakeFiles/JUSTOS.elf.dir/Drivers/STM32F4xx_HAL_Driver/Src/stm32f4xx_hal_gpio.c.obj
                0x080032ce                HAL_GPIO_WritePin
 .text.HAL_GPIO_TogglePin
                0x080032da       0x12 CMakeFiles/JUSTOS.elf.dir/Drivers/STM32F4xx_HAL_Driver/Src/stm32f4xx_hal_gpio.c.obj
                0x080032da                HAL_GPIO_TogglePin
 .text.HAL_I2C_Init
                0x080032ec      0x1bc CMakeFiles/JUSTOS.elf.dir/Drivers/STM32F4xx_HAL_Driver/Src/stm32f4xx_hal_i2c.c.obj
                0x080032ec                HAL_I2C_Init
 .text.PCD_WriteEmptyTxFifo
                0x080034a8       0xd0 CMakeFiles/JUSTOS.elf.dir/Drivers/STM32F4xx_HAL_Driver/Src/stm32f4xx_hal_pcd.c.obj
 .text.HAL_PCD_Init
                0x08003578      0x112 CMakeFiles/JUSTOS.elf.dir/Drivers/STM32F4xx_HAL_Driver/Src/stm32f4xx_hal_pcd.c.obj
                0x08003578                HAL_PCD_Init
 .text.HAL_PCD_Start
                0x0800368a       0x44 CMakeFiles/JUSTOS.elf.dir/Drivers/STM32F4xx_HAL_Driver/Src/stm32f4xx_hal_pcd.c.obj
                0x0800368a                HAL_PCD_Start
 *fill*         0x080036ce        0x2 
 .text.PCD_EP_OutXfrComplete_int
                0x080036d0      0x104 CMakeFiles/JUSTOS.elf.dir/Drivers/STM32F4xx_HAL_Driver/Src/stm32f4xx_hal_pcd.c.obj
 .text.PCD_EP_OutSetupPacket_int
                0x080037d4       0x50 CMakeFiles/JUSTOS.elf.dir/Drivers/STM32F4xx_HAL_Driver/Src/stm32f4xx_hal_pcd.c.obj
 .text.HAL_PCD_SetAddress
                0x08003824       0x26 CMakeFiles/JUSTOS.elf.dir/Drivers/STM32F4xx_HAL_Driver/Src/stm32f4xx_hal_pcd.c.obj
                0x08003824                HAL_PCD_SetAddress
 .text.HAL_PCD_EP_Open
                0x0800384a       0x8c CMakeFiles/JUSTOS.elf.dir/Drivers/STM32F4xx_HAL_Driver/Src/stm32f4xx_hal_pcd.c.obj
                0x0800384a                HAL_PCD_EP_Open
 .text.HAL_PCD_EP_Close
                0x080038d6       0x70 CMakeFiles/JUSTOS.elf.dir/Drivers/STM32F4xx_HAL_Driver/Src/stm32f4xx_hal_pcd.c.obj
                0x080038d6                HAL_PCD_EP_Close
 .text.HAL_PCD_EP_Receive
                0x08003946       0x4a CMakeFiles/JUSTOS.elf.dir/Drivers/STM32F4xx_HAL_Driver/Src/stm32f4xx_hal_pcd.c.obj
                0x08003946                HAL_PCD_EP_Receive
 .text.HAL_PCD_EP_GetRxCount
                0x08003990       0x12 CMakeFiles/JUSTOS.elf.dir/Drivers/STM32F4xx_HAL_Driver/Src/stm32f4xx_hal_pcd.c.obj
                0x08003990                HAL_PCD_EP_GetRxCount
 .text.HAL_PCD_EP_Transmit
                0x080039a2       0x4a CMakeFiles/JUSTOS.elf.dir/Drivers/STM32F4xx_HAL_Driver/Src/stm32f4xx_hal_pcd.c.obj
                0x080039a2                HAL_PCD_EP_Transmit
 .text.HAL_PCD_EP_SetStall
                0x080039ec       0x86 CMakeFiles/JUSTOS.elf.dir/Drivers/STM32F4xx_HAL_Driver/Src/stm32f4xx_hal_pcd.c.obj
                0x080039ec                HAL_PCD_EP_SetStall
 .text.HAL_PCD_EP_ClrStall
                0x08003a72       0x74 CMakeFiles/JUSTOS.elf.dir/Drivers/STM32F4xx_HAL_Driver/Src/stm32f4xx_hal_pcd.c.obj
                0x08003a72                HAL_PCD_EP_ClrStall
 .text.HAL_PCD_EP_Abort
                0x08003ae6       0x34 CMakeFiles/JUSTOS.elf.dir/Drivers/STM32F4xx_HAL_Driver/Src/stm32f4xx_hal_pcd.c.obj
                0x08003ae6                HAL_PCD_EP_Abort
 .text.HAL_PCD_IRQHandler
                0x08003b1a      0x5fe CMakeFiles/JUSTOS.elf.dir/Drivers/STM32F4xx_HAL_Driver/Src/stm32f4xx_hal_pcd.c.obj
                0x08003b1a                HAL_PCD_IRQHandler
 .text.HAL_PCDEx_SetTxFiFo
                0x08004118       0x4c CMakeFiles/JUSTOS.elf.dir/Drivers/STM32F4xx_HAL_Driver/Src/stm32f4xx_hal_pcd_ex.c.obj
                0x08004118                HAL_PCDEx_SetTxFiFo
 .text.HAL_PCDEx_SetRxFiFo
                0x08004164        0x8 CMakeFiles/JUSTOS.elf.dir/Drivers/STM32F4xx_HAL_Driver/Src/stm32f4xx_hal_pcd_ex.c.obj
                0x08004164                HAL_PCDEx_SetRxFiFo
 .text.HAL_PCDEx_ActivateLPM
                0x0800416c       0x26 CMakeFiles/JUSTOS.elf.dir/Drivers/STM32F4xx_HAL_Driver/Src/stm32f4xx_hal_pcd_ex.c.obj
                0x0800416c                HAL_PCDEx_ActivateLPM
 *fill*         0x08004192        0x2 
 .text.HAL_RCC_ClockConfig
                0x08004194      0x160 CMakeFiles/JUSTOS.elf.dir/Drivers/STM32F4xx_HAL_Driver/Src/stm32f4xx_hal_rcc.c.obj
                0x08004194                HAL_RCC_ClockConfig
 .text.HAL_RCC_GetHCLKFreq
                0x080042f4        0xc CMakeFiles/JUSTOS.elf.dir/Drivers/STM32F4xx_HAL_Driver/Src/stm32f4xx_hal_rcc.c.obj
                0x080042f4                HAL_RCC_GetHCLKFreq
 .text.HAL_RCC_GetPCLK1Freq
                0x08004300       0x20 CMakeFiles/JUSTOS.elf.dir/Drivers/STM32F4xx_HAL_Driver/Src/stm32f4xx_hal_rcc.c.obj
                0x08004300                HAL_RCC_GetPCLK1Freq
 .text.HAL_RCC_GetPCLK2Freq
                0x08004320       0x20 CMakeFiles/JUSTOS.elf.dir/Drivers/STM32F4xx_HAL_Driver/Src/stm32f4xx_hal_rcc.c.obj
                0x08004320                HAL_RCC_GetPCLK2Freq
 .text.HAL_RCC_GetClockConfig
                0x08004340       0x3c CMakeFiles/JUSTOS.elf.dir/Drivers/STM32F4xx_HAL_Driver/Src/stm32f4xx_hal_rcc.c.obj
                0x08004340                HAL_RCC_GetClockConfig
 .text.HAL_RCCEx_PeriphCLKConfig
                0x0800437c      0x474 CMakeFiles/JUSTOS.elf.dir/Drivers/STM32F4xx_HAL_Driver/Src/stm32f4xx_hal_rcc_ex.c.obj
                0x0800437c                HAL_RCCEx_PeriphCLKConfig
 .text.HAL_RCC_GetSysClockFreq
                0x080047f0      0x128 CMakeFiles/JUSTOS.elf.dir/Drivers/STM32F4xx_HAL_Driver/Src/stm32f4xx_hal_rcc_ex.c.obj
                0x080047f0                HAL_RCC_GetSysClockFreq
 .text.HAL_RCC_OscConfig
                0x08004918      0x444 CMakeFiles/JUSTOS.elf.dir/Drivers/STM32F4xx_HAL_Driver/Src/stm32f4xx_hal_rcc_ex.c.obj
                0x08004918                HAL_RCC_OscConfig
 .text.HAL_SPI_Init
                0x08004d5c       0xbe CMakeFiles/JUSTOS.elf.dir/Drivers/STM32F4xx_HAL_Driver/Src/stm32f4xx_hal_spi.c.obj
                0x08004d5c                HAL_SPI_Init
 .text.TIM_TI1_ConfigInputStage
                0x08004e1a       0x26 CMakeFiles/JUSTOS.elf.dir/Drivers/STM32F4xx_HAL_Driver/Src/stm32f4xx_hal_tim.c.obj
 .text.TIM_TI2_ConfigInputStage
                0x08004e40       0x28 CMakeFiles/JUSTOS.elf.dir/Drivers/STM32F4xx_HAL_Driver/Src/stm32f4xx_hal_tim.c.obj
 .text.TIM_ITRx_SetConfig
                0x08004e68       0x10 CMakeFiles/JUSTOS.elf.dir/Drivers/STM32F4xx_HAL_Driver/Src/stm32f4xx_hal_tim.c.obj
 .text.HAL_TIM_Base_Start_IT
                0x08004e78       0x88 CMakeFiles/JUSTOS.elf.dir/Drivers/STM32F4xx_HAL_Driver/Src/stm32f4xx_hal_tim.c.obj
                0x08004e78                HAL_TIM_Base_Start_IT
 .text.HAL_TIM_OC_DelayElapsedCallback
                0x08004f00        0x2 CMakeFiles/JUSTOS.elf.dir/Drivers/STM32F4xx_HAL_Driver/Src/stm32f4xx_hal_tim.c.obj
                0x08004f00                HAL_TIM_OC_DelayElapsedCallback
 .text.HAL_TIM_IC_CaptureCallback
                0x08004f02        0x2 CMakeFiles/JUSTOS.elf.dir/Drivers/STM32F4xx_HAL_Driver/Src/stm32f4xx_hal_tim.c.obj
                0x08004f02                HAL_TIM_IC_CaptureCallback
 .text.HAL_TIM_PWM_PulseFinishedCallback
                0x08004f04        0x2 CMakeFiles/JUSTOS.elf.dir/Drivers/STM32F4xx_HAL_Driver/Src/stm32f4xx_hal_tim.c.obj
                0x08004f04                HAL_TIM_PWM_PulseFinishedCallback
 .text.HAL_TIM_TriggerCallback
                0x08004f06        0x2 CMakeFiles/JUSTOS.elf.dir/Drivers/STM32F4xx_HAL_Driver/Src/stm32f4xx_hal_tim.c.obj
                0x08004f06                HAL_TIM_TriggerCallback
 .text.HAL_TIM_IRQHandler
                0x08004f08      0x15e CMakeFiles/JUSTOS.elf.dir/Drivers/STM32F4xx_HAL_Driver/Src/stm32f4xx_hal_tim.c.obj
                0x08004f08                HAL_TIM_IRQHandler
 *fill*         0x08005066        0x2 
 .text.TIM_Base_SetConfig
                0x08005068       0xd0 CMakeFiles/JUSTOS.elf.dir/Drivers/STM32F4xx_HAL_Driver/Src/stm32f4xx_hal_tim.c.obj
                0x08005068                TIM_Base_SetConfig
 .text.HAL_TIM_Base_Init
                0x08005138       0x58 CMakeFiles/JUSTOS.elf.dir/Drivers/STM32F4xx_HAL_Driver/Src/stm32f4xx_hal_tim.c.obj
                0x08005138                HAL_TIM_Base_Init
 .text.TIM_ETR_SetConfig
                0x08005190       0x1a CMakeFiles/JUSTOS.elf.dir/Drivers/STM32F4xx_HAL_Driver/Src/stm32f4xx_hal_tim.c.obj
                0x08005190                TIM_ETR_SetConfig
 .text.HAL_TIM_ConfigClockSource
                0x080051aa       0xfe CMakeFiles/JUSTOS.elf.dir/Drivers/STM32F4xx_HAL_Driver/Src/stm32f4xx_hal_tim.c.obj
                0x080051aa                HAL_TIM_ConfigClockSource
 .text.HAL_TIMEx_MasterConfigSynchronization
                0x080052a8       0x8c CMakeFiles/JUSTOS.elf.dir/Drivers/STM32F4xx_HAL_Driver/Src/stm32f4xx_hal_tim_ex.c.obj
                0x080052a8                HAL_TIMEx_MasterConfigSynchronization
 .text.HAL_TIMEx_CommutCallback
                0x08005334        0x2 CMakeFiles/JUSTOS.elf.dir/Drivers/STM32F4xx_HAL_Driver/Src/stm32f4xx_hal_tim_ex.c.obj
                0x08005334                HAL_TIMEx_CommutCallback
 .text.HAL_TIMEx_BreakCallback
                0x08005336        0x2 CMakeFiles/JUSTOS.elf.dir/Drivers/STM32F4xx_HAL_Driver/Src/stm32f4xx_hal_tim_ex.c.obj
                0x08005336                HAL_TIMEx_BreakCallback
 .text.UART_EndTxTransfer
                0x08005338       0x20 CMakeFiles/JUSTOS.elf.dir/Drivers/STM32F4xx_HAL_Driver/Src/stm32f4xx_hal_uart.c.obj
 .text.UART_EndRxTransfer
                0x08005358       0x5c CMakeFiles/JUSTOS.elf.dir/Drivers/STM32F4xx_HAL_Driver/Src/stm32f4xx_hal_uart.c.obj
 .text.UART_Transmit_IT
                0x080053b4       0x60 CMakeFiles/JUSTOS.elf.dir/Drivers/STM32F4xx_HAL_Driver/Src/stm32f4xx_hal_uart.c.obj
 .text.UART_SetConfig
                0x08005414      0x110 CMakeFiles/JUSTOS.elf.dir/Drivers/STM32F4xx_HAL_Driver/Src/stm32f4xx_hal_uart.c.obj
 .text.HAL_UART_Init
                0x08005524       0x60 CMakeFiles/JUSTOS.elf.dir/Drivers/STM32F4xx_HAL_Driver/Src/stm32f4xx_hal_uart.c.obj
                0x08005524                HAL_UART_Init
 .text.HAL_UART_TxCpltCallback
                0x08005584        0x2 CMakeFiles/JUSTOS.elf.dir/Drivers/STM32F4xx_HAL_Driver/Src/stm32f4xx_hal_uart.c.obj
                0x08005584                HAL_UART_TxCpltCallback
 .text.UART_EndTransmit_IT
                0x08005586       0x1a CMakeFiles/JUSTOS.elf.dir/Drivers/STM32F4xx_HAL_Driver/Src/stm32f4xx_hal_uart.c.obj
 .text.HAL_UART_RxCpltCallback
                0x080055a0        0x2 CMakeFiles/JUSTOS.elf.dir/Drivers/STM32F4xx_HAL_Driver/Src/stm32f4xx_hal_uart.c.obj
                0x080055a0                HAL_UART_RxCpltCallback
 .text.HAL_UART_RxHalfCpltCallback
                0x080055a2        0x2 CMakeFiles/JUSTOS.elf.dir/Drivers/STM32F4xx_HAL_Driver/Src/stm32f4xx_hal_uart.c.obj
                0x080055a2                HAL_UART_RxHalfCpltCallback
 .text.UART_DMAError
                0x080055a4       0x58 CMakeFiles/JUSTOS.elf.dir/Drivers/STM32F4xx_HAL_Driver/Src/stm32f4xx_hal_uart.c.obj
 .text.UART_DMAAbortOnError
                0x080055fc        0xe CMakeFiles/JUSTOS.elf.dir/Drivers/STM32F4xx_HAL_Driver/Src/stm32f4xx_hal_uart.c.obj
 .text.UART_Receive_IT
                0x0800560a       0xe6 CMakeFiles/JUSTOS.elf.dir/Drivers/STM32F4xx_HAL_Driver/Src/stm32f4xx_hal_uart.c.obj
 .text.HAL_UART_IRQHandler
                0x080056f0      0x2a0 CMakeFiles/JUSTOS.elf.dir/Drivers/STM32F4xx_HAL_Driver/Src/stm32f4xx_hal_uart.c.obj
                0x080056f0                HAL_UART_IRQHandler
 .text.UART_DMARxHalfCplt
                0x08005990       0x1e CMakeFiles/JUSTOS.elf.dir/Drivers/STM32F4xx_HAL_Driver/Src/stm32f4xx_hal_uart.c.obj
 .text.UART_DMAReceiveCplt
                0x080059ae       0x9a CMakeFiles/JUSTOS.elf.dir/Drivers/STM32F4xx_HAL_Driver/Src/stm32f4xx_hal_uart.c.obj
 .text.UART_Start_Receive_DMA
                0x08005a48       0xb8 CMakeFiles/JUSTOS.elf.dir/Drivers/STM32F4xx_HAL_Driver/Src/stm32f4xx_hal_uart.c.obj
                0x08005a48                UART_Start_Receive_DMA
 .text.HAL_UARTEx_ReceiveToIdle_DMA
                0x08005b00       0x62 CMakeFiles/JUSTOS.elf.dir/Drivers/STM32F4xx_HAL_Driver/Src/stm32f4xx_hal_uart.c.obj
                0x08005b00                HAL_UARTEx_ReceiveToIdle_DMA
 .text.USB_CoreReset
                0x08005b62       0x58 CMakeFiles/JUSTOS.elf.dir/Drivers/STM32F4xx_HAL_Driver/Src/stm32f4xx_ll_usb.c.obj
 .text.USB_CoreInit
                0x08005bba       0x92 CMakeFiles/JUSTOS.elf.dir/Drivers/STM32F4xx_HAL_Driver/Src/stm32f4xx_ll_usb.c.obj
                0x08005bba                USB_CoreInit
 .text.USB_SetTurnaroundTime
                0x08005c4c       0xe4 CMakeFiles/JUSTOS.elf.dir/Drivers/STM32F4xx_HAL_Driver/Src/stm32f4xx_ll_usb.c.obj
                0x08005c4c                USB_SetTurnaroundTime
 .text.USB_EnableGlobalInt
                0x08005d30        0xc CMakeFiles/JUSTOS.elf.dir/Drivers/STM32F4xx_HAL_Driver/Src/stm32f4xx_ll_usb.c.obj
                0x08005d30                USB_EnableGlobalInt
 .text.USB_DisableGlobalInt
                0x08005d3c        0xc CMakeFiles/JUSTOS.elf.dir/Drivers/STM32F4xx_HAL_Driver/Src/stm32f4xx_ll_usb.c.obj
                0x08005d3c                USB_DisableGlobalInt
 .text.USB_FlushTxFifo
                0x08005d48       0x4a CMakeFiles/JUSTOS.elf.dir/Drivers/STM32F4xx_HAL_Driver/Src/stm32f4xx_ll_usb.c.obj
                0x08005d48                USB_FlushTxFifo
 .text.USB_FlushRxFifo
                0x08005d92       0x46 CMakeFiles/JUSTOS.elf.dir/Drivers/STM32F4xx_HAL_Driver/Src/stm32f4xx_ll_usb.c.obj
                0x08005d92                USB_FlushRxFifo
 .text.USB_SetDevSpeed
                0x08005dd8        0xe CMakeFiles/JUSTOS.elf.dir/Drivers/STM32F4xx_HAL_Driver/Src/stm32f4xx_ll_usb.c.obj
                0x08005dd8                USB_SetDevSpeed
 *fill*         0x08005de6        0x2 
 .text.USB_DevInit
                0x08005de8      0x18c CMakeFiles/JUSTOS.elf.dir/Drivers/STM32F4xx_HAL_Driver/Src/stm32f4xx_ll_usb.c.obj
                0x08005de8                USB_DevInit
 .text.USB_GetDevSpeed
                0x08005f74       0x22 CMakeFiles/JUSTOS.elf.dir/Drivers/STM32F4xx_HAL_Driver/Src/stm32f4xx_ll_usb.c.obj
                0x08005f74                USB_GetDevSpeed
 .text.USB_ActivateEndpoint
                0x08005f96       0x9a CMakeFiles/JUSTOS.elf.dir/Drivers/STM32F4xx_HAL_Driver/Src/stm32f4xx_ll_usb.c.obj
                0x08005f96                USB_ActivateEndpoint
 .text.USB_DeactivateEndpoint
                0x08006030       0xe0 CMakeFiles/JUSTOS.elf.dir/Drivers/STM32F4xx_HAL_Driver/Src/stm32f4xx_ll_usb.c.obj
                0x08006030                USB_DeactivateEndpoint
 .text.USB_EPStopXfer
                0x08006110       0xbe CMakeFiles/JUSTOS.elf.dir/Drivers/STM32F4xx_HAL_Driver/Src/stm32f4xx_ll_usb.c.obj
                0x08006110                USB_EPStopXfer
 .text.USB_WritePacket
                0x080061ce       0x2e CMakeFiles/JUSTOS.elf.dir/Drivers/STM32F4xx_HAL_Driver/Src/stm32f4xx_ll_usb.c.obj
                0x080061ce                USB_WritePacket
 .text.USB_EPStartXfer
                0x080061fc      0x250 CMakeFiles/JUSTOS.elf.dir/Drivers/STM32F4xx_HAL_Driver/Src/stm32f4xx_ll_usb.c.obj
                0x080061fc                USB_EPStartXfer
 .text.USB_ReadPacket
                0x0800644c       0x46 CMakeFiles/JUSTOS.elf.dir/Drivers/STM32F4xx_HAL_Driver/Src/stm32f4xx_ll_usb.c.obj
                0x0800644c                USB_ReadPacket
 .text.USB_EPSetStall
                0x08006492       0x5a CMakeFiles/JUSTOS.elf.dir/Drivers/STM32F4xx_HAL_Driver/Src/stm32f4xx_ll_usb.c.obj
                0x08006492                USB_EPSetStall
 .text.USB_EPClearStall
                0x080064ec       0x5c CMakeFiles/JUSTOS.elf.dir/Drivers/STM32F4xx_HAL_Driver/Src/stm32f4xx_ll_usb.c.obj
                0x080064ec                USB_EPClearStall
 .text.USB_SetDevAddress
                0x08006548       0x20 CMakeFiles/JUSTOS.elf.dir/Drivers/STM32F4xx_HAL_Driver/Src/stm32f4xx_ll_usb.c.obj
                0x08006548                USB_SetDevAddress
 .text.USB_DevConnect
                0x08006568       0x1c CMakeFiles/JUSTOS.elf.dir/Drivers/STM32F4xx_HAL_Driver/Src/stm32f4xx_ll_usb.c.obj
                0x08006568                USB_DevConnect
 .text.USB_DevDisconnect
                0x08006584       0x1c CMakeFiles/JUSTOS.elf.dir/Drivers/STM32F4xx_HAL_Driver/Src/stm32f4xx_ll_usb.c.obj
                0x08006584                USB_DevDisconnect
 .text.USB_ReadInterrupts
                0x080065a0        0x8 CMakeFiles/JUSTOS.elf.dir/Drivers/STM32F4xx_HAL_Driver/Src/stm32f4xx_ll_usb.c.obj
                0x080065a0                USB_ReadInterrupts
 .text.USB_ReadDevAllOutEpInterrupt
                0x080065a8       0x10 CMakeFiles/JUSTOS.elf.dir/Drivers/STM32F4xx_HAL_Driver/Src/stm32f4xx_ll_usb.c.obj
                0x080065a8                USB_ReadDevAllOutEpInterrupt
 .text.USB_ReadDevAllInEpInterrupt
                0x080065b8       0x10 CMakeFiles/JUSTOS.elf.dir/Drivers/STM32F4xx_HAL_Driver/Src/stm32f4xx_ll_usb.c.obj
                0x080065b8                USB_ReadDevAllInEpInterrupt
 .text.USB_ReadDevOutEPInterrupt
                0x080065c8       0x12 CMakeFiles/JUSTOS.elf.dir/Drivers/STM32F4xx_HAL_Driver/Src/stm32f4xx_ll_usb.c.obj
                0x080065c8                USB_ReadDevOutEPInterrupt
 .text.USB_ReadDevInEPInterrupt
                0x080065da       0x24 CMakeFiles/JUSTOS.elf.dir/Drivers/STM32F4xx_HAL_Driver/Src/stm32f4xx_ll_usb.c.obj
                0x080065da                USB_ReadDevInEPInterrupt
 .text.USB_GetMode
                0x080065fe        0x8 CMakeFiles/JUSTOS.elf.dir/Drivers/STM32F4xx_HAL_Driver/Src/stm32f4xx_ll_usb.c.obj
                0x080065fe                USB_GetMode
 .text.USB_SetCurrentMode
                0x08006606       0x62 CMakeFiles/JUSTOS.elf.dir/Drivers/STM32F4xx_HAL_Driver/Src/stm32f4xx_ll_usb.c.obj
                0x08006606                USB_SetCurrentMode
 .text.USB_ActivateSetup
                0x08006668       0x20 CMakeFiles/JUSTOS.elf.dir/Drivers/STM32F4xx_HAL_Driver/Src/stm32f4xx_ll_usb.c.obj
                0x08006668                USB_ActivateSetup
 .text.USB_EP0_OutStart
                0x08006688       0x60 CMakeFiles/JUSTOS.elf.dir/Drivers/STM32F4xx_HAL_Driver/Src/stm32f4xx_ll_usb.c.obj
                0x08006688                USB_EP0_OutStart
 .text.USBD_CDC_EP0_RxReady
                0x080066e8       0x40 CMakeFiles/JUSTOS.elf.dir/Middlewares/ST/STM32_USB_Device_Library/Class/CDC/Src/usbd_cdc.c.obj
 .text.USBD_CDC_GetDeviceQualifierDescriptor
                0x08006728        0xc CMakeFiles/JUSTOS.elf.dir/Middlewares/ST/STM32_USB_Device_Library/Class/CDC/Src/usbd_cdc.c.obj
                0x08006728                USBD_CDC_GetDeviceQualifierDescriptor
 .text.USBD_CDC_GetOtherSpeedCfgDesc
                0x08006734       0x48 CMakeFiles/JUSTOS.elf.dir/Middlewares/ST/STM32_USB_Device_Library/Class/CDC/Src/usbd_cdc.c.obj
 .text.USBD_CDC_GetFSCfgDesc
                0x0800677c       0x48 CMakeFiles/JUSTOS.elf.dir/Middlewares/ST/STM32_USB_Device_Library/Class/CDC/Src/usbd_cdc.c.obj
 .text.USBD_CDC_GetHSCfgDesc
                0x080067c4       0x48 CMakeFiles/JUSTOS.elf.dir/Middlewares/ST/STM32_USB_Device_Library/Class/CDC/Src/usbd_cdc.c.obj
 .text.USBD_CDC_DataOut
                0x0800680c       0x38 CMakeFiles/JUSTOS.elf.dir/Middlewares/ST/STM32_USB_Device_Library/Class/CDC/Src/usbd_cdc.c.obj
 .text.USBD_CDC_DataIn
                0x08006844       0x7c CMakeFiles/JUSTOS.elf.dir/Middlewares/ST/STM32_USB_Device_Library/Class/CDC/Src/usbd_cdc.c.obj
 .text.USBD_CDC_Setup
                0x080068c0      0x11a CMakeFiles/JUSTOS.elf.dir/Middlewares/ST/STM32_USB_Device_Library/Class/CDC/Src/usbd_cdc.c.obj
 .text.USBD_CDC_DeInit
                0x080069da       0x64 CMakeFiles/JUSTOS.elf.dir/Middlewares/ST/STM32_USB_Device_Library/Class/CDC/Src/usbd_cdc.c.obj
 .text.USBD_CDC_Init
                0x08006a3e       0xee CMakeFiles/JUSTOS.elf.dir/Middlewares/ST/STM32_USB_Device_Library/Class/CDC/Src/usbd_cdc.c.obj
 .text.USBD_CDC_RegisterInterface
                0x08006b2c       0x16 CMakeFiles/JUSTOS.elf.dir/Middlewares/ST/STM32_USB_Device_Library/Class/CDC/Src/usbd_cdc.c.obj
                0x08006b2c                USBD_CDC_RegisterInterface
 .text.USBD_CDC_SetTxBuffer
                0x08006b42       0x1c CMakeFiles/JUSTOS.elf.dir/Middlewares/ST/STM32_USB_Device_Library/Class/CDC/Src/usbd_cdc.c.obj
                0x08006b42                USBD_CDC_SetTxBuffer
 .text.USBD_CDC_SetRxBuffer
                0x08006b5e       0x18 CMakeFiles/JUSTOS.elf.dir/Middlewares/ST/STM32_USB_Device_Library/Class/CDC/Src/usbd_cdc.c.obj
                0x08006b5e                USBD_CDC_SetRxBuffer
 .text.USBD_CDC_TransmitPacket
                0x08006b76       0x36 CMakeFiles/JUSTOS.elf.dir/Middlewares/ST/STM32_USB_Device_Library/Class/CDC/Src/usbd_cdc.c.obj
                0x08006b76                USBD_CDC_TransmitPacket
 .text.USBD_CDC_ReceivePacket
                0x08006bac       0x38 CMakeFiles/JUSTOS.elf.dir/Middlewares/ST/STM32_USB_Device_Library/Class/CDC/Src/usbd_cdc.c.obj
                0x08006bac                USBD_CDC_ReceivePacket
 .text.USBD_Init
                0x08006be4       0x2e CMakeFiles/JUSTOS.elf.dir/Middlewares/ST/STM32_USB_Device_Library/Core/Src/usbd_core.c.obj
                0x08006be4                USBD_Init
 .text.USBD_RegisterClass
                0x08006c12       0x34 CMakeFiles/JUSTOS.elf.dir/Middlewares/ST/STM32_USB_Device_Library/Core/Src/usbd_core.c.obj
                0x08006c12                USBD_RegisterClass
 .text.USBD_Start
                0x08006c46        0x8 CMakeFiles/JUSTOS.elf.dir/Middlewares/ST/STM32_USB_Device_Library/Core/Src/usbd_core.c.obj
                0x08006c46                USBD_Start
 .text.USBD_SetClassConfig
                0x08006c4e       0x12 CMakeFiles/JUSTOS.elf.dir/Middlewares/ST/STM32_USB_Device_Library/Core/Src/usbd_core.c.obj
                0x08006c4e                USBD_SetClassConfig
 .text.USBD_ClrClassConfig
                0x08006c60       0x12 CMakeFiles/JUSTOS.elf.dir/Middlewares/ST/STM32_USB_Device_Library/Core/Src/usbd_core.c.obj
                0x08006c60                USBD_ClrClassConfig
 .text.USBD_LL_SetupStage
                0x08006c72       0x58 CMakeFiles/JUSTOS.elf.dir/Middlewares/ST/STM32_USB_Device_Library/Core/Src/usbd_core.c.obj
                0x08006c72                USBD_LL_SetupStage
 .text.USBD_LL_Reset
                0x08006cca       0x66 CMakeFiles/JUSTOS.elf.dir/Middlewares/ST/STM32_USB_Device_Library/Core/Src/usbd_core.c.obj
                0x08006cca                USBD_LL_Reset
 .text.USBD_LL_SetSpeed
                0x08006d30        0x6 CMakeFiles/JUSTOS.elf.dir/Middlewares/ST/STM32_USB_Device_Library/Core/Src/usbd_core.c.obj
                0x08006d30                USBD_LL_SetSpeed
 .text.USBD_LL_Suspend
                0x08006d36       0x1e CMakeFiles/JUSTOS.elf.dir/Middlewares/ST/STM32_USB_Device_Library/Core/Src/usbd_core.c.obj
                0x08006d36                USBD_LL_Suspend
 .text.USBD_LL_Resume
                0x08006d54       0x1a CMakeFiles/JUSTOS.elf.dir/Middlewares/ST/STM32_USB_Device_Library/Core/Src/usbd_core.c.obj
                0x08006d54                USBD_LL_Resume
 .text.USBD_LL_SOF
                0x08006d6e       0x22 CMakeFiles/JUSTOS.elf.dir/Middlewares/ST/STM32_USB_Device_Library/Core/Src/usbd_core.c.obj
                0x08006d6e                USBD_LL_SOF
 .text.USBD_LL_IsoINIncomplete
                0x08006d90       0x2e CMakeFiles/JUSTOS.elf.dir/Middlewares/ST/STM32_USB_Device_Library/Core/Src/usbd_core.c.obj
                0x08006d90                USBD_LL_IsoINIncomplete
 .text.USBD_LL_IsoOUTIncomplete
                0x08006dbe       0x2e CMakeFiles/JUSTOS.elf.dir/Middlewares/ST/STM32_USB_Device_Library/Core/Src/usbd_core.c.obj
                0x08006dbe                USBD_LL_IsoOUTIncomplete
 .text.USBD_LL_DevConnected
                0x08006dec        0x4 CMakeFiles/JUSTOS.elf.dir/Middlewares/ST/STM32_USB_Device_Library/Core/Src/usbd_core.c.obj
                0x08006dec                USBD_LL_DevConnected
 .text.USBD_LL_DevDisconnected
                0x08006df0       0x20 CMakeFiles/JUSTOS.elf.dir/Middlewares/ST/STM32_USB_Device_Library/Core/Src/usbd_core.c.obj
                0x08006df0                USBD_LL_DevDisconnected
 .text.USBD_CoreFindIF
                0x08006e10        0x4 CMakeFiles/JUSTOS.elf.dir/Middlewares/ST/STM32_USB_Device_Library/Core/Src/usbd_core.c.obj
                0x08006e10                USBD_CoreFindIF
 .text.USBD_CoreFindEP
                0x08006e14        0x4 CMakeFiles/JUSTOS.elf.dir/Middlewares/ST/STM32_USB_Device_Library/Core/Src/usbd_core.c.obj
                0x08006e14                USBD_CoreFindEP
 .text.USBD_LL_DataOutStage
                0x08006e18       0xcc CMakeFiles/JUSTOS.elf.dir/Middlewares/ST/STM32_USB_Device_Library/Core/Src/usbd_core.c.obj
                0x08006e18                USBD_LL_DataOutStage
 .text.USBD_LL_DataInStage
                0x08006ee4       0xd8 CMakeFiles/JUSTOS.elf.dir/Middlewares/ST/STM32_USB_Device_Library/Core/Src/usbd_core.c.obj
                0x08006ee4                USBD_LL_DataInStage
 .text.USBD_GetNextDesc
                0x08006fbc        0xe CMakeFiles/JUSTOS.elf.dir/Middlewares/ST/STM32_USB_Device_Library/Core/Src/usbd_core.c.obj
                0x08006fbc                USBD_GetNextDesc
 .text.USBD_GetEpDesc
                0x08006fca       0x3e CMakeFiles/JUSTOS.elf.dir/Middlewares/ST/STM32_USB_Device_Library/Core/Src/usbd_core.c.obj
                0x08006fca                USBD_GetEpDesc
 .text.USBD_GetLen
                0x08007008       0x14 CMakeFiles/JUSTOS.elf.dir/Middlewares/ST/STM32_USB_Device_Library/Core/Src/usbd_ctlreq.c.obj
 .text.USBD_ParseSetupRequest
                0x0800701c       0x28 CMakeFiles/JUSTOS.elf.dir/Middlewares/ST/STM32_USB_Device_Library/Core/Src/usbd_ctlreq.c.obj
                0x0800701c                USBD_ParseSetupRequest
 .text.USBD_CtlError
                0x08007044       0x14 CMakeFiles/JUSTOS.elf.dir/Middlewares/ST/STM32_USB_Device_Library/Core/Src/usbd_ctlreq.c.obj
                0x08007044                USBD_CtlError
 .text.USBD_GetDescriptor
                0x08007058      0x1ac CMakeFiles/JUSTOS.elf.dir/Middlewares/ST/STM32_USB_Device_Library/Core/Src/usbd_ctlreq.c.obj
 .text.USBD_SetAddress
                0x08007204       0x50 CMakeFiles/JUSTOS.elf.dir/Middlewares/ST/STM32_USB_Device_Library/Core/Src/usbd_ctlreq.c.obj
 .text.USBD_SetConfig
                0x08007254       0xcc CMakeFiles/JUSTOS.elf.dir/Middlewares/ST/STM32_USB_Device_Library/Core/Src/usbd_ctlreq.c.obj
 .text.USBD_GetConfig
                0x08007320       0x40 CMakeFiles/JUSTOS.elf.dir/Middlewares/ST/STM32_USB_Device_Library/Core/Src/usbd_ctlreq.c.obj
 .text.USBD_GetStatus
                0x08007360       0x38 CMakeFiles/JUSTOS.elf.dir/Middlewares/ST/STM32_USB_Device_Library/Core/Src/usbd_ctlreq.c.obj
 .text.USBD_SetFeature
                0x08007398       0x2a CMakeFiles/JUSTOS.elf.dir/Middlewares/ST/STM32_USB_Device_Library/Core/Src/usbd_ctlreq.c.obj
 .text.USBD_ClrFeature
                0x080073c2       0x26 CMakeFiles/JUSTOS.elf.dir/Middlewares/ST/STM32_USB_Device_Library/Core/Src/usbd_ctlreq.c.obj
 .text.USBD_StdDevReq
                0x080073e8       0x76 CMakeFiles/JUSTOS.elf.dir/Middlewares/ST/STM32_USB_Device_Library/Core/Src/usbd_ctlreq.c.obj
                0x080073e8                USBD_StdDevReq
 .text.USBD_StdItfReq
                0x0800745e       0x84 CMakeFiles/JUSTOS.elf.dir/Middlewares/ST/STM32_USB_Device_Library/Core/Src/usbd_ctlreq.c.obj
                0x0800745e                USBD_StdItfReq
 .text.USBD_StdEPReq
                0x080074e2      0x232 CMakeFiles/JUSTOS.elf.dir/Middlewares/ST/STM32_USB_Device_Library/Core/Src/usbd_ctlreq.c.obj
                0x080074e2                USBD_StdEPReq
 .text.USBD_GetString
                0x08007714       0x46 CMakeFiles/JUSTOS.elf.dir/Middlewares/ST/STM32_USB_Device_Library/Core/Src/usbd_ctlreq.c.obj
                0x08007714                USBD_GetString
 .text.USBD_CtlSendData
                0x0800775a       0x1c CMakeFiles/JUSTOS.elf.dir/Middlewares/ST/STM32_USB_Device_Library/Core/Src/usbd_ioreq.c.obj
                0x0800775a                USBD_CtlSendData
 .text.USBD_CtlContinueSendData
                0x08007776       0x10 CMakeFiles/JUSTOS.elf.dir/Middlewares/ST/STM32_USB_Device_Library/Core/Src/usbd_ioreq.c.obj
                0x08007776                USBD_CtlContinueSendData
 .text.USBD_CtlPrepareRx
                0x08007786       0x22 CMakeFiles/JUSTOS.elf.dir/Middlewares/ST/STM32_USB_Device_Library/Core/Src/usbd_ioreq.c.obj
                0x08007786                USBD_CtlPrepareRx
 .text.USBD_CtlContinueRx
                0x080077a8       0x10 CMakeFiles/JUSTOS.elf.dir/Middlewares/ST/STM32_USB_Device_Library/Core/Src/usbd_ioreq.c.obj
                0x080077a8                USBD_CtlContinueRx
 .text.USBD_CtlSendStatus
                0x080077b8       0x16 CMakeFiles/JUSTOS.elf.dir/Middlewares/ST/STM32_USB_Device_Library/Core/Src/usbd_ioreq.c.obj
                0x080077b8                USBD_CtlSendStatus
 .text.USBD_CtlReceiveStatus
                0x080077ce       0x16 CMakeFiles/JUSTOS.elf.dir/Middlewares/ST/STM32_USB_Device_Library/Core/Src/usbd_ioreq.c.obj
                0x080077ce                USBD_CtlReceiveStatus
 .text.makeFreeRtosPriority
                0x080077e4        0xc CMakeFiles/JUSTOS.elf.dir/Middlewares/Third_Party/FreeRTOS/Source/CMSIS_RTOS/cmsis_os.c.obj
 .text.inHandlerMode
                0x080077f0        0xc CMakeFiles/JUSTOS.elf.dir/Middlewares/Third_Party/FreeRTOS/Source/CMSIS_RTOS/cmsis_os.c.obj
 .text.osKernelStart
                0x080077fc        0xa CMakeFiles/JUSTOS.elf.dir/Middlewares/Third_Party/FreeRTOS/Source/CMSIS_RTOS/cmsis_os.c.obj
                0x080077fc                osKernelStart
 .text.osKernelSysTick
                0x08007806       0x14 CMakeFiles/JUSTOS.elf.dir/Middlewares/Third_Party/FreeRTOS/Source/CMSIS_RTOS/cmsis_os.c.obj
                0x08007806                osKernelSysTick
 .text.osThreadCreate
                0x0800781a       0x66 CMakeFiles/JUSTOS.elf.dir/Middlewares/Third_Party/FreeRTOS/Source/CMSIS_RTOS/cmsis_os.c.obj
                0x0800781a                osThreadCreate
 .text.osDelay  0x08007880        0xe CMakeFiles/JUSTOS.elf.dir/Middlewares/Third_Party/FreeRTOS/Source/CMSIS_RTOS/cmsis_os.c.obj
                0x08007880                osDelay
 .text.osMutexCreate
                0x0800788e       0x16 CMakeFiles/JUSTOS.elf.dir/Middlewares/Third_Party/FreeRTOS/Source/CMSIS_RTOS/cmsis_os.c.obj
                0x0800788e                osMutexCreate
 .text.osMutexWait
                0x080078a4       0x60 CMakeFiles/JUSTOS.elf.dir/Middlewares/Third_Party/FreeRTOS/Source/CMSIS_RTOS/cmsis_os.c.obj
                0x080078a4                osMutexWait
 .text.osMutexRelease
                0x08007904       0x5a CMakeFiles/JUSTOS.elf.dir/Middlewares/Third_Party/FreeRTOS/Source/CMSIS_RTOS/cmsis_os.c.obj
                0x08007904                osMutexRelease
 .text.osSemaphoreWait
                0x0800795e       0x5e CMakeFiles/JUSTOS.elf.dir/Middlewares/Third_Party/FreeRTOS/Source/CMSIS_RTOS/cmsis_os.c.obj
                0x0800795e                osSemaphoreWait
 .text.osSemaphoreRelease
                0x080079bc       0x5a CMakeFiles/JUSTOS.elf.dir/Middlewares/Third_Party/FreeRTOS/Source/CMSIS_RTOS/cmsis_os.c.obj
                0x080079bc                osSemaphoreRelease
 .text.osThreadSuspend
                0x08007a16        0xa CMakeFiles/JUSTOS.elf.dir/Middlewares/Third_Party/FreeRTOS/Source/CMSIS_RTOS/cmsis_os.c.obj
                0x08007a16                osThreadSuspend
 .text.vListInitialise
                0x08007a20       0x16 CMakeFiles/JUSTOS.elf.dir/Middlewares/Third_Party/FreeRTOS/Source/list.c.obj
                0x08007a20                vListInitialise
 .text.vListInitialiseItem
                0x08007a36        0x6 CMakeFiles/JUSTOS.elf.dir/Middlewares/Third_Party/FreeRTOS/Source/list.c.obj
                0x08007a36                vListInitialiseItem
 .text.vListInsertEnd
                0x08007a3c       0x16 CMakeFiles/JUSTOS.elf.dir/Middlewares/Third_Party/FreeRTOS/Source/list.c.obj
                0x08007a3c                vListInsertEnd
 .text.vListInsert
                0x08007a52       0x32 CMakeFiles/JUSTOS.elf.dir/Middlewares/Third_Party/FreeRTOS/Source/list.c.obj
                0x08007a52                vListInsert
 .text.uxListRemove
                0x08007a84       0x26 CMakeFiles/JUSTOS.elf.dir/Middlewares/Third_Party/FreeRTOS/Source/list.c.obj
                0x08007a84                uxListRemove
 *fill*         0x08007aaa        0x2 
 .text.prvTaskExitError
                0x08007aac       0x40 CMakeFiles/JUSTOS.elf.dir/Middlewares/Third_Party/FreeRTOS/Source/portable/GCC/ARM_CM4F/port.c.obj
 .text.prvPortStartFirstTask
                0x08007aec       0x28 CMakeFiles/JUSTOS.elf.dir/Middlewares/Third_Party/FreeRTOS/Source/portable/GCC/ARM_CM4F/port.c.obj
 .text.vPortEnableVFP
                0x08007b14       0x14 CMakeFiles/JUSTOS.elf.dir/Middlewares/Third_Party/FreeRTOS/Source/portable/GCC/ARM_CM4F/port.c.obj
 .text.pxPortInitialiseStack
                0x08007b28       0x2c CMakeFiles/JUSTOS.elf.dir/Middlewares/Third_Party/FreeRTOS/Source/portable/GCC/ARM_CM4F/port.c.obj
                0x08007b28                pxPortInitialiseStack
 *fill*         0x08007b54        0xc 
 .text.SVC_Handler
                0x08007b60       0x24 CMakeFiles/JUSTOS.elf.dir/Middlewares/Third_Party/FreeRTOS/Source/portable/GCC/ARM_CM4F/port.c.obj
                0x08007b60                SVC_Handler
 .text.vPortEnterCritical
                0x08007b84       0x44 CMakeFiles/JUSTOS.elf.dir/Middlewares/Third_Party/FreeRTOS/Source/portable/GCC/ARM_CM4F/port.c.obj
                0x08007b84                vPortEnterCritical
 .text.vPortExitCritical
                0x08007bc8       0x2c CMakeFiles/JUSTOS.elf.dir/Middlewares/Third_Party/FreeRTOS/Source/portable/GCC/ARM_CM4F/port.c.obj
                0x08007bc8                vPortExitCritical
 *fill*         0x08007bf4        0xc 
 .text.PendSV_Handler
                0x08007c00       0x64 CMakeFiles/JUSTOS.elf.dir/Middlewares/Third_Party/FreeRTOS/Source/portable/GCC/ARM_CM4F/port.c.obj
                0x08007c00                PendSV_Handler
 .text.SysTick_Handler
                0x08007c64       0x2c CMakeFiles/JUSTOS.elf.dir/Middlewares/Third_Party/FreeRTOS/Source/portable/GCC/ARM_CM4F/port.c.obj
                0x08007c64                SysTick_Handler
 .text.vPortSetupTimerInterrupt
                0x08007c90       0x28 CMakeFiles/JUSTOS.elf.dir/Middlewares/Third_Party/FreeRTOS/Source/portable/GCC/ARM_CM4F/port.c.obj
                0x08007c90                vPortSetupTimerInterrupt
 .text.xPortStartScheduler
                0x08007cb8      0x118 CMakeFiles/JUSTOS.elf.dir/Middlewares/Third_Party/FreeRTOS/Source/portable/GCC/ARM_CM4F/port.c.obj
                0x08007cb8                xPortStartScheduler
 .text.vPortValidateInterruptPriority
                0x08007dd0       0x5c CMakeFiles/JUSTOS.elf.dir/Middlewares/Third_Party/FreeRTOS/Source/portable/GCC/ARM_CM4F/port.c.obj
                0x08007dd0                vPortValidateInterruptPriority
 .text.prvHeapInit
                0x08007e2c       0x64 CMakeFiles/JUSTOS.elf.dir/Middlewares/Third_Party/FreeRTOS/Source/portable/MemMang/heap_4.c.obj
 .text.prvInsertBlockIntoFreeList
                0x08007e90       0x64 CMakeFiles/JUSTOS.elf.dir/Middlewares/Third_Party/FreeRTOS/Source/portable/MemMang/heap_4.c.obj
 .text.pvPortMalloc
                0x08007ef4      0x104 CMakeFiles/JUSTOS.elf.dir/Middlewares/Third_Party/FreeRTOS/Source/portable/MemMang/heap_4.c.obj
                0x08007ef4                pvPortMalloc
 .text.vPortFree
                0x08007ff8       0x7c CMakeFiles/JUSTOS.elf.dir/Middlewares/Third_Party/FreeRTOS/Source/portable/MemMang/heap_4.c.obj
                0x08007ff8                vPortFree
 .text.xPortGetFreeHeapSize
                0x08008074        0xc CMakeFiles/JUSTOS.elf.dir/Middlewares/Third_Party/FreeRTOS/Source/portable/MemMang/heap_4.c.obj
                0x08008074                xPortGetFreeHeapSize
 .text.prvGetDisinheritPriorityAfterTimeout
                0x08008080       0x10 CMakeFiles/JUSTOS.elf.dir/Middlewares/Third_Party/FreeRTOS/Source/queue.c.obj
 .text.prvIsQueueFull
                0x08008090       0x1e CMakeFiles/JUSTOS.elf.dir/Middlewares/Third_Party/FreeRTOS/Source/queue.c.obj
 .text.prvIsQueueEmpty
                0x080080ae       0x1a CMakeFiles/JUSTOS.elf.dir/Middlewares/Third_Party/FreeRTOS/Source/queue.c.obj
 .text.prvCopyDataToQueue
                0x080080c8       0x76 CMakeFiles/JUSTOS.elf.dir/Middlewares/Third_Party/FreeRTOS/Source/queue.c.obj
 .text.prvCopyDataFromQueue
                0x0800813e       0x24 CMakeFiles/JUSTOS.elf.dir/Middlewares/Third_Party/FreeRTOS/Source/queue.c.obj
 .text.prvUnlockQueue
                0x08008162       0x6e CMakeFiles/JUSTOS.elf.dir/Middlewares/Third_Party/FreeRTOS/Source/queue.c.obj
 .text.xQueueGenericReset
                0x080081d0       0x84 CMakeFiles/JUSTOS.elf.dir/Middlewares/Third_Party/FreeRTOS/Source/queue.c.obj
                0x080081d0                xQueueGenericReset
 .text.prvInitialiseNewQueue
                0x08008254       0x1c CMakeFiles/JUSTOS.elf.dir/Middlewares/Third_Party/FreeRTOS/Source/queue.c.obj
 .text.xQueueGenericCreateStatic
                0x08008270       0x94 CMakeFiles/JUSTOS.elf.dir/Middlewares/Third_Party/FreeRTOS/Source/queue.c.obj
                0x08008270                xQueueGenericCreateStatic
 .text.xQueueGenericCreate
                0x08008304       0x48 CMakeFiles/JUSTOS.elf.dir/Middlewares/Third_Party/FreeRTOS/Source/queue.c.obj
                0x08008304                xQueueGenericCreate
 .text.xQueueGenericSend
                0x0800834c      0x188 CMakeFiles/JUSTOS.elf.dir/Middlewares/Third_Party/FreeRTOS/Source/queue.c.obj
                0x0800834c                xQueueGenericSend
 .text.prvInitialiseMutex
                0x080084d4       0x18 CMakeFiles/JUSTOS.elf.dir/Middlewares/Third_Party/FreeRTOS/Source/queue.c.obj
 .text.xQueueCreateMutex
                0x080084ec       0x16 CMakeFiles/JUSTOS.elf.dir/Middlewares/Third_Party/FreeRTOS/Source/queue.c.obj
                0x080084ec                xQueueCreateMutex
 .text.xQueueCreateMutexStatic
                0x08008502       0x1e CMakeFiles/JUSTOS.elf.dir/Middlewares/Third_Party/FreeRTOS/Source/queue.c.obj
                0x08008502                xQueueCreateMutexStatic
 .text.xQueueGiveFromISR
                0x08008520       0xb2 CMakeFiles/JUSTOS.elf.dir/Middlewares/Third_Party/FreeRTOS/Source/queue.c.obj
                0x08008520                xQueueGiveFromISR
 .text.xQueueSemaphoreTake
                0x080085d2      0x1a6 CMakeFiles/JUSTOS.elf.dir/Middlewares/Third_Party/FreeRTOS/Source/queue.c.obj
                0x080085d2                xQueueSemaphoreTake
 .text.xQueueReceiveFromISR
                0x08008778       0xae CMakeFiles/JUSTOS.elf.dir/Middlewares/Third_Party/FreeRTOS/Source/queue.c.obj
                0x08008778                xQueueReceiveFromISR
 *fill*         0x08008826        0x2 
 .text.prvResetNextTaskUnblockTime
                0x08008828       0x2c CMakeFiles/JUSTOS.elf.dir/Middlewares/Third_Party/FreeRTOS/Source/tasks.c.obj
 .text.prvInitialiseNewTask
                0x08008854       0xfc CMakeFiles/JUSTOS.elf.dir/Middlewares/Third_Party/FreeRTOS/Source/tasks.c.obj
 .text.prvInitialiseTaskLists
                0x08008950       0x68 CMakeFiles/JUSTOS.elf.dir/Middlewares/Third_Party/FreeRTOS/Source/tasks.c.obj
 .text.prvAddNewTaskToReadyList
                0x080089b8       0xa8 CMakeFiles/JUSTOS.elf.dir/Middlewares/Third_Party/FreeRTOS/Source/tasks.c.obj
 .text.prvDeleteTCB
                0x08008a60       0x40 CMakeFiles/JUSTOS.elf.dir/Middlewares/Third_Party/FreeRTOS/Source/tasks.c.obj
 .text.prvCheckTasksWaitingTermination
                0x08008aa0       0x4c CMakeFiles/JUSTOS.elf.dir/Middlewares/Third_Party/FreeRTOS/Source/tasks.c.obj
 .text.prvIdleTask
                0x08008aec       0x28 CMakeFiles/JUSTOS.elf.dir/Middlewares/Third_Party/FreeRTOS/Source/tasks.c.obj
 .text.prvAddCurrentTaskToDelayedList
                0x08008b14       0x98 CMakeFiles/JUSTOS.elf.dir/Middlewares/Third_Party/FreeRTOS/Source/tasks.c.obj
 .text.xTaskCreateStatic
                0x08008bac       0x7a CMakeFiles/JUSTOS.elf.dir/Middlewares/Third_Party/FreeRTOS/Source/tasks.c.obj
                0x08008bac                xTaskCreateStatic
 .text.xTaskCreate
                0x08008c26       0x66 CMakeFiles/JUSTOS.elf.dir/Middlewares/Third_Party/FreeRTOS/Source/tasks.c.obj
                0x08008c26                xTaskCreate
 .text.vTaskStartScheduler
                0x08008c8c       0x84 CMakeFiles/JUSTOS.elf.dir/Middlewares/Third_Party/FreeRTOS/Source/tasks.c.obj
                0x08008c8c                vTaskStartScheduler
 .text.vTaskSuspendAll
                0x08008d10       0x10 CMakeFiles/JUSTOS.elf.dir/Middlewares/Third_Party/FreeRTOS/Source/tasks.c.obj
                0x08008d10                vTaskSuspendAll
 .text.xTaskGetTickCount
                0x08008d20        0xc CMakeFiles/JUSTOS.elf.dir/Middlewares/Third_Party/FreeRTOS/Source/tasks.c.obj
                0x08008d20                xTaskGetTickCount
 .text.xTaskGetTickCountFromISR
                0x08008d2c       0x10 CMakeFiles/JUSTOS.elf.dir/Middlewares/Third_Party/FreeRTOS/Source/tasks.c.obj
                0x08008d2c                xTaskGetTickCountFromISR
 .text.pcTaskGetName
                0x08008d3c       0x28 CMakeFiles/JUSTOS.elf.dir/Middlewares/Third_Party/FreeRTOS/Source/tasks.c.obj
                0x08008d3c                pcTaskGetName
 .text.xTaskIncrementTick
                0x08008d64      0x118 CMakeFiles/JUSTOS.elf.dir/Middlewares/Third_Party/FreeRTOS/Source/tasks.c.obj
                0x08008d64                xTaskIncrementTick
 .text.xTaskResumeAll
                0x08008e7c       0xf8 CMakeFiles/JUSTOS.elf.dir/Middlewares/Third_Party/FreeRTOS/Source/tasks.c.obj
                0x08008e7c                xTaskResumeAll
 .text.vTaskDelay
                0x08008f74       0x4c CMakeFiles/JUSTOS.elf.dir/Middlewares/Third_Party/FreeRTOS/Source/tasks.c.obj
                0x08008f74                vTaskDelay
 .text.vTaskSwitchContext
                0x08008fc0       0xa4 CMakeFiles/JUSTOS.elf.dir/Middlewares/Third_Party/FreeRTOS/Source/tasks.c.obj
                0x08008fc0                vTaskSwitchContext
 .text.vTaskSuspend
                0x08009064       0xec CMakeFiles/JUSTOS.elf.dir/Middlewares/Third_Party/FreeRTOS/Source/tasks.c.obj
                0x08009064                vTaskSuspend
 .text.vTaskPlaceOnEventList
                0x08009150       0x30 CMakeFiles/JUSTOS.elf.dir/Middlewares/Third_Party/FreeRTOS/Source/tasks.c.obj
                0x08009150                vTaskPlaceOnEventList
 .text.xTaskRemoveFromEventList
                0x08009180       0x8c CMakeFiles/JUSTOS.elf.dir/Middlewares/Third_Party/FreeRTOS/Source/tasks.c.obj
                0x08009180                xTaskRemoveFromEventList
 .text.vTaskInternalSetTimeOutState
                0x0800920c       0x18 CMakeFiles/JUSTOS.elf.dir/Middlewares/Third_Party/FreeRTOS/Source/tasks.c.obj
                0x0800920c                vTaskInternalSetTimeOutState
 .text.xTaskCheckForTimeOut
                0x08009224       0x84 CMakeFiles/JUSTOS.elf.dir/Middlewares/Third_Party/FreeRTOS/Source/tasks.c.obj
                0x08009224                xTaskCheckForTimeOut
 .text.vTaskMissedYield
                0x080092a8        0xc CMakeFiles/JUSTOS.elf.dir/Middlewares/Third_Party/FreeRTOS/Source/tasks.c.obj
                0x080092a8                vTaskMissedYield
 .text.xTaskGetCurrentTaskHandle
                0x080092b4        0xc CMakeFiles/JUSTOS.elf.dir/Middlewares/Third_Party/FreeRTOS/Source/tasks.c.obj
                0x080092b4                xTaskGetCurrentTaskHandle
 .text.xTaskGetSchedulerState
                0x080092c0       0x20 CMakeFiles/JUSTOS.elf.dir/Middlewares/Third_Party/FreeRTOS/Source/tasks.c.obj
                0x080092c0                xTaskGetSchedulerState
 .text.xTaskPriorityInherit
                0x080092e0       0xac CMakeFiles/JUSTOS.elf.dir/Middlewares/Third_Party/FreeRTOS/Source/tasks.c.obj
                0x080092e0                xTaskPriorityInherit
 .text.xTaskPriorityDisinherit
                0x0800938c       0xb0 CMakeFiles/JUSTOS.elf.dir/Middlewares/Third_Party/FreeRTOS/Source/tasks.c.obj
                0x0800938c                xTaskPriorityDisinherit
 .text.vTaskPriorityDisinheritAfterTimeout
                0x0800943c       0xb4 CMakeFiles/JUSTOS.elf.dir/Middlewares/Third_Party/FreeRTOS/Source/tasks.c.obj
                0x0800943c                vTaskPriorityDisinheritAfterTimeout
 .text.pvTaskIncrementMutexHeldCount
                0x080094f0       0x1c CMakeFiles/JUSTOS.elf.dir/Middlewares/Third_Party/FreeRTOS/Source/tasks.c.obj
                0x080094f0                pvTaskIncrementMutexHeldCount
 .text.MX_USB_DEVICE_Init
                0x0800950c       0x54 CMakeFiles/JUSTOS.elf.dir/USB_DEVICE/App/usb_device.c.obj
                0x0800950c                MX_USB_DEVICE_Init
 .text.CDC_DeInit_FS
                0x08009560        0x4 CMakeFiles/JUSTOS.elf.dir/USB_DEVICE/App/usbd_cdc_if.c.obj
 .text.CDC_Control_FS
                0x08009564        0x4 CMakeFiles/JUSTOS.elf.dir/USB_DEVICE/App/usbd_cdc_if.c.obj
 .text.CDC_TransmitCplt_FS
                0x08009568        0x4 CMakeFiles/JUSTOS.elf.dir/USB_DEVICE/App/usbd_cdc_if.c.obj
 .text.CDC_Receive_FS
                0x0800956c       0x28 CMakeFiles/JUSTOS.elf.dir/USB_DEVICE/App/usbd_cdc_if.c.obj
 .text.CDC_Init_FS
                0x08009594       0x28 CMakeFiles/JUSTOS.elf.dir/USB_DEVICE/App/usbd_cdc_if.c.obj
 .text.CDC_Transmit_FS
                0x080095bc       0x2c CMakeFiles/JUSTOS.elf.dir/USB_DEVICE/App/usbd_cdc_if.c.obj
                0x080095bc                CDC_Transmit_FS
 .text.USBD_FS_DeviceDescriptor
                0x080095e8        0xc CMakeFiles/JUSTOS.elf.dir/USB_DEVICE/App/usbd_desc.c.obj
                0x080095e8                USBD_FS_DeviceDescriptor
 .text.USBD_FS_LangIDStrDescriptor
                0x080095f4        0xc CMakeFiles/JUSTOS.elf.dir/USB_DEVICE/App/usbd_desc.c.obj
                0x080095f4                USBD_FS_LangIDStrDescriptor
 .text.USBD_FS_USR_BOSDescriptor
                0x08009600        0xc CMakeFiles/JUSTOS.elf.dir/USB_DEVICE/App/usbd_desc.c.obj
                0x08009600                USBD_FS_USR_BOSDescriptor
 .text.IntToUnicode
                0x0800960c       0x46 CMakeFiles/JUSTOS.elf.dir/USB_DEVICE/App/usbd_desc.c.obj
 *fill*         0x08009652        0x2 
 .text.Get_SerialNum
                0x08009654       0x38 CMakeFiles/JUSTOS.elf.dir/USB_DEVICE/App/usbd_desc.c.obj
 .text.USBD_FS_SerialStrDescriptor
                0x0800968c       0x14 CMakeFiles/JUSTOS.elf.dir/USB_DEVICE/App/usbd_desc.c.obj
                0x0800968c                USBD_FS_SerialStrDescriptor
 .text.USBD_FS_ProductStrDescriptor
                0x080096a0       0x24 CMakeFiles/JUSTOS.elf.dir/USB_DEVICE/App/usbd_desc.c.obj
                0x080096a0                USBD_FS_ProductStrDescriptor
 .text.USBD_FS_ManufacturerStrDescriptor
                0x080096c4       0x1c CMakeFiles/JUSTOS.elf.dir/USB_DEVICE/App/usbd_desc.c.obj
                0x080096c4                USBD_FS_ManufacturerStrDescriptor
 .text.USBD_FS_ConfigStrDescriptor
                0x080096e0       0x24 CMakeFiles/JUSTOS.elf.dir/USB_DEVICE/App/usbd_desc.c.obj
                0x080096e0                USBD_FS_ConfigStrDescriptor
 .text.USBD_FS_InterfaceStrDescriptor
                0x08009704       0x24 CMakeFiles/JUSTOS.elf.dir/USB_DEVICE/App/usbd_desc.c.obj
                0x08009704                USBD_FS_InterfaceStrDescriptor
 .text.HAL_PCD_MspInit
                0x08009728       0xa8 CMakeFiles/JUSTOS.elf.dir/USB_DEVICE/Target/usbd_conf.c.obj
                0x08009728                HAL_PCD_MspInit
 .text.HAL_PCD_SetupStageCallback
                0x080097d0       0x10 CMakeFiles/JUSTOS.elf.dir/USB_DEVICE/Target/usbd_conf.c.obj
                0x080097d0                HAL_PCD_SetupStageCallback
 .text.HAL_PCD_DataOutStageCallback
                0x080097e0       0x18 CMakeFiles/JUSTOS.elf.dir/USB_DEVICE/Target/usbd_conf.c.obj
                0x080097e0                HAL_PCD_DataOutStageCallback
 .text.HAL_PCD_DataInStageCallback
                0x080097f8       0x16 CMakeFiles/JUSTOS.elf.dir/USB_DEVICE/Target/usbd_conf.c.obj
                0x080097f8                HAL_PCD_DataInStageCallback
 .text.HAL_PCD_SOFCallback
                0x0800980e        0xc CMakeFiles/JUSTOS.elf.dir/USB_DEVICE/Target/usbd_conf.c.obj
                0x0800980e                HAL_PCD_SOFCallback
 .text.HAL_PCD_ResetCallback
                0x0800981a       0x28 CMakeFiles/JUSTOS.elf.dir/USB_DEVICE/Target/usbd_conf.c.obj
                0x0800981a                HAL_PCD_ResetCallback
 *fill*         0x08009842        0x2 
 .text.HAL_PCD_SuspendCallback
                0x08009844       0x30 CMakeFiles/JUSTOS.elf.dir/USB_DEVICE/Target/usbd_conf.c.obj
                0x08009844                HAL_PCD_SuspendCallback
 .text.HAL_PCD_ResumeCallback
                0x08009874        0xc CMakeFiles/JUSTOS.elf.dir/USB_DEVICE/Target/usbd_conf.c.obj
                0x08009874                HAL_PCD_ResumeCallback
 .text.HAL_PCD_ISOOUTIncompleteCallback
                0x08009880        0xc CMakeFiles/JUSTOS.elf.dir/USB_DEVICE/Target/usbd_conf.c.obj
                0x08009880                HAL_PCD_ISOOUTIncompleteCallback
 .text.HAL_PCD_ISOINIncompleteCallback
                0x0800988c        0xc CMakeFiles/JUSTOS.elf.dir/USB_DEVICE/Target/usbd_conf.c.obj
                0x0800988c                HAL_PCD_ISOINIncompleteCallback
 .text.HAL_PCD_ConnectCallback
                0x08009898        0xc CMakeFiles/JUSTOS.elf.dir/USB_DEVICE/Target/usbd_conf.c.obj
                0x08009898                HAL_PCD_ConnectCallback
 .text.HAL_PCD_DisconnectCallback
                0x080098a4        0xc CMakeFiles/JUSTOS.elf.dir/USB_DEVICE/Target/usbd_conf.c.obj
                0x080098a4                HAL_PCD_DisconnectCallback
 .text.USBD_LL_Init
                0x080098b0       0x68 CMakeFiles/JUSTOS.elf.dir/USB_DEVICE/Target/usbd_conf.c.obj
                0x080098b0                USBD_LL_Init
 .text.USBD_LL_IsStallEP
                0x08009918       0x2c CMakeFiles/JUSTOS.elf.dir/USB_DEVICE/Target/usbd_conf.c.obj
                0x08009918                USBD_LL_IsStallEP
 .text.USBD_LL_GetRxDataSize
                0x08009944        0xc CMakeFiles/JUSTOS.elf.dir/USB_DEVICE/Target/usbd_conf.c.obj
                0x08009944                USBD_LL_GetRxDataSize
 .text.HAL_PCDEx_LPM_Callback
                0x08009950       0x64 CMakeFiles/JUSTOS.elf.dir/USB_DEVICE/Target/usbd_conf.c.obj
                0x08009950                HAL_PCDEx_LPM_Callback
 .text.USBD_static_malloc
                0x080099b4        0x8 CMakeFiles/JUSTOS.elf.dir/USB_DEVICE/Target/usbd_conf.c.obj
                0x080099b4                USBD_static_malloc
 .text.USBD_static_free
                0x080099bc        0x2 CMakeFiles/JUSTOS.elf.dir/USB_DEVICE/Target/usbd_conf.c.obj
                0x080099bc                USBD_static_free
 .text.USBD_Get_USB_Status
                0x080099be       0x14 CMakeFiles/JUSTOS.elf.dir/USB_DEVICE/Target/usbd_conf.c.obj
                0x080099be                USBD_Get_USB_Status
 .text.USBD_LL_Start
                0x080099d2       0x10 CMakeFiles/JUSTOS.elf.dir/USB_DEVICE/Target/usbd_conf.c.obj
                0x080099d2                USBD_LL_Start
 .text.USBD_LL_OpenEP
                0x080099e2       0x16 CMakeFiles/JUSTOS.elf.dir/USB_DEVICE/Target/usbd_conf.c.obj
                0x080099e2                USBD_LL_OpenEP
 .text.USBD_LL_CloseEP
                0x080099f8       0x10 CMakeFiles/JUSTOS.elf.dir/USB_DEVICE/Target/usbd_conf.c.obj
                0x080099f8                USBD_LL_CloseEP
 .text.USBD_LL_StallEP
                0x08009a08       0x10 CMakeFiles/JUSTOS.elf.dir/USB_DEVICE/Target/usbd_conf.c.obj
                0x08009a08                USBD_LL_StallEP